┏━━━━━━━┳━━━━━━━━━┳━━━━━━━━━━┳━━━━━━━━━━━━━━━━━━━━━━━━━━━━━━━━━━━━━━━━━━━━━━━━━━━┳━━━━━━━━━━━━━┳━━━━━━━━┓
┃ P / R ┃ Partial ┃ Required ┃ Net                                               ┃ Pin         ┃ Layer  ┃
┡━━━━━━━╇━━━━━━━━━╇━━━━━━━━━━╇━━━━━━━━━━━━━━━━━━━━━━━━━━━━━━━━━━━━━━━━━━━━━━━━━━━╇━━━━━━━━━━━━━╇━━━━━━━━┩
│ 3.72  │ 1486.49 │ 400.00   │ net382                                            │ fanout377/A │ Metal4 │
│ 3.08  │ 1233.15 │ 400.00   │ k_idx[3\]                                         │ hold1352/A  │ Metal3 │
│ 2.90  │ 1158.37 │ 400.00   │ net439                                            │ fanout434/A │ Metal4 │
│ 2.57  │ 1027.30 │ 400.00   │ net424                                            │ fanout419/A │ Metal2 │
│ 2.56  │ 1023.31 │ 400.00   │ u_a_buffer.GEN_SRAM.GEN_A_ROWS[2\].sram_q_raw[1\] │ fanout613/A │ Metal4 │
│ 2.35  │ 940.56  │ 400.00   │ net528                                            │ fanout527/A │ Metal4 │
│ 2.28  │ 913.33  │ 400.00   │ _02044_                                           │ _11050_/A   │ Metal4 │
│ 2.18  │ 873.72  │ 400.00   │ u_b_buffer.GEN_SRAM.GEN_B_COLS[2\].sram_q_raw[3\] │ fanout415/A │ Metal4 │
│ 1.98  │ 790.81  │ 400.00   │ u_b_buffer.GEN_SRAM.GEN_B_COLS[1\].sram_q_raw[3\] │ fanout467/A │ Metal4 │
│ 1.98  │ 790.81  │ 400.00   │ u_b_buffer.GEN_SRAM.GEN_B_COLS[1\].sram_q_raw[5\] │ fanout455/A │ Metal4 │
│ 1.95  │ 780.16  │ 400.00   │ _02071_                                           │ _11078_/A   │ Metal2 │
│ 1.95  │ 778.43  │ 400.00   │ u_a_buffer.GEN_SRAM.GEN_A_ROWS[3\].sram_q_raw[5\] │ fanout549/A │ Metal4 │
│ 1.81  │ 722.21  │ 400.00   │ u_b_buffer.GEN_SRAM.GEN_B_COLS[3\].sram_q_raw[3\] │ fanout366/A │ Metal4 │
│ 1.81  │ 722.21  │ 400.00   │ u_b_buffer.GEN_SRAM.GEN_B_COLS[3\].sram_q_raw[3\] │ fanout369/A │ Metal4 │
│ 1.77  │ 708.60  │ 400.00   │ u_b_buffer.GEN_SRAM.GEN_B_COLS[3\].sram_q_raw[2\] │ fanout373/A │ Metal4 │
│ 1.77  │ 708.60  │ 400.00   │ u_b_buffer.GEN_SRAM.GEN_B_COLS[3\].sram_q_raw[2\] │ fanout376/A │ Metal4 │
│ 1.75  │ 701.71  │ 400.00   │ net399                                            │ fanout395/A │ Metal4 │
│ 1.75  │ 701.71  │ 400.00   │ net399                                            │ fanout396/A │ Metal4 │
│ 1.70  │ 681.90  │ 400.00   │ u_b_buffer.GEN_SRAM.GEN_B_COLS[1\].sram_q_raw[5\] │ fanout452/A │ Metal4 │
│ 1.62  │ 647.25  │ 400.00   │ u_a_buffer.GEN_SRAM.GEN_A_ROWS[2\].sram_q_raw[7\] │ fanout577/A │ Metal4 │
│ 1.62  │ 647.25  │ 400.00   │ u_a_buffer.GEN_SRAM.GEN_A_ROWS[2\].sram_q_raw[7\] │ fanout581/A │ Metal4 │
│ 1.50  │ 601.45  │ 400.00   │ u_b_buffer.GEN_SRAM.GEN_B_COLS[2\].sram_q_raw[6\] │ fanout399/A │ Metal4 │
│ 1.43  │ 573.00  │ 400.00   │ u_b_buffer.GEN_SRAM.GEN_B_COLS[2\].sram_q_raw[3\] │ fanout418/A │ Metal4 │
│ 1.42  │ 566.11  │ 400.00   │ net491                                            │ fanout486/A │ Metal4 │
│ 1.42  │ 566.11  │ 400.00   │ net491                                            │ fanout489/A │ Metal4 │
│ 1.40  │ 561.36  │ 400.00   │ net910                                            │ _10927_/B   │ Metal3 │
│ 1.37  │ 546.68  │ 400.00   │ u_b_buffer.GEN_SRAM.GEN_B_COLS[3\].sram_q_raw[7\] │ fanout347/A │ Metal3 │
│ 1.35  │ 540.41  │ 400.00   │ net500                                            │ _11848_/A   │ Metal3 │
│ 1.35  │ 540.41  │ 400.00   │ net500                                            │ _14314_/A   │ Metal3 │
│ 1.33  │ 532.16  │ 400.00   │ u_a_buffer.GEN_SRAM.GEN_A_ROWS[3\].sram_q_raw[0\] │ fanout574/A │ Metal4 │
│ 1.26  │ 504.93  │ 400.00   │ u_b_buffer.GEN_SRAM.GEN_B_COLS[2\].sram_q_raw[4\] │ fanout410/A │ Metal4 │
│ 1.26  │ 504.74  │ 400.00   │ k_idx[1\]                                         │ hold1354/A  │ Metal2 │
│ 1.23  │ 492.23  │ 400.00   │ k_idx[0\]                                         │ hold1353/A  │ Metal2 │
│ 1.20  │ 481.83  │ 400.00   │ net460                                            │ _19699_/A   │ Metal4 │
│ 1.20  │ 481.83  │ 400.00   │ net460                                            │ _19737_/B   │ Metal4 │
│ 1.20  │ 479.68  │ 400.00   │ _02018_                                           │ _11024_/B   │ Metal3 │
│ 1.20  │ 479.68  │ 400.00   │ u_b_buffer.GEN_SRAM.GEN_B_COLS[3\].sram_q_raw[6\] │ fanout352/A │ Metal3 │
│ 1.17  │ 467.86  │ 400.00   │ u_b_buffer.GEN_SRAM.GEN_B_COLS[3\].sram_q_raw[6\] │ fanout349/A │ Metal4 │
│ 1.17  │ 467.86  │ 400.00   │ u_b_buffer.GEN_SRAM.GEN_B_COLS[3\].sram_q_raw[6\] │ fanout350/A │ Metal4 │
│ 1.17  │ 467.86  │ 400.00   │ u_b_buffer.GEN_SRAM.GEN_B_COLS[3\].sram_q_raw[6\] │ fanout352/A │ Metal4 │
│ 1.16  │ 464.09  │ 400.00   │ u_b_buffer.GEN_SRAM.GEN_B_COLS[3\].sram_q_raw[7\] │ fanout347/A │ Metal4 │
│ 1.13  │ 452.45  │ 400.00   │ u_b_buffer.GEN_SRAM.GEN_B_COLS[3\].sram_q_raw[5\] │ fanout358/A │ Metal3 │
│ 1.09  │ 437.77  │ 400.00   │ u_b_buffer.GEN_SRAM.GEN_B_COLS[3\].sram_q_raw[4\] │ fanout363/A │ Metal3 │
│ 1.09  │ 436.86  │ 400.00   │ u_b_buffer.GEN_SRAM.GEN_B_COLS[0\].sram_q_raw[7\] │ fanout490/A │ Metal4 │
│ 1.07  │ 427.02  │ 400.00   │ u_b_buffer.GEN_SRAM.GEN_B_COLS[0\].sram_q_raw[6\] │ fanout493/A │ Metal4 │
│ 1.07  │ 427.02  │ 400.00   │ u_b_buffer.GEN_SRAM.GEN_B_COLS[0\].sram_q_raw[6\] │ fanout494/A │ Metal4 │
│ 1.07  │ 427.02  │ 400.00   │ u_b_buffer.GEN_SRAM.GEN_B_COLS[0\].sram_q_raw[6\] │ fanout495/A │ Metal4 │
│ 1.06  │ 423.78  │ 400.00   │ c_wr_addr[0\]                                     │ fanout758/A │ Metal4 │
│ 1.06  │ 423.78  │ 400.00   │ c_wr_addr[0\]                                     │ fanout774/A │ Metal4 │
│ 1.06  │ 423.25  │ 400.00   │ u_b_buffer.GEN_SRAM.GEN_B_COLS[3\].sram_q_raw[4\] │ fanout363/A │ Metal4 │
│ 1.06  │ 422.61  │ 400.00   │ net707                                            │ _10897_/A   │ Metal2 │
│ 1.04  │ 417.94  │ 400.00   │ u_a_buffer.GEN_SRAM.GEN_A_ROWS[2\].sram_q_raw[2\] │ fanout605/A │ Metal4 │
│ 1.04  │ 417.94  │ 400.00   │ u_a_buffer.GEN_SRAM.GEN_A_ROWS[2\].sram_q_raw[2\] │ fanout606/A │ Metal4 │
│ 1.04  │ 417.94  │ 400.00   │ u_a_buffer.GEN_SRAM.GEN_A_ROWS[2\].sram_q_raw[2\] │ fanout607/A │ Metal4 │
│ 1.04  │ 416.44  │ 400.00   │ u_b_buffer.GEN_SRAM.GEN_B_COLS[0\].sram_q_raw[1\] │ fanout523/A │ Metal4 │
│ 1.04  │ 416.44  │ 400.00   │ u_b_buffer.GEN_SRAM.GEN_B_COLS[0\].sram_q_raw[1\] │ fanout524/A │ Metal4 │
│ 1.03  │ 413.03  │ 400.00   │ net457                                            │ _12352_/B   │ Metal2 │
│ 1.02  │ 409.64  │ 400.00   │ net905                                            │ _10961_/B   │ Metal4 │
│ 1.02  │ 409.10  │ 400.00   │ u_b_buffer.GEN_SRAM.GEN_B_COLS[0\].sram_q_raw[0\] │ fanout528/A │ Metal4 │
│ 1.02  │ 409.10  │ 400.00   │ u_b_buffer.GEN_SRAM.GEN_B_COLS[0\].sram_q_raw[0\] │ fanout531/A │ Metal4 │
│ 1.01  │ 403.72  │ 400.00   │ net438                                            │ fanout432/A │ Metal2 │
│ 1.01  │ 403.20  │ 400.00   │ _01012_                                           │ _13468_/B   │ Metal3 │
│ 1.01  │ 403.20  │ 400.00   │ _01012_                                           │ _15919_/A   │ Metal3 │
└───────┴─────────┴──────────┴───────────────────────────────────────────────────┴─────────────┴────────┘
