┏━━━━━━━┳━━━━━━━━━┳━━━━━━━━━━┳━━━━━━━━━━━━━━━━━━━━━━━━━━━━━━━━━━━━━━━━━━━━━━━━━━━┳━━━━━━━━━━━━━┳━━━━━━━━┓
┃ P / R ┃ Partial ┃ Required ┃ Net                                               ┃ Pin         ┃ Layer  ┃
┡━━━━━━━╇━━━━━━━━━╇━━━━━━━━━━╇━━━━━━━━━━━━━━━━━━━━━━━━━━━━━━━━━━━━━━━━━━━━━━━━━━━╇━━━━━━━━━━━━━╇━━━━━━━━┩
│ 2.15  │ 860.67  │ 400.00   │ k_idx[4\]                                         │ hold1338/A  │ Metal3 │
│ 2.02  │ 806.40  │ 400.00   │ u_b_buffer.GEN_SRAM.GEN_B_COLS[3\].sram_q_raw[5\] │ fanout352/A │ Metal3 │
│ 1.89  │ 756.71  │ 400.00   │ net6                                              │ fanout878/A │ Metal2 │
│ 1.74  │ 697.49  │ 400.00   │ net777                                            │ _10915_/A   │ Metal3 │
│ 1.68  │ 670.27  │ 400.00   │ net765                                            │ _10963_/A   │ Metal3 │
│ 1.64  │ 655.91  │ 400.00   │ net769                                            │ _10919_/A   │ Metal4 │
│ 1.60  │ 641.97  │ 400.00   │ net453                                            │ fanout452/A │ Metal3 │
│ 1.60  │ 641.06  │ 400.00   │ net897                                            │ _10991_/A   │ Metal4 │
│ 1.57  │ 628.52  │ 400.00   │ net897                                            │ _10921_/B   │ Metal4 │
│ 1.50  │ 601.13  │ 400.00   │ net770                                            │ _10918_/A   │ Metal3 │
│ 1.23  │ 492.76  │ 400.00   │ net499                                            │ fanout497/A │ Metal3 │
│ 1.23  │ 492.76  │ 400.00   │ net499                                            │ fanout498/A │ Metal3 │
│ 1.20  │ 479.68  │ 400.00   │ net471                                            │ fanout470/A │ Metal3 │
│ 1.15  │ 459.14  │ 400.00   │ net878                                            │ fanout876/A │ Metal2 │
│ 1.14  │ 455.56  │ 400.00   │ net896                                            │ _10962_/B   │ Metal3 │
│ 1.14  │ 455.56  │ 400.00   │ net896                                            │ _10973_/B   │ Metal3 │
│ 1.14  │ 455.56  │ 400.00   │ net896                                            │ _10992_/A   │ Metal3 │
│ 1.13  │ 450.57  │ 400.00   │ _02038_                                           │ _11045_/A   │ Metal2 │
│ 1.11  │ 445.35  │ 400.00   │ _02137_                                           │ _11145_/B   │ Metal5 │
│ 1.09  │ 436.86  │ 400.00   │ u_a_buffer.GEN_SRAM.GEN_A_ROWS[0\].sram_q_raw[7\] │ fanout658/A │ Metal4 │
│ 1.08  │ 431.61  │ 400.00   │ net764                                            │ _10942_/A   │ Metal4 │
│ 1.08  │ 431.61  │ 400.00   │ net764                                            │ _10951_/B   │ Metal4 │
│ 1.08  │ 431.61  │ 400.00   │ net764                                            │ _10974_/A   │ Metal4 │
│ 1.07  │ 427.84  │ 400.00   │ net767                                            │ _10941_/A   │ Metal4 │
│ 1.07  │ 427.84  │ 400.00   │ net767                                            │ _10950_/B   │ Metal4 │
│ 1.07  │ 427.84  │ 400.00   │ net767                                            │ _10973_/A   │ Metal4 │
│ 1.07  │ 427.79  │ 400.00   │ net895                                            │ _10912_/A   │ Metal4 │
│ 1.07  │ 427.79  │ 400.00   │ net895                                            │ _10984_/B   │ Metal4 │
│ 1.07  │ 427.79  │ 400.00   │ net895                                            │ _10993_/A   │ Metal4 │
│ 1.07  │ 427.43  │ 400.00   │ net899                                            │ _10919_/B   │ Metal4 │
│ 1.07  │ 427.43  │ 400.00   │ net899                                            │ _10980_/B   │ Metal4 │
│ 1.07  │ 427.43  │ 400.00   │ net899                                            │ _10989_/A   │ Metal4 │
│ 1.07  │ 427.02  │ 400.00   │ net768                                            │ _10940_/A   │ Metal4 │
│ 1.07  │ 427.02  │ 400.00   │ net768                                            │ _10949_/B   │ Metal4 │
│ 1.07  │ 427.02  │ 400.00   │ net768                                            │ _10972_/A   │ Metal4 │
│ 1.07  │ 427.02  │ 400.00   │ net900                                            │ _10918_/B   │ Metal4 │
│ 1.07  │ 427.02  │ 400.00   │ net900                                            │ _10979_/B   │ Metal4 │
│ 1.07  │ 427.02  │ 400.00   │ net900                                            │ _10988_/A   │ Metal4 │
└───────┴─────────┴──────────┴───────────────────────────────────────────────────┴─────────────┴────────┘
