┏━━━━━━━┳━━━━━━━━━┳━━━━━━━━━━┳━━━━━━━━━━━━━━━━━━━━━━━━━━━━━━━━━━━━━━━━━━━━━━━━━━━━━━━━━┳━━━━━━━━━━━━━━━━━━━━━━━━━━━━━━━━━━━━━━━━━━━━━━━━━━━━━━━┳━━━━━━━━┓
┃ P / R ┃ Partial ┃ Required ┃ Net                                                     ┃ Pin                                                   ┃ Layer  ┃
┡━━━━━━━╇━━━━━━━━━╇━━━━━━━━━━╇━━━━━━━━━━━━━━━━━━━━━━━━━━━━━━━━━━━━━━━━━━━━━━━━━━━━━━━━━╇━━━━━━━━━━━━━━━━━━━━━━━━━━━━━━━━━━━━━━━━━━━━━━━━━━━━━━━╇━━━━━━━━┩
│ 3.76  │ 1503.72 │ 400.00   │ u_dla.c_wr_data[1\]                                     │ hold4848/A                                            │ Metal4 │
│ 2.74  │ 1096.73 │ 400.00   │ u_act.addr[1\]                                          │ hold4748/A                                            │ Metal3 │
│ 2.69  │ 1076.69 │ 400.00   │ net94                                                   │ output94/A                                            │ Metal4 │
│ 2.40  │ 959.61  │ 400.00   │ net1920                                                 │ fanout1919/A                                          │ Metal2 │
│ 1.97  │ 787.81  │ 400.00   │ u_dla.c_wr_data[16\]                                    │ hold4818/A                                            │ Metal2 │
│ 1.95  │ 778.16  │ 400.00   │ net1442                                                 │ fanout1441/A                                          │ Metal3 │
│ 1.83  │ 731.70  │ 400.00   │ u_dla.c_wr_data[2\]                                     │ u_dla.u_c_buffer.GEN_SRAM.GEN_D64.u_sram0.u_sram/D[2] │ Metal4 │
│ 1.77  │ 708.90  │ 400.00   │ u_dla.c_wr_data[6\]                                     │ u_dla.u_c_buffer.GEN_SRAM.GEN_D64.u_sram0.u_sram/D[6] │ Metal4 │
│ 1.72  │ 687.46  │ 400.00   │ u_act.addr[4\]                                          │ hold4766/A                                            │ Metal3 │
│ 1.72  │ 686.77  │ 400.00   │ u_dla.c_wr_data[5\]                                     │ u_dla.u_c_buffer.GEN_SRAM.GEN_D64.u_sram0.u_sram/D[5] │ Metal4 │
│ 1.71  │ 682.81  │ 400.00   │ net1563                                                 │ fanout1559/A                                          │ Metal3 │
│ 1.69  │ 675.21  │ 400.00   │ net54                                                   │ _24211_/A                                             │ Metal5 │
│ 1.68  │ 673.04  │ 400.00   │ u_dla.u_b_buffer.GEN_SRAM.GEN_B_COLS[3\].sram_q_raw[6\] │ fanout1516/A                                          │ Metal3 │
│ 1.68  │ 673.04  │ 400.00   │ u_dla.u_b_buffer.GEN_SRAM.GEN_B_COLS[3\].sram_q_raw[6\] │ fanout1517/A                                          │ Metal3 │
│ 1.68  │ 673.04  │ 400.00   │ u_dla.u_b_buffer.GEN_SRAM.GEN_B_COLS[3\].sram_q_raw[6\] │ fanout1520/A                                          │ Metal3 │
│ 1.64  │ 655.58  │ 400.00   │ net92                                                   │ output92/A                                            │ Metal3 │
│ 1.62  │ 648.81  │ 400.00   │ _19042_                                                 │ fanout1289/A                                          │ Metal5 │
│ 1.62  │ 648.81  │ 400.00   │ _19042_                                                 │ fanout1290/A                                          │ Metal5 │
│ 1.62  │ 648.81  │ 400.00   │ _19042_                                                 │ fanout1293/A                                          │ Metal5 │
│ 1.51  │ 602.20  │ 400.00   │ u_dla.u_b_buffer.GEN_SRAM.GEN_B_COLS[3\].sram_q_raw[5\] │ fanout1521/A                                          │ Metal3 │
│ 1.47  │ 587.52  │ 400.00   │ net1530                                                 │ fanout1526/A                                          │ Metal3 │
│ 1.47  │ 587.52  │ 400.00   │ net1530                                                 │ fanout1527/A                                          │ Metal3 │
│ 1.34  │ 536.05  │ 400.00   │ net64                                                   │ _24193_/A                                             │ Metal5 │
│ 1.34  │ 536.05  │ 400.00   │ net64                                                   │ _24312_/A                                             │ Metal5 │
│ 1.31  │ 523.99  │ 400.00   │ u_dla.u_b_buffer.GEN_SRAM.GEN_B_COLS[0\].sram_q_raw[7\] │ _27082_/A                                             │ Metal3 │
│ 1.31  │ 523.99  │ 400.00   │ u_dla.u_b_buffer.GEN_SRAM.GEN_B_COLS[0\].sram_q_raw[7\] │ _27110_/A                                             │ Metal3 │
│ 1.26  │ 504.93  │ 400.00   │ net2462                                                 │ fanout2407/A                                          │ Metal4 │
│ 1.23  │ 493.29  │ 400.00   │ net1552                                                 │ fanout1549/A                                          │ Metal3 │
│ 1.23  │ 492.22  │ 400.00   │ _17683_                                                 │ _25146_/C                                             │ Metal3 │
│ 1.20  │ 480.20  │ 400.00   │ u_dla.c_wr_data[7\]                                     │ u_dla.u_c_buffer.GEN_SRAM.GEN_D64.u_sram0.u_sram/D[7] │ Metal4 │
│ 1.20  │ 478.61  │ 400.00   │ _16687_                                                 │ fanout1495/A                                          │ Metal3 │
│ 1.15  │ 460.68  │ 400.00   │ net66                                                   │ _24014_/A                                             │ Metal5 │
│ 1.15  │ 460.68  │ 400.00   │ net66                                                   │ _24312_/B                                             │ Metal5 │
│ 1.13  │ 451.41  │ 400.00   │ u_dla.c_wr_data[8\]                                     │ hold4786/A                                            │ Metal3 │
│ 1.13  │ 451.38  │ 400.00   │ met_clr                                                 │ fanout2046/A                                          │ Metal3 │
│ 1.12  │ 448.73  │ 400.00   │ u_dla.c_wr_data[1\]                                     │ hold4848/A                                            │ Metal3 │
│ 1.12  │ 446.45  │ 400.00   │ u_img.addr[2\]                                          │ hold4744/A                                            │ Metal4 │
│ 1.11  │ 443.15  │ 400.00   │ u_dla.c_wr_addr[1\]                                     │ hold4777/A                                            │ Metal2 │
│ 1.10  │ 438.84  │ 400.00   │ u_dla.u_c_buffer.GEN_SRAM.GEN_D64.u_sram0.q[6\]         │ _25478_/A                                             │ Metal3 │
│ 1.08  │ 432.75  │ 400.00   │ net1525                                                 │ _31021_/A                                             │ Metal2 │
│ 1.06  │ 425.23  │ 400.00   │ net1563                                                 │ _33043_/A                                             │ Metal3 │
│ 1.06  │ 424.16  │ 400.00   │ net1524                                                 │ _31134_/A                                             │ Metal3 │
│ 1.06  │ 423.25  │ 400.00   │ u_met.logit[8\]                                         │ _25542_/D                                             │ Metal4 │
│ 1.03  │ 412.63  │ 400.00   │ net1299                                                 │ _30644_/C                                             │ Metal5 │
│ 1.03  │ 412.63  │ 400.00   │ net1299                                                 │ fanout1294/A                                          │ Metal5 │
│ 1.03  │ 412.63  │ 400.00   │ net1299                                                 │ fanout1295/A                                          │ Metal5 │
│ 1.03  │ 412.63  │ 400.00   │ net1299                                                 │ fanout1298/A                                          │ Metal5 │
│ 1.01  │ 403.15  │ 400.00   │ net1288                                                 │ _27209_/C                                             │ Metal5 │
│ 1.01  │ 403.15  │ 400.00   │ net1288                                                 │ _29428_/B                                             │ Metal5 │
│ 1.01  │ 403.15  │ 400.00   │ net1288                                                 │ fanout1284/A                                          │ Metal5 │
│ 1.01  │ 403.15  │ 400.00   │ net1288                                                 │ fanout1287/A                                          │ Metal5 │
└───────┴─────────┴──────────┴─────────────────────────────────────────────────────────┴───────────────────────────────────────────────────────┴────────┘
