┏━━━━━━━┳━━━━━━━━━┳━━━━━━━━━━┳━━━━━━━━━━━━━━━━━━━━━━━━━━━━━━━━━━━━━━━━━━━━━━━━━━━┳━━━━━━━━━━━━━┳━━━━━━━━┓
┃ P / R ┃ Partial ┃ Required ┃ Net                                               ┃ Pin         ┃ Layer  ┃
┡━━━━━━━╇━━━━━━━━━╇━━━━━━━━━━╇━━━━━━━━━━━━━━━━━━━━━━━━━━━━━━━━━━━━━━━━━━━━━━━━━━━╇━━━━━━━━━━━━━╇━━━━━━━━┩
│ 2.69  │ 1077.93 │ 400.00   │ u_a_buffer.GEN_SRAM.GEN_A_ROWS[2\].sram_q_raw[6\] │ fanout583/A │ Metal4 │
│ 2.14  │ 856.45  │ 400.00   │ k_idx[3\]                                         │ hold1371/A  │ Metal3 │
│ 1.67  │ 668.29  │ 400.00   │ net448                                            │ fanout444/A │ Metal4 │
│ 1.64  │ 654.68  │ 400.00   │ _02289_                                           │ _11300_/A   │ Metal4 │
│ 1.47  │ 587.52  │ 400.00   │ net787                                            │ _10938_/A   │ Metal3 │
│ 1.36  │ 545.93  │ 400.00   │ net516                                            │ fanout513/A │ Metal4 │
│ 1.33  │ 532.16  │ 400.00   │ net487                                            │ fanout484/A │ Metal4 │
│ 1.30  │ 519.45  │ 400.00   │ net764                                            │ _10850_/B   │ Metal3 │
│ 1.30  │ 518.54  │ 400.00   │ net353                                            │ fanout349/A │ Metal4 │
│ 1.27  │ 507.98  │ 400.00   │ u_a_buffer.GEN_SRAM.GEN_A_ROWS[3\].sram_q_raw[1\] │ fanout567/A │ Metal3 │
│ 1.23  │ 493.29  │ 400.00   │ u_a_buffer.GEN_SRAM.GEN_A_ROWS[2\].sram_q_raw[6\] │ fanout583/A │ Metal3 │
│ 1.13  │ 451.38  │ 400.00   │ net336                                            │ fanout325/A │ Metal3 │
│ 1.10  │ 439.96  │ 400.00   │ _02345_                                           │ _11357_/B   │ Metal2 │
│ 1.09  │ 436.86  │ 400.00   │ net794                                            │ _10945_/A   │ Metal4 │
│ 1.06  │ 425.23  │ 400.00   │ net424                                            │ fanout422/A │ Metal3 │
│ 1.06  │ 425.23  │ 400.00   │ net650                                            │ _19623_/B   │ Metal3 │
│ 1.04  │ 417.33  │ 400.00   │ en_pe_d                                           │ _16412_/A   │ Metal2 │
│ 1.04  │ 416.93  │ 400.00   │ _01012_                                           │ _13468_/B   │ Metal5 │
│ 1.04  │ 416.93  │ 400.00   │ _01012_                                           │ _15919_/A   │ Metal5 │
│ 1.04  │ 416.93  │ 400.00   │ _01012_                                           │ _18430_/B   │ Metal5 │
│ 1.04  │ 416.93  │ 400.00   │ _01012_                                           │ _20877_/A   │ Metal5 │
│ 1.03  │ 410.60  │ 400.00   │ net271                                            │ fanout259/A │ Metal3 │
│ 1.03  │ 410.54  │ 400.00   │ u_a_buffer.GEN_SRAM.GEN_A_ROWS[3\].sram_q_raw[2\] │ fanout563/A │ Metal3 │
└───────┴─────────┴──────────┴───────────────────────────────────────────────────┴─────────────┴────────┘
