┏━━━━━━━━━━━━━━━━━━━━━━┳━━━━━━━━━━┳━━━━━━━━━━┳━━━━━━━━━━┳━━━━━━━━━━┳━━━━━━━━━━━┳━━━━━━━━━━┳━━━━━━━━━━━┳━━━━━━━━━━┳━━━━━━━━━━━┳━━━━━━━━━━┳━━━━━━━━━━━┳━━━━━━━━━━┓
┃                      ┃ Hold     ┃ Reg to   ┃          ┃          ┃ of which  ┃ Setup    ┃           ┃          ┃           ┃ of which ┃           ┃          ┃
┃                      ┃ Worst    ┃ Reg      ┃          ┃ Hold Vio ┃ reg to    ┃ Worst    ┃ Reg to    ┃ Setup    ┃ Setup Vio ┃ reg to   ┃ Max Cap   ┃ Max Slew ┃
┃ Corner/Group         ┃ Slack    ┃ Paths    ┃ Hold TNS ┃ Count    ┃ reg       ┃ Slack    ┃ Reg Paths ┃ TNS      ┃ Count     ┃ reg      ┃ Violatio… ┃ Violati… ┃
┡━━━━━━━━━━━━━━━━━━━━━━╇━━━━━━━━━━╇━━━━━━━━━━╇━━━━━━━━━━╇━━━━━━━━━━╇━━━━━━━━━━━╇━━━━━━━━━━╇━━━━━━━━━━━╇━━━━━━━━━━╇━━━━━━━━━━━╇━━━━━━━━━━╇━━━━━━━━━━━╇━━━━━━━━━━┩
│ Overall              │ 0.1153   │ 0.1153   │ 0.0000   │ 0        │ 0         │ 16.1370  │ 16.1370   │ 0.0000   │ 0         │ 0        │ 127       │ 30       │
│ nom_tt_025C_3v30     │ 0.2181   │ 0.2181   │ 0.0000   │ 0        │ 0         │ 25.3241  │ 25.3241   │ 0.0000   │ 0         │ 0        │ 103       │ 0        │
│ min_tt_025C_3v30     │ 0.2151   │ 0.2151   │ 0.0000   │ 0        │ 0         │ 25.4936  │ 25.4936   │ 0.0000   │ 0         │ 0        │ 81        │ 0        │
│ max_tt_025C_3v30     │ 0.2214   │ 0.2214   │ 0.0000   │ 0        │ 0         │ 25.0950  │ 25.0950   │ 0.0000   │ 0         │ 0        │ 126       │ 0        │
│ nom_ff_n40C_3v60     │ 0.1177   │ 0.1177   │ 0.0000   │ 0        │ 0         │ 29.3115  │ 29.6977   │ 0.0000   │ 0         │ 0        │ 102       │ 0        │
│ min_ff_n40C_3v60     │ 0.1153   │ 0.1153   │ 0.0000   │ 0        │ 0         │ 29.3693  │ 29.8398   │ 0.0000   │ 0         │ 0        │ 79        │ 0        │
│ max_ff_n40C_3v60     │ 0.1203   │ 0.1203   │ 0.0000   │ 0        │ 0         │ 29.2417  │ 29.5113   │ 0.0000   │ 0         │ 0        │ 123       │ 0        │
│ nom_ss_125C_3v00     │ 0.3744   │ 0.3744   │ 0.0000   │ 0        │ 0         │ 16.4009  │ 16.4009   │ 0.0000   │ 0         │ 0        │ 105       │ 30       │
│ min_ss_125C_3v00     │ 0.3702   │ 0.3702   │ 0.0000   │ 0        │ 0         │ 16.6150  │ 16.6150   │ 0.0000   │ 0         │ 0        │ 83        │ 20       │
│ max_ss_125C_3v00     │ 0.3788   │ 0.3788   │ 0.0000   │ 0        │ 0         │ 16.1370  │ 16.1370   │ 0.0000   │ 0         │ 0        │ 127       │ 30       │
└──────────────────────┴──────────┴──────────┴──────────┴──────────┴───────────┴──────────┴───────────┴──────────┴───────────┴──────────┴───────────┴──────────┘
