┏━━━━━━━┳━━━━━━━━━┳━━━━━━━━━━┳━━━━━━━━━━━━━━━━━━━━━━━━━━━━━━━━━━━━━━━━━━━━━━━━━━━┳━━━━━━━━━━━━━┳━━━━━━━━┓
┃ P / R ┃ Partial ┃ Required ┃ Net                                               ┃ Pin         ┃ Layer  ┃
┡━━━━━━━╇━━━━━━━━━╇━━━━━━━━━━╇━━━━━━━━━━━━━━━━━━━━━━━━━━━━━━━━━━━━━━━━━━━━━━━━━━━╇━━━━━━━━━━━━━╇━━━━━━━━┩
│ 2.29  │ 914.24  │ 400.00   │ net6                                              │ fanout837/A │ Metal3 │
│ 1.78  │ 710.04  │ 400.00   │ u_b_buffer.GEN_SRAM.GEN_B_COLS[1\].sram_q_raw[6\] │ fanout431/A │ Metal3 │
│ 1.74  │ 696.91  │ 400.00   │ net643                                            │ fanout642/A │ Metal4 │
│ 1.71  │ 682.81  │ 400.00   │ net770                                            │ _10960_/A   │ Metal3 │
│ 1.67  │ 669.20  │ 400.00   │ net764                                            │ _10963_/A   │ Metal3 │
│ 1.64  │ 655.91  │ 400.00   │ net898                                            │ _10921_/B   │ Metal4 │
│ 1.64  │ 654.68  │ 400.00   │ net8                                              │ _10944_/A   │ Metal4 │
│ 1.60  │ 641.06  │ 400.00   │ net898                                            │ _10991_/A   │ Metal4 │
│ 1.57  │ 627.45  │ 400.00   │ net1340                                           │ _10962_/A   │ Metal4 │
│ 1.54  │ 615.81  │ 400.00   │ net475                                            │ fanout473/A │ Metal3 │
│ 1.54  │ 615.81  │ 400.00   │ net475                                            │ fanout474/A │ Metal3 │
│ 1.50  │ 601.13  │ 400.00   │ u_b_buffer.GEN_SRAM.GEN_B_COLS[3\].sram_q_raw[0\] │ fanout377/A │ Metal3 │
│ 1.40  │ 560.29  │ 400.00   │ net837                                            │ fanout826/A │ Metal3 │
│ 1.40  │ 559.38  │ 400.00   │ _02146_                                           │ _11155_/A   │ Metal4 │
│ 1.23  │ 492.22  │ 400.00   │ net11                                             │ _10968_/B   │ Metal3 │
│ 1.20  │ 479.68  │ 400.00   │ net371                                            │ fanout369/A │ Metal3 │
│ 1.14  │ 455.51  │ 400.00   │ net470                                            │ fanout469/A │ Metal2 │
│ 1.08  │ 432.32  │ 400.00   │ net777                                            │ _10935_/A   │ Metal4 │
│ 1.08  │ 432.32  │ 400.00   │ net777                                            │ _10944_/B   │ Metal4 │
│ 1.08  │ 432.32  │ 400.00   │ net777                                            │ _10967_/A   │ Metal4 │
│ 1.08  │ 431.97  │ 400.00   │ net774                                            │ _10916_/A   │ Metal4 │
│ 1.08  │ 431.97  │ 400.00   │ net774                                            │ _10979_/A   │ Metal4 │
│ 1.08  │ 431.97  │ 400.00   │ net774                                            │ _10988_/B   │ Metal4 │
│ 1.08  │ 431.97  │ 400.00   │ net899                                            │ _10920_/B   │ Metal4 │
│ 1.08  │ 431.97  │ 400.00   │ net899                                            │ _10981_/B   │ Metal4 │
│ 1.08  │ 431.97  │ 400.00   │ net899                                            │ _10990_/A   │ Metal4 │
│ 1.08  │ 431.91  │ 400.00   │ net776                                            │ _10915_/A   │ Metal4 │
│ 1.08  │ 431.91  │ 400.00   │ net776                                            │ _10978_/A   │ Metal4 │
│ 1.08  │ 431.91  │ 400.00   │ net776                                            │ _10987_/B   │ Metal4 │
│ 1.08  │ 431.61  │ 400.00   │ net900                                            │ _10919_/B   │ Metal4 │
│ 1.08  │ 431.61  │ 400.00   │ net900                                            │ _10980_/B   │ Metal4 │
│ 1.08  │ 431.61  │ 400.00   │ net900                                            │ _10989_/A   │ Metal4 │
│ 1.07  │ 427.38  │ 400.00   │ net901                                            │ _10918_/B   │ Metal4 │
│ 1.07  │ 427.38  │ 400.00   │ net901                                            │ _10979_/B   │ Metal4 │
│ 1.07  │ 427.38  │ 400.00   │ net901                                            │ _10988_/A   │ Metal4 │
│ 1.07  │ 427.38  │ 400.00   │ net902                                            │ _10917_/B   │ Metal4 │
│ 1.07  │ 427.38  │ 400.00   │ net902                                            │ _10978_/B   │ Metal4 │
│ 1.07  │ 427.38  │ 400.00   │ net902                                            │ _10987_/A   │ Metal4 │
│ 1.07  │ 427.02  │ 400.00   │ net767                                            │ _10940_/A   │ Metal4 │
│ 1.07  │ 427.02  │ 400.00   │ net767                                            │ _10949_/B   │ Metal4 │
│ 1.07  │ 427.02  │ 400.00   │ net767                                            │ _10972_/A   │ Metal4 │
│ 1.07  │ 427.02  │ 400.00   │ net773                                            │ _10937_/A   │ Metal4 │
│ 1.07  │ 427.02  │ 400.00   │ net773                                            │ _10946_/B   │ Metal4 │
│ 1.07  │ 427.02  │ 400.00   │ net773                                            │ _10969_/A   │ Metal4 │
│ 1.03  │ 410.87  │ 400.00   │ u_b_buffer.GEN_SRAM.GEN_B_COLS[3\].sram_q_raw[1\] │ fanout372/A │ Metal4 │
│ 1.00  │ 400.92  │ 400.00   │ net766                                            │ _10941_/A   │ Metal4 │
│ 1.00  │ 400.92  │ 400.00   │ net766                                            │ _10950_/B   │ Metal4 │
│ 1.00  │ 400.92  │ 400.00   │ net766                                            │ _10973_/A   │ Metal4 │
└───────┴─────────┴──────────┴───────────────────────────────────────────────────┴─────────────┴────────┘
