┏━━━━━━━┳━━━━━━━━━┳━━━━━━━━━━┳━━━━━━━━━━━━━━━━━━━━━━━━━━━━━━━━━━━━━━━━━━━━━━━━━━━┳━━━━━━━━━━━━━┳━━━━━━━━┓
┃ P / R ┃ Partial ┃ Required ┃ Net                                               ┃ Pin         ┃ Layer  ┃
┡━━━━━━━╇━━━━━━━━━╇━━━━━━━━━━╇━━━━━━━━━━━━━━━━━━━━━━━━━━━━━━━━━━━━━━━━━━━━━━━━━━━╇━━━━━━━━━━━━━╇━━━━━━━━┩
│ 2.22  │ 887.01  │ 400.00   │ net435                                            │ fanout434/A │ Metal3 │
│ 2.08  │ 833.63  │ 400.00   │ net451                                            │ fanout448/A │ Metal3 │
│ 1.77  │ 709.13  │ 400.00   │ u_a_buffer.GEN_SRAM.GEN_A_ROWS[2\].sram_q_raw[1\] │ fanout604/A │ Metal4 │
│ 1.64  │ 656.65  │ 400.00   │ net782                                            │ _10935_/A   │ Metal3 │
│ 1.57  │ 628.68  │ 400.00   │ u_b_buffer.GEN_SRAM.GEN_B_COLS[3\].sram_q_raw[7\] │ fanout342/A │ Metal4 │
│ 1.57  │ 627.61  │ 400.00   │ net495                                            │ fanout492/A │ Metal4 │
│ 1.52  │ 608.26  │ 400.00   │ net770                                            │ _10941_/A   │ Metal4 │
│ 1.52  │ 608.26  │ 400.00   │ net770                                            │ _10950_/B   │ Metal4 │
│ 1.40  │ 560.29  │ 400.00   │ net732                                            │ _10849_/B   │ Metal3 │
│ 1.37  │ 546.83  │ 400.00   │ net783                                            │ _10915_/B   │ Metal3 │
│ 1.37  │ 546.68  │ 400.00   │ net906                                            │ _10921_/B   │ Metal3 │
│ 1.36  │ 545.77  │ 400.00   │ net479                                            │ fanout478/A │ Metal4 │
│ 1.30  │ 518.54  │ 400.00   │ _02169_                                           │ _11178_/D   │ Metal4 │
│ 1.26  │ 504.93  │ 400.00   │ _02132_                                           │ _11140_/A   │ Metal4 │
│ 1.23  │ 491.32  │ 400.00   │ _02149_                                           │ _11157_/A   │ Metal4 │
│ 1.23  │ 491.15  │ 400.00   │ net335                                            │ _14924_/B   │ Metal3 │
│ 1.20  │ 478.92  │ 400.00   │ net555                                            │ _14130_/A   │ Metal3 │
│ 1.19  │ 477.70  │ 400.00   │ _02295_                                           │ _11307_/A   │ Metal4 │
│ 1.13  │ 452.85  │ 400.00   │ clknet_leaf_15_clk_regs                           │ _21643_/CLK │ Metal2 │
│ 1.09  │ 437.93  │ 400.00   │ net887                                            │ fanout853/A │ Metal4 │
│ 1.09  │ 436.86  │ 400.00   │ _02019_                                           │ _11025_/A   │ Metal4 │
│ 1.03  │ 412.68  │ 400.00   │ u_a_buffer.GEN_SRAM.GEN_A_ROWS[2\].sram_q_raw[4\] │ fanout589/A │ Metal3 │
│ 1.02  │ 409.64  │ 400.00   │ _02072_                                           │ _11087_/D   │ Metal4 │
│ 1.01  │ 405.04  │ 400.00   │ net781                                            │ _10914_/A   │ Metal4 │
│ 1.01  │ 405.04  │ 400.00   │ net781                                            │ _10977_/A   │ Metal4 │
│ 1.01  │ 405.04  │ 400.00   │ net781                                            │ _10986_/B   │ Metal4 │
│ 1.01  │ 404.33  │ 400.00   │ net911                                            │ _10918_/B   │ Metal4 │
│ 1.01  │ 404.33  │ 400.00   │ net911                                            │ _10979_/B   │ Metal4 │
│ 1.01  │ 404.33  │ 400.00   │ net911                                            │ _10988_/A   │ Metal4 │
│ 1.01  │ 402.15  │ 400.00   │ net630                                            │ fanout629/A │ Metal2 │
└───────┴─────────┴──────────┴───────────────────────────────────────────────────┴─────────────┴────────┘
