┏━━━━━━━┳━━━━━━━━━┳━━━━━━━━━━┳━━━━━━━━━━━━━━━━━━━━━━━━━━━━━━━━━━━━━━━━━━━━━━━━━━━┳━━━━━━━━━━━━━┳━━━━━━━━┓
┃ P / R ┃ Partial ┃ Required ┃ Net                                               ┃ Pin         ┃ Layer  ┃
┡━━━━━━━╇━━━━━━━━━╇━━━━━━━━━━╇━━━━━━━━━━━━━━━━━━━━━━━━━━━━━━━━━━━━━━━━━━━━━━━━━━━╇━━━━━━━━━━━━━╇━━━━━━━━┩
│ 3.84  │ 1537.82 │ 400.00   │ k_idx[3\]                                         │ hold1340/A  │ Metal4 │
│ 2.12  │ 847.24  │ 400.00   │ u_b_buffer.GEN_SRAM.GEN_B_COLS[1\].sram_q_raw[5\] │ fanout451/A │ Metal3 │
│ 1.95  │ 778.11  │ 400.00   │ u_b_buffer.GEN_SRAM.GEN_B_COLS[3\].sram_q_raw[5\] │ fanout354/A │ Metal3 │
│ 1.67  │ 669.20  │ 400.00   │ net762                                            │ _10963_/A   │ Metal3 │
│ 1.65  │ 660.95  │ 400.00   │ net1338                                           │ _10962_/A   │ Metal4 │
│ 1.65  │ 660.95  │ 400.00   │ net1338                                           │ fanout763/A │ Metal4 │
│ 1.64  │ 655.91  │ 400.00   │ net900                                            │ _10921_/B   │ Metal4 │
│ 1.60  │ 641.06  │ 400.00   │ net904                                            │ _10978_/B   │ Metal4 │
│ 1.60  │ 641.06  │ 400.00   │ net904                                            │ _10987_/A   │ Metal4 │
│ 1.57  │ 627.45  │ 400.00   │ net900                                            │ _10991_/A   │ Metal4 │
│ 1.54  │ 615.81  │ 400.00   │ net774                                            │ _10915_/A   │ Metal3 │
│ 1.54  │ 614.74  │ 400.00   │ _02354_                                           │ _11369_/A   │ Metal3 │
│ 1.50  │ 601.13  │ 400.00   │ _02155_                                           │ _11164_/B   │ Metal3 │
│ 1.43  │ 573.90  │ 400.00   │ _01012_                                           │ _15919_/A   │ Metal3 │
│ 1.34  │ 534.13  │ 400.00   │ u_b_buffer.GEN_SRAM.GEN_B_COLS[1\].sram_q_raw[2\] │ fanout467/A │ Metal3 │
│ 1.29  │ 515.44  │ 400.00   │ _02102_                                           │ _11110_/B   │ Metal2 │
│ 1.27  │ 506.37  │ 400.00   │ net498                                            │ fanout496/A │ Metal3 │
│ 1.27  │ 506.37  │ 400.00   │ net498                                            │ fanout497/A │ Metal3 │
│ 1.18  │ 470.06  │ 400.00   │ _02084_                                           │ _11091_/B   │ Metal5 │
│ 1.16  │ 463.88  │ 400.00   │ _02399_                                           │ _11412_/B   │ Metal5 │
│ 1.14  │ 455.58  │ 400.00   │ net385                                            │ _13296_/A   │ Metal2 │
│ 1.13  │ 452.45  │ 400.00   │ net351                                            │ fanout350/A │ Metal3 │
│ 1.11  │ 445.35  │ 400.00   │ _02137_                                           │ _11145_/B   │ Metal5 │
│ 1.09  │ 437.77  │ 400.00   │ net368                                            │ fanout365/A │ Metal3 │
│ 1.08  │ 432.73  │ 400.00   │ net766                                            │ _10919_/A   │ Metal4 │
│ 1.08  │ 432.73  │ 400.00   │ net766                                            │ _10982_/A   │ Metal4 │
│ 1.08  │ 432.73  │ 400.00   │ net766                                            │ _10991_/B   │ Metal4 │
│ 1.08  │ 432.32  │ 400.00   │ net901                                            │ _10920_/B   │ Metal4 │
│ 1.08  │ 432.32  │ 400.00   │ net901                                            │ _10981_/B   │ Metal4 │
│ 1.08  │ 432.32  │ 400.00   │ net901                                            │ _10990_/A   │ Metal4 │
│ 1.07  │ 427.38  │ 400.00   │ net761                                            │ _10942_/A   │ Metal4 │
│ 1.07  │ 427.38  │ 400.00   │ net761                                            │ _10951_/B   │ Metal4 │
│ 1.07  │ 427.38  │ 400.00   │ net761                                            │ _10974_/A   │ Metal4 │
│ 1.07  │ 427.38  │ 400.00   │ net767                                            │ _10939_/A   │ Metal4 │
│ 1.07  │ 427.38  │ 400.00   │ net767                                            │ _10948_/B   │ Metal4 │
│ 1.07  │ 427.38  │ 400.00   │ net767                                            │ _10971_/A   │ Metal4 │
│ 1.07  │ 427.38  │ 400.00   │ net905                                            │ _10916_/B   │ Metal4 │
│ 1.07  │ 427.38  │ 400.00   │ net905                                            │ _10977_/B   │ Metal4 │
│ 1.07  │ 427.38  │ 400.00   │ net905                                            │ _10986_/A   │ Metal4 │
│ 1.07  │ 427.02  │ 400.00   │ net902                                            │ _10919_/B   │ Metal4 │
│ 1.07  │ 427.02  │ 400.00   │ net902                                            │ _10980_/B   │ Metal4 │
│ 1.07  │ 427.02  │ 400.00   │ net902                                            │ _10989_/A   │ Metal4 │
│ 1.07  │ 427.02  │ 400.00   │ net903                                            │ _10918_/B   │ Metal4 │
│ 1.07  │ 427.02  │ 400.00   │ net903                                            │ _10979_/B   │ Metal4 │
│ 1.07  │ 427.02  │ 400.00   │ net903                                            │ _10988_/A   │ Metal4 │
│ 1.06  │ 422.48  │ 400.00   │ net764                                            │ _10941_/A   │ Metal4 │
│ 1.06  │ 422.48  │ 400.00   │ net764                                            │ _10950_/B   │ Metal4 │
│ 1.06  │ 422.48  │ 400.00   │ net764                                            │ _10973_/A   │ Metal4 │
│ 1.05  │ 418.66  │ 400.00   │ net765                                            │ _10940_/A   │ Metal4 │
│ 1.05  │ 418.66  │ 400.00   │ net765                                            │ _10949_/B   │ Metal4 │
│ 1.05  │ 418.66  │ 400.00   │ net765                                            │ _10972_/A   │ Metal4 │
│ 1.04  │ 417.88  │ 400.00   │ net15                                             │ _10961_/B   │ Metal3 │
│ 1.04  │ 417.88  │ 400.00   │ net15                                             │ _10972_/B   │ Metal3 │
│ 1.03  │ 411.61  │ 400.00   │ u_a_buffer.GEN_SRAM.GEN_A_ROWS[0\].sram_q_raw[3\] │ fanout677/A │ Metal3 │
└───────┴─────────┴──────────┴───────────────────────────────────────────────────┴─────────────┴────────┘
