┏━━━━━━━━━━━━━━━━━━━━━━┳━━━━━━━━━━┳━━━━━━━━━━┳━━━━━━━━━━┳━━━━━━━━━━┳━━━━━━━━━━━┳━━━━━━━━━━┳━━━━━━━━━━━┳━━━━━━━━━━┳━━━━━━━━━━━┳━━━━━━━━━━┳━━━━━━━━━━━┳━━━━━━━━━━┓
┃                      ┃ Hold     ┃ Reg to   ┃          ┃          ┃ of which  ┃ Setup    ┃           ┃          ┃           ┃ of which ┃           ┃          ┃
┃                      ┃ Worst    ┃ Reg      ┃          ┃ Hold Vio ┃ reg to    ┃ Worst    ┃ Reg to    ┃ Setup    ┃ Setup Vio ┃ reg to   ┃ Max Cap   ┃ Max Slew ┃
┃ Corner/Group         ┃ Slack    ┃ Paths    ┃ Hold TNS ┃ Count    ┃ reg       ┃ Slack    ┃ Reg Paths ┃ TNS      ┃ Count     ┃ reg      ┃ Violatio… ┃ Violati… ┃
┡━━━━━━━━━━━━━━━━━━━━━━╇━━━━━━━━━━╇━━━━━━━━━━╇━━━━━━━━━━╇━━━━━━━━━━╇━━━━━━━━━━━╇━━━━━━━━━━╇━━━━━━━━━━━╇━━━━━━━━━━╇━━━━━━━━━━━╇━━━━━━━━━━╇━━━━━━━━━━━╇━━━━━━━━━━┩
│ Overall              │ 0.1060   │ 0.1060   │ 0.0000   │ 0        │ 0         │ 16.2244  │ 16.2244   │ 0.0000   │ 0         │ 0        │ 141       │ 54       │
│ nom_tt_025C_3v30     │ 0.2044   │ 0.2044   │ 0.0000   │ 0        │ 0         │ 25.4080  │ 25.4080   │ 0.0000   │ 0         │ 0        │ 114       │ 0        │
│ min_tt_025C_3v30     │ 0.2033   │ 0.2033   │ 0.0000   │ 0        │ 0         │ 25.6206  │ 25.6206   │ 0.0000   │ 0         │ 0        │ 88        │ 0        │
│ max_tt_025C_3v30     │ 0.2056   │ 0.2056   │ 0.0000   │ 0        │ 0         │ 25.1466  │ 25.1466   │ 0.0000   │ 0         │ 0        │ 138       │ 0        │
│ nom_ff_n40C_3v60     │ 0.1069   │ 0.1069   │ 0.0000   │ 0        │ 0         │ 29.2874  │ 29.7563   │ 0.0000   │ 0         │ 0        │ 112       │ 0        │
│ min_ff_n40C_3v60     │ 0.1060   │ 0.1060   │ 0.0000   │ 0        │ 0         │ 29.3466  │ 29.9284   │ 0.0000   │ 0         │ 0        │ 85        │ 0        │
│ max_ff_n40C_3v60     │ 0.1080   │ 0.1080   │ 0.0000   │ 0        │ 0         │ 29.1759  │ 29.5534   │ 0.0000   │ 0         │ 0        │ 134       │ 0        │
│ nom_ss_125C_3v00     │ 0.3549   │ 0.3549   │ 0.0000   │ 0        │ 0         │ 16.5441  │ 16.5441   │ 0.0000   │ 0         │ 0        │ 115       │ 16       │
│ min_ss_125C_3v00     │ 0.3228   │ 0.3229   │ 0.0000   │ 0        │ 0         │ 16.8106  │ 16.8106   │ 0.0000   │ 0         │ 0        │ 91        │ 6        │
│ max_ss_125C_3v00     │ 0.3566   │ 0.3566   │ 0.0000   │ 0        │ 0         │ 16.2244  │ 16.2244   │ 0.0000   │ 0         │ 0        │ 141       │ 54       │
└──────────────────────┴──────────┴──────────┴──────────┴──────────┴───────────┴──────────┴───────────┴──────────┴───────────┴──────────┴───────────┴──────────┘
