┏━━━━━━━━━━━━━━━━━━━━━━┳━━━━━━━━━━┳━━━━━━━━━━┳━━━━━━━━━━┳━━━━━━━━━━┳━━━━━━━━━━━┳━━━━━━━━━━┳━━━━━━━━━━━┳━━━━━━━━━━┳━━━━━━━━━━━┳━━━━━━━━━━┳━━━━━━━━━━━┳━━━━━━━━━━┓
┃                      ┃ Hold     ┃ Reg to   ┃          ┃          ┃ of which  ┃ Setup    ┃           ┃          ┃           ┃ of which ┃           ┃          ┃
┃                      ┃ Worst    ┃ Reg      ┃          ┃ Hold Vio ┃ reg to    ┃ Worst    ┃ Reg to    ┃ Setup    ┃ Setup Vio ┃ reg to   ┃ Max Cap   ┃ Max Slew ┃
┃ Corner/Group         ┃ Slack    ┃ Paths    ┃ Hold TNS ┃ Count    ┃ reg       ┃ Slack    ┃ Reg Paths ┃ TNS      ┃ Count     ┃ reg      ┃ Violatio… ┃ Violati… ┃
┡━━━━━━━━━━━━━━━━━━━━━━╇━━━━━━━━━━╇━━━━━━━━━━╇━━━━━━━━━━╇━━━━━━━━━━╇━━━━━━━━━━━╇━━━━━━━━━━╇━━━━━━━━━━━╇━━━━━━━━━━╇━━━━━━━━━━━╇━━━━━━━━━━╇━━━━━━━━━━━╇━━━━━━━━━━┩
│ Overall              │ 0.1207   │ 0.1207   │ 0.0000   │ 0        │ 0         │ 12.3199  │ 12.4748   │ 0.0000   │ 0         │ 0        │ 426       │ 158      │
│ nom_tt_025C_3v30     │ 0.2245   │ 0.2245   │ 0.0000   │ 0        │ 0         │ 18.3504  │ 22.8182   │ 0.0000   │ 0         │ 0        │ 314       │ 0        │
│ min_tt_025C_3v30     │ 0.2228   │ 0.2228   │ 0.0000   │ 0        │ 0         │ 18.5232  │ 23.0672   │ 0.0000   │ 0         │ 0        │ 233       │ 0        │
│ max_tt_025C_3v30     │ 0.2261   │ 0.2261   │ 0.0000   │ 0        │ 0         │ 18.1467  │ 22.5209   │ 0.0000   │ 0         │ 0        │ 417       │ 0        │
│ nom_ff_n40C_3v60     │ 0.1219   │ 0.1219   │ 0.0000   │ 0        │ 0         │ 19.5073  │ 27.8081   │ 0.0000   │ 0         │ 0        │ 306       │ 0        │
│ min_ff_n40C_3v60     │ 0.1207   │ 0.1207   │ 0.0000   │ 0        │ 0         │ 19.6443  │ 27.9978   │ 0.0000   │ 0         │ 0        │ 221       │ 0        │
│ max_ff_n40C_3v60     │ 0.1231   │ 0.1231   │ 0.0000   │ 0        │ 0         │ 19.3450  │ 27.5803   │ 0.0000   │ 0         │ 0        │ 406       │ 0        │
│ nom_ss_125C_3v00     │ 0.3843   │ 0.3843   │ 0.0000   │ 0        │ 0         │ 12.5497  │ 12.8782   │ 0.0000   │ 0         │ 0        │ 319       │ 88       │
│ min_ss_125C_3v00     │ 0.3697   │ 0.3697   │ 0.0000   │ 0        │ 0         │ 12.7526  │ 13.2237   │ 0.0000   │ 0         │ 0        │ 236       │ 44       │
│ max_ss_125C_3v00     │ 0.3868   │ 0.3868   │ 0.0000   │ 0        │ 0         │ 12.3199  │ 12.4748   │ 0.0000   │ 0         │ 0        │ 426       │ 158      │
└──────────────────────┴──────────┴──────────┴──────────┴──────────┴───────────┴──────────┴───────────┴──────────┴───────────┴──────────┴───────────┴──────────┘
