┏━━━━━━━┳━━━━━━━━━┳━━━━━━━━━━┳━━━━━━━━━━━━━━━━━━━━━━━━━━━━━━━━━━━━━━━━━━━━━━━━━━━┳━━━━━━━━━━━━━┳━━━━━━━━┓
┃ P / R ┃ Partial ┃ Required ┃ Net                                               ┃ Pin         ┃ Layer  ┃
┡━━━━━━━╇━━━━━━━━━╇━━━━━━━━━━╇━━━━━━━━━━━━━━━━━━━━━━━━━━━━━━━━━━━━━━━━━━━━━━━━━━━╇━━━━━━━━━━━━━╇━━━━━━━━┩
│ 2.18  │ 873.72  │ 400.00   │ u_a_buffer.GEN_SRAM.GEN_A_ROWS[2\].sram_q_raw[1\] │ fanout605/A │ Metal4 │
│ 1.81  │ 724.72  │ 400.00   │ net1360                                           │ _10992_/B   │ Metal3 │
│ 1.60  │ 641.97  │ 400.00   │ net785                                            │ _10917_/A   │ Metal3 │
│ 1.54  │ 614.74  │ 400.00   │ net783                                            │ _10918_/A   │ Metal3 │
│ 1.53  │ 613.84  │ 400.00   │ net791                                            │ _10935_/A   │ Metal4 │
│ 1.47  │ 587.84  │ 400.00   │ net467                                            │ fanout466/A │ Metal4 │
│ 1.43  │ 573.00  │ 400.00   │ _02146_                                           │ _11155_/A   │ Metal4 │
│ 1.33  │ 533.39  │ 400.00   │ net508                                            │ fanout505/A │ Metal4 │
│ 1.33  │ 533.06  │ 400.00   │ net11                                             │ _10917_/B   │ Metal3 │
│ 1.33  │ 533.06  │ 400.00   │ net11                                             │ _10928_/B   │ Metal3 │
│ 1.30  │ 518.54  │ 400.00   │ net345                                            │ fanout341/A │ Metal4 │
│ 1.23  │ 492.22  │ 400.00   │ net8                                              │ _10914_/B   │ Metal3 │
│ 1.20  │ 478.61  │ 400.00   │ net651                                            │ fanout649/A │ Metal3 │
│ 1.13  │ 450.48  │ 400.00   │ _02273_                                           │ _11284_/D   │ Metal4 │
│ 1.12  │ 446.49  │ 400.00   │ net779                                            │ _10920_/A   │ Metal3 │
│ 1.12  │ 446.49  │ 400.00   │ net779                                            │ _10931_/A   │ Metal3 │
│ 1.12  │ 446.49  │ 400.00   │ net779                                            │ _10941_/A   │ Metal3 │
│ 1.11  │ 444.58  │ 400.00   │ net361                                            │ fanout357/A │ Metal3 │
│ 1.11  │ 444.58  │ 400.00   │ net361                                            │ fanout360/A │ Metal3 │
│ 1.02  │ 409.58  │ 400.00   │ net913                                            │ _10919_/B   │ Metal4 │
│ 1.02  │ 409.58  │ 400.00   │ net913                                            │ _10980_/B   │ Metal4 │
│ 1.02  │ 409.58  │ 400.00   │ net913                                            │ _10989_/A   │ Metal4 │
│ 1.01  │ 403.20  │ 400.00   │ _01012_                                           │ _18430_/B   │ Metal3 │
│ 1.01  │ 403.20  │ 400.00   │ _01012_                                           │ _20877_/A   │ Metal3 │
│ 1.01  │ 402.76  │ 400.00   │ _02410_                                           │ _11423_/B   │ Metal5 │
└───────┴─────────┴──────────┴───────────────────────────────────────────────────┴─────────────┴────────┘
