┏━━━━━━━┳━━━━━━━━━┳━━━━━━━━━━┳━━━━━━━━━━━━━━━━━━━━━━━━━━━━━━━━━━━━━━━━━━━━━━━━━━━━━━━━━┳━━━━━━━━━━━━━━┳━━━━━━━━┓
┃ P / R ┃ Partial ┃ Required ┃ Net                                                     ┃ Pin          ┃ Layer  ┃
┡━━━━━━━╇━━━━━━━━━╇━━━━━━━━━━╇━━━━━━━━━━━━━━━━━━━━━━━━━━━━━━━━━━━━━━━━━━━━━━━━━━━━━━━━━╇━━━━━━━━━━━━━━╇━━━━━━━━┩
│ 2.64  │ 1054.75 │ 400.00   │ _17510_                                                 │ _24970_/A    │ Metal3 │
│ 1.41  │ 563.90  │ 400.00   │ u_dla.u_b_buffer.GEN_SRAM.GEN_B_COLS[3\].sram_q_raw[6\] │ fanout1519/A │ Metal3 │
│ 1.36  │ 544.65  │ 400.00   │ _16719_                                                 │ fanout1484/A │ Metal3 │
│ 1.06  │ 425.84  │ 400.00   │ net1139                                                 │ _29409_/A    │ Metal3 │
│ 1.06  │ 425.81  │ 400.00   │ pp_act[7\]                                              │ _36676_/A    │ Metal3 │
└───────┴─────────┴──────────┴─────────────────────────────────────────────────────────┴──────────────┴────────┘
