┏━━━━━━━┳━━━━━━━━━┳━━━━━━━━━━┳━━━━━━━━━━━━━━━━━━━━━━━━━━━━━━━━━━━━━━━━━━━━━━━━━━━━━━━━━┳━━━━━━━━━━━━━━━━━━━━━━━━━━━━━━━━━━━━━━━━━━━━━━━━━━━━━━━┳━━━━━━━━┓
┃ P / R ┃ Partial ┃ Required ┃ Net                                                     ┃ Pin                                                   ┃ Layer  ┃
┡━━━━━━━╇━━━━━━━━━╇━━━━━━━━━━╇━━━━━━━━━━━━━━━━━━━━━━━━━━━━━━━━━━━━━━━━━━━━━━━━━━━━━━━━━╇━━━━━━━━━━━━━━━━━━━━━━━━━━━━━━━━━━━━━━━━━━━━━━━━━━━━━━━╇━━━━━━━━┩
│ 3.65  │ 1461.35 │ 400.00   │ u_dla.c_wr_data[1\]                                     │ hold4846/A                                            │ Metal2 │
│ 2.42  │ 967.79  │ 400.00   │ u_met.nl_out[13\]                                       │ _24390_/A                                             │ Metal4 │
│ 2.39  │ 954.17  │ 400.00   │ u_met.nl_out[17\]                                       │ _24394_/A                                             │ Metal4 │
│ 2.28  │ 913.33  │ 400.00   │ net94                                                   │ output94/A                                            │ Metal4 │
│ 1.95  │ 779.18  │ 400.00   │ net1602                                                 │ fanout1598/A                                          │ Metal3 │
│ 1.91  │ 765.56  │ 400.00   │ net1607                                                 │ fanout1603/A                                          │ Metal3 │
│ 1.85  │ 738.33  │ 400.00   │ net1749                                                 │ fanout1746/A                                          │ Metal3 │
│ 1.81  │ 724.32  │ 400.00   │ u_dla.c_wr_data[3\]                                     │ u_dla.u_c_buffer.GEN_SRAM.GEN_D64.u_sram0.u_sram/D[3] │ Metal4 │
│ 1.79  │ 716.28  │ 400.00   │ u_dla.c_wr_data[4\]                                     │ u_dla.u_c_buffer.GEN_SRAM.GEN_D64.u_sram0.u_sram/D[4] │ Metal4 │
│ 1.78  │ 711.11  │ 400.00   │ net1562                                                 │ fanout1558/A                                          │ Metal3 │
│ 1.74  │ 697.49  │ 400.00   │ met_last_acc[22\]                                       │ _34743_/A                                             │ Metal3 │
│ 1.69  │ 675.21  │ 400.00   │ net54                                                   │ _24211_/A                                             │ Metal5 │
│ 1.67  │ 668.86  │ 400.00   │ u_dla.u_b_buffer.GEN_SRAM.GEN_B_COLS[3\].sram_q_raw[6\] │ fanout1518/A                                          │ Metal3 │
│ 1.67  │ 668.86  │ 400.00   │ u_dla.u_b_buffer.GEN_SRAM.GEN_B_COLS[3\].sram_q_raw[6\] │ fanout1519/A                                          │ Metal3 │
│ 1.67  │ 668.86  │ 400.00   │ u_dla.u_b_buffer.GEN_SRAM.GEN_B_COLS[3\].sram_q_raw[6\] │ fanout1523/A                                          │ Metal3 │
│ 1.66  │ 662.39  │ 400.00   │ net1567                                                 │ fanout1564/A                                          │ Metal3 │
│ 1.66  │ 662.39  │ 400.00   │ net1567                                                 │ fanout1566/A                                          │ Metal3 │
│ 1.54  │ 615.81  │ 400.00   │ _14561_                                                 │ _42820_/B                                             │ Metal3 │
│ 1.50  │ 601.13  │ 400.00   │ u_dla.u_b_buffer.GEN_SRAM.GEN_B_COLS[0\].sram_q_raw[3\] │ fanout1654/A                                          │ Metal3 │
│ 1.50  │ 601.13  │ 400.00   │ net1136                                                 │ fanout1133/A                                          │ Metal3 │
│ 1.46  │ 583.48  │ 400.00   │ u_dla.c_wr_data[6\]                                     │ u_dla.u_c_buffer.GEN_SRAM.GEN_D64.u_sram0.u_sram/D[6] │ Metal4 │
│ 1.38  │ 551.80  │ 400.00   │ net64                                                   │ _24193_/A                                             │ Metal5 │
│ 1.38  │ 551.80  │ 400.00   │ net64                                                   │ _24312_/A                                             │ Metal5 │
│ 1.37  │ 547.75  │ 400.00   │ net1098                                                 │ fanout1088/A                                          │ Metal3 │
│ 1.37  │ 547.75  │ 400.00   │ net1486                                                 │ fanout1485/A                                          │ Metal3 │
│ 1.33  │ 532.32  │ 400.00   │ u_dla.u_a_buffer.GEN_SRAM.GEN_A_ROWS[0\].sram_q_raw[7\] │ fanout1823/A                                          │ Metal4 │
│ 1.33  │ 532.16  │ 400.00   │ u_dla.u_a_buffer.GEN_SRAM.GEN_A_ROWS[1\].sram_q_raw[7\] │ fanout1775/A                                          │ Metal4 │
│ 1.30  │ 519.77  │ 400.00   │ u_dla.u_b_buffer.GEN_SRAM.GEN_B_COLS[2\].sram_q_raw[3\] │ fanout1579/A                                          │ Metal4 │
│ 1.30  │ 519.62  │ 400.00   │ u_dla.c_wr_data[10\]                                    │ hold4801/A                                            │ Metal3 │
│ 1.30  │ 519.45  │ 400.00   │ net1386                                                 │ fanout1377/A                                          │ Metal3 │
│ 1.30  │ 519.45  │ 400.00   │ net1533                                                 │ fanout1529/A                                          │ Metal3 │
│ 1.30  │ 519.45  │ 400.00   │ net1730                                                 │ _31247_/B                                             │ Metal3 │
│ 1.27  │ 506.91  │ 400.00   │ net1288                                                 │ _27370_/C                                             │ Metal3 │
│ 1.26  │ 505.48  │ 400.00   │ u_dla.u_b_buffer.GEN_SRAM.GEN_B_COLS[0\].sram_q_raw[7\] │ _27082_/A                                             │ Metal3 │
│ 1.26  │ 505.48  │ 400.00   │ u_dla.u_b_buffer.GEN_SRAM.GEN_B_COLS[0\].sram_q_raw[7\] │ _27110_/A                                             │ Metal3 │
│ 1.26  │ 504.93  │ 400.00   │ u_dla.u_a_buffer.GEN_SRAM.GEN_A_ROWS[0\].sram_q_raw[5\] │ _45473_/A                                             │ Metal4 │
│ 1.26  │ 502.07  │ 400.00   │ net1294                                                 │ fanout1290/A                                          │ Metal5 │
│ 1.26  │ 502.07  │ 400.00   │ net1294                                                 │ fanout1291/A                                          │ Metal5 │
│ 1.26  │ 502.07  │ 400.00   │ net1294                                                 │ fanout1292/A                                          │ Metal5 │
│ 1.26  │ 502.07  │ 400.00   │ net1294                                                 │ fanout1293/A                                          │ Metal5 │
│ 1.23  │ 492.22  │ 400.00   │ u_dla.u_b_buffer.GEN_SRAM.GEN_B_COLS[1\].sram_q_raw[4\] │ fanout1611/A                                          │ Metal3 │
│ 1.21  │ 484.30  │ 400.00   │ net89                                                   │ output89/A                                            │ Metal5 │
│ 1.20  │ 479.68  │ 400.00   │ _17804_                                                 │ _25542_/B                                             │ Metal3 │
│ 1.18  │ 471.58  │ 400.00   │ net88                                                   │ output88/A                                            │ Metal5 │
│ 1.17  │ 469.62  │ 400.00   │ net66                                                   │ _24014_/A                                             │ Metal5 │
│ 1.17  │ 469.62  │ 400.00   │ net66                                                   │ _24312_/B                                             │ Metal5 │
│ 1.16  │ 465.00  │ 400.00   │ net1550                                                 │ fanout1549/A                                          │ Metal3 │
│ 1.13  │ 450.48  │ 400.00   │ _09248_                                                 │ fanout900/A                                           │ Metal4 │
│ 1.13  │ 450.48  │ 400.00   │ net1329                                                 │ fanout1304/A                                          │ Metal4 │
│ 1.11  │ 444.04  │ 400.00   │ u_dla.u_b_buffer.GEN_SRAM.GEN_B_COLS[1\].sram_q_raw[7\] │ _23897_/A                                             │ Metal3 │
│ 1.09  │ 437.77  │ 400.00   │ net1442                                                 │ fanout1437/A                                          │ Metal3 │
│ 1.09  │ 437.77  │ 400.00   │ net1592                                                 │ _32822_/A                                             │ Metal3 │
│ 1.09  │ 437.77  │ 400.00   │ net1592                                                 │ fanout1588/A                                          │ Metal3 │
│ 1.09  │ 437.77  │ 400.00   │ net1592                                                 │ fanout1589/A                                          │ Metal3 │
│ 1.09  │ 436.86  │ 400.00   │ u_dla.u_a_buffer.GEN_SRAM.GEN_A_ROWS[1\].sram_q_raw[2\] │ fanout1801/A                                          │ Metal4 │
│ 1.09  │ 436.86  │ 400.00   │ u_dla.u_a_buffer.GEN_SRAM.GEN_A_ROWS[1\].sram_q_raw[5\] │ fanout1787/A                                          │ Metal4 │
│ 1.04  │ 414.97  │ 400.00   │ net81                                                   │ output81/A                                            │ Metal5 │
│ 1.04  │ 414.30  │ 400.00   │ net86                                                   │ output86/A                                            │ Metal5 │
│ 1.03  │ 410.15  │ 400.00   │ _09218_                                                 │ fanout911/A                                           │ Metal2 │
│ 1.00  │ 401.58  │ 400.00   │ net87                                                   │ output87/A                                            │ Metal5 │
│ 1.00  │ 400.10  │ 400.00   │ met_score_y[7\]                                         │ _42404_/A                                             │ Metal5 │
│ 1.00  │ 400.10  │ 400.00   │ met_score_y[7\]                                         │ fanout2090/A                                          │ Metal5 │
└───────┴─────────┴──────────┴─────────────────────────────────────────────────────────┴───────────────────────────────────────────────────────┴────────┘
