┏━━━━━━━┳━━━━━━━━━┳━━━━━━━━━━┳━━━━━━━━━━━━━━━━━━━━━━━━━━━━━━━━━━━━━━━━━━━━━━━━━━━┳━━━━━━━━━━━━━┳━━━━━━━━┓
┃ P / R ┃ Partial ┃ Required ┃ Net                                               ┃ Pin         ┃ Layer  ┃
┡━━━━━━━╇━━━━━━━━━╇━━━━━━━━━━╇━━━━━━━━━━━━━━━━━━━━━━━━━━━━━━━━━━━━━━━━━━━━━━━━━━━╇━━━━━━━━━━━━━╇━━━━━━━━┩
│ 2.59  │ 1035.85 │ 400.00   │ u_a_buffer.GEN_SRAM.GEN_A_ROWS[2\].sram_q_raw[7\] │ fanout575/A │ Metal4 │
│ 2.12  │ 846.50  │ 400.00   │ u_a_buffer.GEN_SRAM.GEN_A_ROWS[2\].sram_q_raw[0\] │ fanout613/A │ Metal4 │
│ 1.81  │ 724.72  │ 400.00   │ net883                                            │ fanout868/A │ Metal3 │
│ 1.81  │ 724.14  │ 400.00   │ net438                                            │ fanout434/A │ Metal4 │
│ 1.78  │ 710.04  │ 400.00   │ net770                                            │ _10951_/B   │ Metal3 │
│ 1.74  │ 695.52  │ 400.00   │ u_a_buffer.GEN_SRAM.GEN_A_ROWS[2\].sram_q_raw[1\] │ fanout607/A │ Metal4 │
│ 1.74  │ 695.52  │ 400.00   │ net393                                            │ fanout390/A │ Metal4 │
│ 1.67  │ 668.29  │ 400.00   │ net350                                            │ fanout346/A │ Metal4 │
│ 1.61  │ 642.30  │ 400.00   │ net482                                            │ fanout481/A │ Metal4 │
│ 1.57  │ 628.52  │ 400.00   │ net781                                            │ _10987_/B   │ Metal4 │
│ 1.57  │ 627.45  │ 400.00   │ net780                                            │ _10937_/A   │ Metal4 │
│ 1.57  │ 627.45  │ 400.00   │ net781                                            │ _10915_/A   │ Metal4 │
│ 1.57  │ 627.45  │ 400.00   │ net910                                            │ _10986_/A   │ Metal4 │
│ 1.55  │ 620.72  │ 400.00   │ net1358                                           │ _10931_/A   │ Metal4 │
│ 1.55  │ 620.72  │ 400.00   │ net1358                                           │ fanout771/A │ Metal4 │
│ 1.53  │ 613.84  │ 400.00   │ net772                                            │ _10920_/A   │ Metal4 │
│ 1.47  │ 587.57  │ 400.00   │ net409                                            │ fanout405/A │ Metal3 │
│ 1.38  │ 552.03  │ 400.00   │ net11                                             │ _10917_/B   │ Metal3 │
│ 1.38  │ 552.03  │ 400.00   │ net11                                             │ _10928_/B   │ Metal3 │
│ 1.37  │ 547.00  │ 400.00   │ net290                                            │ fanout277/A │ Metal4 │
│ 1.33  │ 533.06  │ 400.00   │ net903                                            │ _10921_/B   │ Metal3 │
│ 1.32  │ 526.42  │ 400.00   │ net449                                            │ _14928_/A   │ Metal3 │
│ 1.32  │ 526.42  │ 400.00   │ net449                                            │ fanout447/A │ Metal3 │
│ 1.26  │ 504.93  │ 400.00   │ _02149_                                           │ _11157_/A   │ Metal4 │
│ 1.23  │ 491.48  │ 400.00   │ u_a_buffer.GEN_SRAM.GEN_A_ROWS[0\].sram_q_raw[6\] │ fanout668/A │ Metal4 │
│ 1.20  │ 479.68  │ 400.00   │ net831                                            │ fanout830/A │ Metal3 │
│ 1.20  │ 478.76  │ 400.00   │ net778                                            │ _10928_/A   │ Metal3 │
│ 1.17  │ 469.46  │ 400.00   │ net333                                            │ _13907_/B   │ Metal2 │
│ 1.13  │ 452.45  │ 400.00   │ u_b_buffer.GEN_SRAM.GEN_B_COLS[0\].sram_q_raw[5\] │ fanout490/A │ Metal3 │
│ 1.13  │ 450.48  │ 400.00   │ _02020_                                           │ _11034_/D   │ Metal4 │
│ 1.06  │ 424.21  │ 400.00   │ net465                                            │ fanout464/A │ Metal3 │
│ 1.06  │ 423.80  │ 400.00   │ net908                                            │ _10948_/A   │ Metal3 │
│ 1.06  │ 423.80  │ 400.00   │ net908                                            │ _10969_/B   │ Metal3 │
│ 1.06  │ 423.80  │ 400.00   │ net908                                            │ _10979_/B   │ Metal3 │
│ 1.06  │ 423.25  │ 400.00   │ _02072_                                           │ _11087_/D   │ Metal4 │
│ 1.05  │ 418.30  │ 400.00   │ net906                                            │ _10919_/B   │ Metal4 │
│ 1.05  │ 418.30  │ 400.00   │ net906                                            │ _10980_/B   │ Metal4 │
│ 1.05  │ 418.30  │ 400.00   │ net906                                            │ _10989_/A   │ Metal4 │
└───────┴─────────┴──────────┴───────────────────────────────────────────────────┴─────────────┴────────┘
