┏━━━━━━━━━━━━━━━━━━━━━━┳━━━━━━━━━━┳━━━━━━━━━━┳━━━━━━━━━━┳━━━━━━━━━━┳━━━━━━━━━━━┳━━━━━━━━━━┳━━━━━━━━━━━┳━━━━━━━━━━┳━━━━━━━━━━━┳━━━━━━━━━━┳━━━━━━━━━━━┳━━━━━━━━━━┓
┃                      ┃ Hold     ┃ Reg to   ┃          ┃          ┃ of which  ┃ Setup    ┃           ┃          ┃           ┃ of which ┃           ┃          ┃
┃                      ┃ Worst    ┃ Reg      ┃          ┃ Hold Vio ┃ reg to    ┃ Worst    ┃ Reg to    ┃ Setup    ┃ Setup Vio ┃ reg to   ┃ Max Cap   ┃ Max Slew ┃
┃ Corner/Group         ┃ Slack    ┃ Paths    ┃ Hold TNS ┃ Count    ┃ reg       ┃ Slack    ┃ Reg Paths ┃ TNS      ┃ Count     ┃ reg      ┃ Violatio… ┃ Violati… ┃
┡━━━━━━━━━━━━━━━━━━━━━━╇━━━━━━━━━━╇━━━━━━━━━━╇━━━━━━━━━━╇━━━━━━━━━━╇━━━━━━━━━━━╇━━━━━━━━━━╇━━━━━━━━━━━╇━━━━━━━━━━╇━━━━━━━━━━━╇━━━━━━━━━━╇━━━━━━━━━━━╇━━━━━━━━━━┩
│ Overall              │ 0.1163   │ 0.1163   │ 0.0000   │ 0        │ 0         │ 16.2359  │ 16.2359   │ 0.0000   │ 0         │ 0        │ 125       │ 70       │
│ nom_tt_025C_3v30     │ 0.2190   │ 0.2190   │ 0.0000   │ 0        │ 0         │ 25.3739  │ 25.3739   │ 0.0000   │ 0         │ 0        │ 99        │ 0        │
│ min_tt_025C_3v30     │ 0.2162   │ 0.2162   │ 0.0000   │ 0        │ 0         │ 25.5595  │ 25.5595   │ 0.0000   │ 0         │ 0        │ 72        │ 0        │
│ max_tt_025C_3v30     │ 0.2225   │ 0.2225   │ 0.0000   │ 0        │ 0         │ 25.1539  │ 25.1539   │ 0.0000   │ 0         │ 0        │ 123       │ 0        │
│ nom_ff_n40C_3v60     │ 0.1186   │ 0.1186   │ 0.0000   │ 0        │ 0         │ 29.2619  │ 29.7451   │ 0.0000   │ 0         │ 0        │ 96        │ 0        │
│ min_ff_n40C_3v60     │ 0.1163   │ 0.1163   │ 0.0000   │ 0        │ 0         │ 29.3234  │ 29.8893   │ 0.0000   │ 0         │ 0        │ 68        │ 0        │
│ max_ff_n40C_3v60     │ 0.1214   │ 0.1214   │ 0.0000   │ 0        │ 0         │ 29.1866  │ 29.5762   │ 0.0000   │ 0         │ 0        │ 119       │ 0        │
│ nom_ss_125C_3v00     │ 0.3751   │ 0.3751   │ 0.0000   │ 0        │ 0         │ 16.4957  │ 16.4957   │ 0.0000   │ 0         │ 0        │ 101       │ 20       │
│ min_ss_125C_3v00     │ 0.3598   │ 0.3598   │ 0.0000   │ 0        │ 0         │ 16.6627  │ 16.6627   │ 0.0000   │ 0         │ 0        │ 75        │ 20       │
│ max_ss_125C_3v00     │ 0.3797   │ 0.3797   │ 0.0000   │ 0        │ 0         │ 16.2359  │ 16.2359   │ 0.0000   │ 0         │ 0        │ 125       │ 70       │
└──────────────────────┴──────────┴──────────┴──────────┴──────────┴───────────┴──────────┴───────────┴──────────┴───────────┴──────────┴───────────┴──────────┘
