┏━━━━━━━━━━━━━━━━━━━━━━┳━━━━━━━━━━┳━━━━━━━━━━┳━━━━━━━━━━┳━━━━━━━━━━┳━━━━━━━━━━━┳━━━━━━━━━━┳━━━━━━━━━━━┳━━━━━━━━━━┳━━━━━━━━━━━┳━━━━━━━━━━┳━━━━━━━━━━━┳━━━━━━━━━━┓
┃                      ┃ Hold     ┃ Reg to   ┃          ┃          ┃ of which  ┃ Setup    ┃           ┃          ┃           ┃ of which ┃           ┃          ┃
┃                      ┃ Worst    ┃ Reg      ┃          ┃ Hold Vio ┃ reg to    ┃ Worst    ┃ Reg to    ┃ Setup    ┃ Setup Vio ┃ reg to   ┃ Max Cap   ┃ Max Slew ┃
┃ Corner/Group         ┃ Slack    ┃ Paths    ┃ Hold TNS ┃ Count    ┃ reg       ┃ Slack    ┃ Reg Paths ┃ TNS      ┃ Count     ┃ reg      ┃ Violatio… ┃ Violati… ┃
┡━━━━━━━━━━━━━━━━━━━━━━╇━━━━━━━━━━╇━━━━━━━━━━╇━━━━━━━━━━╇━━━━━━━━━━╇━━━━━━━━━━━╇━━━━━━━━━━╇━━━━━━━━━━━╇━━━━━━━━━━╇━━━━━━━━━━━╇━━━━━━━━━━╇━━━━━━━━━━━╇━━━━━━━━━━┩
│ Overall              │ 0.1200   │ 0.1200   │ 0.0000   │ 0        │ 0         │ 12.3327  │ 12.3327   │ 0.0000   │ 0         │ 0        │ 427       │ 136      │
│ nom_tt_025C_3v30     │ 0.2234   │ 0.2234   │ 0.0000   │ 0        │ 0         │ 17.9828  │ 22.7265   │ 0.0000   │ 0         │ 0        │ 325       │ 16       │
│ min_tt_025C_3v30     │ 0.2218   │ 0.2218   │ 0.0000   │ 0        │ 0         │ 18.2012  │ 22.9774   │ 0.0000   │ 0         │ 0        │ 243       │ 0        │
│ max_tt_025C_3v30     │ 0.2254   │ 0.2254   │ 0.0000   │ 0        │ 0         │ 17.5950  │ 22.4240   │ 0.0000   │ 0         │ 0        │ 420       │ 16       │
│ nom_ff_n40C_3v60     │ 0.1212   │ 0.1212   │ 0.0000   │ 0        │ 0         │ 19.1612  │ 27.0710   │ 0.0000   │ 0         │ 0        │ 314       │ 0        │
│ min_ff_n40C_3v60     │ 0.1200   │ 0.1200   │ 0.0000   │ 0        │ 0         │ 19.3448  │ 27.3409   │ 0.0000   │ 0         │ 0        │ 234       │ 0        │
│ max_ff_n40C_3v60     │ 0.1228   │ 0.1228   │ 0.0000   │ 0        │ 0         │ 18.8592  │ 26.7532   │ 0.0000   │ 0         │ 0        │ 409       │ 0        │
│ nom_ss_125C_3v00     │ 0.3133   │ 0.3133   │ 0.0000   │ 0        │ 0         │ 12.7440  │ 12.7440   │ 0.0000   │ 0         │ 0        │ 332       │ 64       │
│ min_ss_125C_3v00     │ 0.2958   │ 0.2958   │ 0.0000   │ 0        │ 0         │ 13.0908  │ 13.0908   │ 0.0000   │ 0         │ 0        │ 248       │ 16       │
│ max_ss_125C_3v00     │ 0.3288   │ 0.3288   │ 0.0000   │ 0        │ 0         │ 12.3327  │ 12.3327   │ 0.0000   │ 0         │ 0        │ 427       │ 136      │
└──────────────────────┴──────────┴──────────┴──────────┴──────────┴───────────┴──────────┴───────────┴──────────┴───────────┴──────────┴───────────┴──────────┘
