┏━━━━━━━┳━━━━━━━━━┳━━━━━━━━━━┳━━━━━━━━━━━━━━━━━━━━━━━━━━━━━━━━━━━━━━━━━━━━━━━━━━━┳━━━━━━━━━━━━━┳━━━━━━━━┓
┃ P / R ┃ Partial ┃ Required ┃ Net                                               ┃ Pin         ┃ Layer  ┃
┡━━━━━━━╇━━━━━━━━━╇━━━━━━━━━━╇━━━━━━━━━━━━━━━━━━━━━━━━━━━━━━━━━━━━━━━━━━━━━━━━━━━╇━━━━━━━━━━━━━╇━━━━━━━━┩
│ 4.10  │ 1640.14 │ 400.00   │ k_idx[4\]                                         │ hold1340/A  │ Metal4 │
│ 3.42  │ 1367.30 │ 400.00   │ k_idx[5\]                                         │ hold1338/A  │ Metal4 │
│ 2.86  │ 1144.76 │ 400.00   │ u_b_buffer.GEN_SRAM.GEN_B_COLS[1\].sram_q_raw[7\] │ fanout436/A │ Metal4 │
│ 1.74  │ 696.42  │ 400.00   │ u_b_buffer.GEN_SRAM.GEN_B_COLS[1\].sram_q_raw[5\] │ fanout450/A │ Metal3 │
│ 1.71  │ 682.97  │ 400.00   │ net900                                            │ _10932_/B   │ Metal3 │
│ 1.67  │ 669.20  │ 400.00   │ net764                                            │ _10963_/A   │ Metal3 │
│ 1.60  │ 641.68  │ 400.00   │ net776                                            │ _10915_/A   │ Metal4 │
│ 1.60  │ 641.68  │ 400.00   │ net776                                            │ _10978_/A   │ Metal4 │
│ 1.47  │ 588.59  │ 400.00   │ net369                                            │ fanout366/A │ Metal3 │
│ 1.34  │ 534.13  │ 400.00   │ net299                                            │ fanout288/A │ Metal3 │
│ 1.33  │ 533.06  │ 400.00   │ u_b_buffer.GEN_SRAM.GEN_B_COLS[1\].sram_q_raw[2\] │ fanout466/A │ Metal3 │
│ 1.27  │ 508.90  │ 400.00   │ net789                                            │ fanout788/A │ Metal2 │
│ 1.25  │ 500.94  │ 400.00   │ _02137_                                           │ _11145_/B   │ Metal5 │
│ 1.23  │ 491.32  │ 400.00   │ _02090_                                           │ _11098_/A   │ Metal4 │
│ 1.19  │ 477.70  │ 400.00   │ _02283_                                           │ _11295_/A   │ Metal4 │
│ 1.19  │ 477.70  │ 400.00   │ u_a_buffer.GEN_SRAM.GEN_A_ROWS[3\].sram_q_raw[5\] │ fanout541/A │ Metal4 │
│ 1.18  │ 470.06  │ 400.00   │ _02084_                                           │ _11091_/B   │ Metal5 │
│ 1.16  │ 463.88  │ 400.00   │ _02032_                                           │ _11038_/B   │ Metal5 │
│ 1.16  │ 463.55  │ 400.00   │ u_a_buffer.GEN_SRAM.GEN_A_ROWS[1\].sram_q_raw[1\] │ _20288_/A   │ Metal4 │
│ 1.16  │ 463.55  │ 400.00   │ u_a_buffer.GEN_SRAM.GEN_A_ROWS[1\].sram_q_raw[1\] │ fanout642/A │ Metal4 │
│ 1.14  │ 457.71  │ 400.00   │ _02190_                                           │ _11199_/B   │ Metal5 │
│ 1.13  │ 451.38  │ 400.00   │ net330                                            │ fanout329/A │ Metal3 │
│ 1.12  │ 448.73  │ 400.00   │ k_idx[3\]                                         │ hold1341/A  │ Metal3 │
│ 1.09  │ 437.77  │ 400.00   │ u_b_buffer.GEN_SRAM.GEN_B_COLS[3\].sram_q_raw[5\] │ fanout355/A │ Metal3 │
│ 1.09  │ 437.77  │ 400.00   │ u_b_buffer.GEN_SRAM.GEN_B_COLS[3\].sram_q_raw[5\] │ fanout358/A │ Metal3 │
│ 1.09  │ 436.51  │ 400.00   │ net778                                            │ _10914_/A   │ Metal4 │
│ 1.09  │ 436.51  │ 400.00   │ net778                                            │ _10977_/A   │ Metal4 │
│ 1.09  │ 436.51  │ 400.00   │ net778                                            │ _10986_/B   │ Metal4 │
│ 1.09  │ 436.51  │ 400.00   │ net902                                            │ _10919_/B   │ Metal4 │
│ 1.09  │ 436.51  │ 400.00   │ net902                                            │ _10980_/B   │ Metal4 │
│ 1.09  │ 436.51  │ 400.00   │ net902                                            │ _10989_/A   │ Metal4 │
│ 1.08  │ 433.00  │ 400.00   │ _02364_                                           │ _11377_/B   │ Metal5 │
│ 1.08  │ 432.32  │ 400.00   │ net901                                            │ _10920_/B   │ Metal4 │
│ 1.08  │ 432.32  │ 400.00   │ net901                                            │ _10981_/B   │ Metal4 │
│ 1.08  │ 432.32  │ 400.00   │ net901                                            │ _10990_/A   │ Metal4 │
│ 1.07  │ 427.43  │ 400.00   │ net766                                            │ _10941_/A   │ Metal4 │
│ 1.07  │ 427.43  │ 400.00   │ net766                                            │ _10950_/B   │ Metal4 │
│ 1.07  │ 427.43  │ 400.00   │ net766                                            │ _10973_/A   │ Metal4 │
│ 1.07  │ 427.38  │ 400.00   │ net763                                            │ _10942_/A   │ Metal4 │
│ 1.07  │ 427.38  │ 400.00   │ net763                                            │ _10951_/B   │ Metal4 │
│ 1.07  │ 427.38  │ 400.00   │ net763                                            │ _10974_/A   │ Metal4 │
│ 1.07  │ 427.38  │ 400.00   │ net777                                            │ _10935_/A   │ Metal4 │
│ 1.07  │ 427.38  │ 400.00   │ net777                                            │ _10944_/B   │ Metal4 │
│ 1.07  │ 427.38  │ 400.00   │ net777                                            │ _10967_/A   │ Metal4 │
│ 1.07  │ 427.38  │ 400.00   │ net905                                            │ _10916_/B   │ Metal4 │
│ 1.07  │ 427.38  │ 400.00   │ net905                                            │ _10977_/B   │ Metal4 │
│ 1.07  │ 427.38  │ 400.00   │ net905                                            │ _10986_/A   │ Metal4 │
│ 1.07  │ 427.02  │ 400.00   │ net765                                            │ _10920_/A   │ Metal4 │
│ 1.07  │ 427.02  │ 400.00   │ net765                                            │ _10983_/A   │ Metal4 │
│ 1.07  │ 427.02  │ 400.00   │ net765                                            │ _10992_/B   │ Metal4 │
│ 1.07  │ 427.02  │ 400.00   │ net768                                            │ _10940_/A   │ Metal4 │
│ 1.07  │ 427.02  │ 400.00   │ net768                                            │ _10949_/B   │ Metal4 │
│ 1.07  │ 427.02  │ 400.00   │ net768                                            │ _10972_/A   │ Metal4 │
│ 1.07  │ 427.02  │ 400.00   │ net903                                            │ _10918_/B   │ Metal4 │
│ 1.07  │ 427.02  │ 400.00   │ net903                                            │ _10979_/B   │ Metal4 │
│ 1.07  │ 427.02  │ 400.00   │ net903                                            │ _10988_/A   │ Metal4 │
│ 1.06  │ 424.16  │ 400.00   │ net404                                            │ _20136_/A   │ Metal3 │
│ 1.06  │ 422.48  │ 400.00   │ net904                                            │ _10917_/B   │ Metal4 │
│ 1.06  │ 422.48  │ 400.00   │ net904                                            │ _10978_/B   │ Metal4 │
│ 1.06  │ 422.48  │ 400.00   │ net904                                            │ _10987_/A   │ Metal4 │
│ 1.04  │ 415.13  │ 400.00   │ net360                                            │ _15793_/B   │ Metal2 │
│ 1.02  │ 408.29  │ 400.00   │ _02120_                                           │ _11128_/B   │ Metal5 │
│ 1.01  │ 402.12  │ 400.00   │ _02155_                                           │ _11164_/B   │ Metal5 │
│ 1.00  │ 400.75  │ 400.00   │ net899                                            │ _10943_/A   │ Metal3 │
│ 1.00  │ 400.75  │ 400.00   │ net899                                            │ _10983_/B   │ Metal3 │
└───────┴─────────┴──────────┴───────────────────────────────────────────────────┴─────────────┴────────┘
