
Cell gf180mcu_as_sc_mcu7t3v3__diode_2 (0) disconnected node: VDD
Cell gf180mcu_as_sc_mcu7t3v3__diode_2 (0) disconnected node: VNW
Cell gf180mcu_as_sc_mcu7t3v3__diode_2 (0) disconnected node: VPW
Cell gf180mcu_as_sc_mcu7t3v3__diode_2 (0) disconnected node: VSS
Cell gf180mcu_as_sc_mcu7t3v3__diode_2 (0) disconnected node: DIODE
Cell gf180mcu_as_sc_mcu7t3v3__diode_2 (1) disconnected node: VDD
Cell gf180mcu_as_sc_mcu7t3v3__diode_2 (1) disconnected node: VSS

Subcircuit pins:
Circuit 1: gf180mcu_as_sc_mcu7t3v3__diode_ |Circuit 2: gf180mcu_as_sc_mcu7t3v3__diode_ 
-------------------------------------------|-------------------------------------------
VDD                                        |VDD                                        
VNW                                        |VNW                                        
VPW                                        |VPW                                        
VSS                                        |VSS                                        
DIODE                                      |DIODE                                      
---------------------------------------------------------------------------------------
Cell pin lists are equivalent.
Device classes gf180mcu_as_sc_mcu7t3v3__diode_2 and gf180mcu_as_sc_mcu7t3v3__diode_2 are equivalent.

Cell gf180mcu_as_sc_mcu7t3v3__fillcap_8 (0) disconnected node: VDD
Cell gf180mcu_as_sc_mcu7t3v3__fillcap_8 (0) disconnected node: VNW
Cell gf180mcu_as_sc_mcu7t3v3__fillcap_8 (0) disconnected node: VPW
Cell gf180mcu_as_sc_mcu7t3v3__fillcap_8 (0) disconnected node: VSS

Subcircuit pins:
Circuit 1: gf180mcu_as_sc_mcu7t3v3__fillca |Circuit 2: gf180mcu_as_sc_mcu7t3v3__fillca 
-------------------------------------------|-------------------------------------------
VDD                                        |VDD                                        
VNW                                        |VNW                                        
VPW                                        |VPW                                        
VSS                                        |VSS                                        
---------------------------------------------------------------------------------------
Cell pin lists are equivalent.
Device classes gf180mcu_as_sc_mcu7t3v3__fillcap_8 and gf180mcu_as_sc_mcu7t3v3__fillcap_8 are equivalent.

Cell gf180mcu_as_sc_mcu7t3v3__xor2_2 (0) disconnected node: VDD
Cell gf180mcu_as_sc_mcu7t3v3__xor2_2 (0) disconnected node: VNW
Cell gf180mcu_as_sc_mcu7t3v3__xor2_2 (0) disconnected node: VPW
Cell gf180mcu_as_sc_mcu7t3v3__xor2_2 (0) disconnected node: VSS
Cell gf180mcu_as_sc_mcu7t3v3__xor2_2 (0) disconnected node: B
Cell gf180mcu_as_sc_mcu7t3v3__xor2_2 (0) disconnected node: A
Cell gf180mcu_as_sc_mcu7t3v3__xor2_2 (0) disconnected node: Y

Subcircuit pins:
Circuit 1: gf180mcu_as_sc_mcu7t3v3__xor2_2 |Circuit 2: gf180mcu_as_sc_mcu7t3v3__xor2_2 
-------------------------------------------|-------------------------------------------
VDD                                        |VDD                                        
VNW                                        |VNW                                        
VPW                                        |VPW                                        
VSS                                        |VSS                                        
B                                          |B                                          
A                                          |A                                          
Y                                          |Y                                          
---------------------------------------------------------------------------------------
Cell pin lists are equivalent.
Device classes gf180mcu_as_sc_mcu7t3v3__xor2_2 and gf180mcu_as_sc_mcu7t3v3__xor2_2 are equivalent.

Cell gf180mcu_as_sc_mcu7t3v3__fillcap_4 (0) disconnected node: VDD
Cell gf180mcu_as_sc_mcu7t3v3__fillcap_4 (0) disconnected node: VNW
Cell gf180mcu_as_sc_mcu7t3v3__fillcap_4 (0) disconnected node: VPW
Cell gf180mcu_as_sc_mcu7t3v3__fillcap_4 (0) disconnected node: VSS

Subcircuit pins:
Circuit 1: gf180mcu_as_sc_mcu7t3v3__fillca |Circuit 2: gf180mcu_as_sc_mcu7t3v3__fillca 
-------------------------------------------|-------------------------------------------
VDD                                        |VDD                                        
VNW                                        |VNW                                        
VPW                                        |VPW                                        
VSS                                        |VSS                                        
---------------------------------------------------------------------------------------
Cell pin lists are equivalent.
Device classes gf180mcu_as_sc_mcu7t3v3__fillcap_4 and gf180mcu_as_sc_mcu7t3v3__fillcap_4 are equivalent.

Cell gf180mcu_as_sc_mcu7t3v3__nand2_2 (0) disconnected node: VDD
Cell gf180mcu_as_sc_mcu7t3v3__nand2_2 (0) disconnected node: VNW
Cell gf180mcu_as_sc_mcu7t3v3__nand2_2 (0) disconnected node: VPW
Cell gf180mcu_as_sc_mcu7t3v3__nand2_2 (0) disconnected node: VSS
Cell gf180mcu_as_sc_mcu7t3v3__nand2_2 (0) disconnected node: Y
Cell gf180mcu_as_sc_mcu7t3v3__nand2_2 (0) disconnected node: B
Cell gf180mcu_as_sc_mcu7t3v3__nand2_2 (0) disconnected node: A

Subcircuit pins:
Circuit 1: gf180mcu_as_sc_mcu7t3v3__nand2_ |Circuit 2: gf180mcu_as_sc_mcu7t3v3__nand2_ 
-------------------------------------------|-------------------------------------------
VDD                                        |VDD                                        
VNW                                        |VNW                                        
VPW                                        |VPW                                        
VSS                                        |VSS                                        
Y                                          |Y                                          
B                                          |B                                          
A                                          |A                                          
---------------------------------------------------------------------------------------
Cell pin lists are equivalent.
Device classes gf180mcu_as_sc_mcu7t3v3__nand2_2 and gf180mcu_as_sc_mcu7t3v3__nand2_2 are equivalent.

Cell gf180mcu_as_sc_mcu7t3v3__fillcap_16 (0) disconnected node: VDD
Cell gf180mcu_as_sc_mcu7t3v3__fillcap_16 (0) disconnected node: VNW
Cell gf180mcu_as_sc_mcu7t3v3__fillcap_16 (0) disconnected node: VPW
Cell gf180mcu_as_sc_mcu7t3v3__fillcap_16 (0) disconnected node: VSS

Subcircuit pins:
Circuit 1: gf180mcu_as_sc_mcu7t3v3__fillca |Circuit 2: gf180mcu_as_sc_mcu7t3v3__fillca 
-------------------------------------------|-------------------------------------------
VDD                                        |VDD                                        
VNW                                        |VNW                                        
VPW                                        |VPW                                        
VSS                                        |VSS                                        
---------------------------------------------------------------------------------------
Cell pin lists are equivalent.
Device classes gf180mcu_as_sc_mcu7t3v3__fillcap_16 and gf180mcu_as_sc_mcu7t3v3__fillcap_16 are equivalent.

Cell gf180mcu_as_sc_mcu7t3v3__tieh_4 (0) disconnected node: VDD
Cell gf180mcu_as_sc_mcu7t3v3__tieh_4 (0) disconnected node: VNW
Cell gf180mcu_as_sc_mcu7t3v3__tieh_4 (0) disconnected node: VPW
Cell gf180mcu_as_sc_mcu7t3v3__tieh_4 (0) disconnected node: VSS
Cell gf180mcu_as_sc_mcu7t3v3__tieh_4 (0) disconnected node: ONE

Subcircuit pins:
Circuit 1: gf180mcu_as_sc_mcu7t3v3__tieh_4 |Circuit 2: gf180mcu_as_sc_mcu7t3v3__tieh_4 
-------------------------------------------|-------------------------------------------
VDD                                        |VDD                                        
VNW                                        |VNW                                        
VPW                                        |VPW                                        
VSS                                        |VSS                                        
ONE                                        |ONE                                        
---------------------------------------------------------------------------------------
Cell pin lists are equivalent.
Device classes gf180mcu_as_sc_mcu7t3v3__tieh_4 and gf180mcu_as_sc_mcu7t3v3__tieh_4 are equivalent.

Cell gf180mcu_as_sc_mcu7t3v3__dfsrtp_2 (0) disconnected node: VDD
Cell gf180mcu_as_sc_mcu7t3v3__dfsrtp_2 (0) disconnected node: VNW
Cell gf180mcu_as_sc_mcu7t3v3__dfsrtp_2 (0) disconnected node: VPW
Cell gf180mcu_as_sc_mcu7t3v3__dfsrtp_2 (0) disconnected node: VSS
Cell gf180mcu_as_sc_mcu7t3v3__dfsrtp_2 (0) disconnected node: CLK
Cell gf180mcu_as_sc_mcu7t3v3__dfsrtp_2 (0) disconnected node: Q
Cell gf180mcu_as_sc_mcu7t3v3__dfsrtp_2 (0) disconnected node: RN
Cell gf180mcu_as_sc_mcu7t3v3__dfsrtp_2 (0) disconnected node: SN
Cell gf180mcu_as_sc_mcu7t3v3__dfsrtp_2 (0) disconnected node: D

Subcircuit pins:
Circuit 1: gf180mcu_as_sc_mcu7t3v3__dfsrtp |Circuit 2: gf180mcu_as_sc_mcu7t3v3__dfsrtp 
-------------------------------------------|-------------------------------------------
VDD                                        |VDD                                        
VNW                                        |VNW                                        
VPW                                        |VPW                                        
VSS                                        |VSS                                        
CLK                                        |CLK                                        
Q                                          |Q                                          
RN                                         |RN                                         
SN                                         |SN                                         
D                                          |D                                          
---------------------------------------------------------------------------------------
Cell pin lists are equivalent.
Device classes gf180mcu_as_sc_mcu7t3v3__dfsrtp_2 and gf180mcu_as_sc_mcu7t3v3__dfsrtp_2 are equivalent.

Cell gf180mcu_as_sc_mcu7t3v3__nand3_2 (0) disconnected node: VDD
Cell gf180mcu_as_sc_mcu7t3v3__nand3_2 (0) disconnected node: VNW
Cell gf180mcu_as_sc_mcu7t3v3__nand3_2 (0) disconnected node: VPW
Cell gf180mcu_as_sc_mcu7t3v3__nand3_2 (0) disconnected node: VSS
Cell gf180mcu_as_sc_mcu7t3v3__nand3_2 (0) disconnected node: A
Cell gf180mcu_as_sc_mcu7t3v3__nand3_2 (0) disconnected node: B
Cell gf180mcu_as_sc_mcu7t3v3__nand3_2 (0) disconnected node: C
Cell gf180mcu_as_sc_mcu7t3v3__nand3_2 (0) disconnected node: Y

Subcircuit pins:
Circuit 1: gf180mcu_as_sc_mcu7t3v3__nand3_ |Circuit 2: gf180mcu_as_sc_mcu7t3v3__nand3_ 
-------------------------------------------|-------------------------------------------
VDD                                        |VDD                                        
VNW                                        |VNW                                        
VPW                                        |VPW                                        
VSS                                        |VSS                                        
A                                          |A                                          
B                                          |B                                          
C                                          |C                                          
Y                                          |Y                                          
---------------------------------------------------------------------------------------
Cell pin lists are equivalent.
Device classes gf180mcu_as_sc_mcu7t3v3__nand3_2 and gf180mcu_as_sc_mcu7t3v3__nand3_2 are equivalent.

Cell gf180mcu_as_sc_mcu7t3v3__and2_2 (0) disconnected node: VDD
Cell gf180mcu_as_sc_mcu7t3v3__and2_2 (0) disconnected node: VNW
Cell gf180mcu_as_sc_mcu7t3v3__and2_2 (0) disconnected node: VPW
Cell gf180mcu_as_sc_mcu7t3v3__and2_2 (0) disconnected node: VSS
Cell gf180mcu_as_sc_mcu7t3v3__and2_2 (0) disconnected node: B
Cell gf180mcu_as_sc_mcu7t3v3__and2_2 (0) disconnected node: A
Cell gf180mcu_as_sc_mcu7t3v3__and2_2 (0) disconnected node: Y

Subcircuit pins:
Circuit 1: gf180mcu_as_sc_mcu7t3v3__and2_2 |Circuit 2: gf180mcu_as_sc_mcu7t3v3__and2_2 
-------------------------------------------|-------------------------------------------
VDD                                        |VDD                                        
VNW                                        |VNW                                        
VPW                                        |VPW                                        
VSS                                        |VSS                                        
B                                          |B                                          
A                                          |A                                          
Y                                          |Y                                          
---------------------------------------------------------------------------------------
Cell pin lists are equivalent.
Device classes gf180mcu_as_sc_mcu7t3v3__and2_2 and gf180mcu_as_sc_mcu7t3v3__and2_2 are equivalent.

Cell gf180mcu_as_sc_mcu7t3v3__maj3_2 (0) disconnected node: VDD
Cell gf180mcu_as_sc_mcu7t3v3__maj3_2 (0) disconnected node: VNW
Cell gf180mcu_as_sc_mcu7t3v3__maj3_2 (0) disconnected node: VPW
Cell gf180mcu_as_sc_mcu7t3v3__maj3_2 (0) disconnected node: VSS
Cell gf180mcu_as_sc_mcu7t3v3__maj3_2 (0) disconnected node: Y
Cell gf180mcu_as_sc_mcu7t3v3__maj3_2 (0) disconnected node: A
Cell gf180mcu_as_sc_mcu7t3v3__maj3_2 (0) disconnected node: B
Cell gf180mcu_as_sc_mcu7t3v3__maj3_2 (0) disconnected node: C

Subcircuit pins:
Circuit 1: gf180mcu_as_sc_mcu7t3v3__maj3_2 |Circuit 2: gf180mcu_as_sc_mcu7t3v3__maj3_2 
-------------------------------------------|-------------------------------------------
VDD                                        |VDD                                        
VNW                                        |VNW                                        
VPW                                        |VPW                                        
VSS                                        |VSS                                        
Y                                          |Y                                          
A                                          |A                                          
B                                          |B                                          
C                                          |C                                          
---------------------------------------------------------------------------------------
Cell pin lists are equivalent.
Device classes gf180mcu_as_sc_mcu7t3v3__maj3_2 and gf180mcu_as_sc_mcu7t3v3__maj3_2 are equivalent.

Cell gf180mcu_as_sc_mcu7t3v3__aoi211_2 (0) disconnected node: VDD
Cell gf180mcu_as_sc_mcu7t3v3__aoi211_2 (0) disconnected node: VNW
Cell gf180mcu_as_sc_mcu7t3v3__aoi211_2 (0) disconnected node: VPW
Cell gf180mcu_as_sc_mcu7t3v3__aoi211_2 (0) disconnected node: VSS
Cell gf180mcu_as_sc_mcu7t3v3__aoi211_2 (0) disconnected node: A
Cell gf180mcu_as_sc_mcu7t3v3__aoi211_2 (0) disconnected node: B
Cell gf180mcu_as_sc_mcu7t3v3__aoi211_2 (0) disconnected node: C
Cell gf180mcu_as_sc_mcu7t3v3__aoi211_2 (0) disconnected node: Y
Cell gf180mcu_as_sc_mcu7t3v3__aoi211_2 (0) disconnected node: D

Subcircuit pins:
Circuit 1: gf180mcu_as_sc_mcu7t3v3__aoi211 |Circuit 2: gf180mcu_as_sc_mcu7t3v3__aoi211 
-------------------------------------------|-------------------------------------------
VDD                                        |VDD                                        
VNW                                        |VNW                                        
VPW                                        |VPW                                        
VSS                                        |VSS                                        
A                                          |A                                          
B                                          |B                                          
C                                          |C                                          
Y                                          |Y                                          
D                                          |D                                          
---------------------------------------------------------------------------------------
Cell pin lists are equivalent.
Device classes gf180mcu_as_sc_mcu7t3v3__aoi211_2 and gf180mcu_as_sc_mcu7t3v3__aoi211_2 are equivalent.

Cell gf180mcu_as_sc_mcu7t3v3__buff_2 (0) disconnected node: VDD
Cell gf180mcu_as_sc_mcu7t3v3__buff_2 (0) disconnected node: VNW
Cell gf180mcu_as_sc_mcu7t3v3__buff_2 (0) disconnected node: VPW
Cell gf180mcu_as_sc_mcu7t3v3__buff_2 (0) disconnected node: VSS
Cell gf180mcu_as_sc_mcu7t3v3__buff_2 (0) disconnected node: A
Cell gf180mcu_as_sc_mcu7t3v3__buff_2 (0) disconnected node: Y

Subcircuit pins:
Circuit 1: gf180mcu_as_sc_mcu7t3v3__buff_2 |Circuit 2: gf180mcu_as_sc_mcu7t3v3__buff_2 
-------------------------------------------|-------------------------------------------
VDD                                        |VDD                                        
VNW                                        |VNW                                        
VPW                                        |VPW                                        
VSS                                        |VSS                                        
A                                          |A                                          
Y                                          |Y                                          
---------------------------------------------------------------------------------------
Cell pin lists are equivalent.
Device classes gf180mcu_as_sc_mcu7t3v3__buff_2 and gf180mcu_as_sc_mcu7t3v3__buff_2 are equivalent.

Cell gf180mcu_as_sc_mcu7t3v3__ao22_2 (0) disconnected node: VDD
Cell gf180mcu_as_sc_mcu7t3v3__ao22_2 (0) disconnected node: VNW
Cell gf180mcu_as_sc_mcu7t3v3__ao22_2 (0) disconnected node: VPW
Cell gf180mcu_as_sc_mcu7t3v3__ao22_2 (0) disconnected node: VSS
Cell gf180mcu_as_sc_mcu7t3v3__ao22_2 (0) disconnected node: A
Cell gf180mcu_as_sc_mcu7t3v3__ao22_2 (0) disconnected node: B
Cell gf180mcu_as_sc_mcu7t3v3__ao22_2 (0) disconnected node: C
Cell gf180mcu_as_sc_mcu7t3v3__ao22_2 (0) disconnected node: D
Cell gf180mcu_as_sc_mcu7t3v3__ao22_2 (0) disconnected node: Y

Subcircuit pins:
Circuit 1: gf180mcu_as_sc_mcu7t3v3__ao22_2 |Circuit 2: gf180mcu_as_sc_mcu7t3v3__ao22_2 
-------------------------------------------|-------------------------------------------
VDD                                        |VDD                                        
VNW                                        |VNW                                        
VPW                                        |VPW                                        
VSS                                        |VSS                                        
A                                          |A                                          
B                                          |B                                          
C                                          |C                                          
D                                          |D                                          
Y                                          |Y                                          
---------------------------------------------------------------------------------------
Cell pin lists are equivalent.
Device classes gf180mcu_as_sc_mcu7t3v3__ao22_2 and gf180mcu_as_sc_mcu7t3v3__ao22_2 are equivalent.

Cell gf180mcu_as_sc_mcu7t3v3__mux2_2 (0) disconnected node: VDD
Cell gf180mcu_as_sc_mcu7t3v3__mux2_2 (0) disconnected node: VNW
Cell gf180mcu_as_sc_mcu7t3v3__mux2_2 (0) disconnected node: VPW
Cell gf180mcu_as_sc_mcu7t3v3__mux2_2 (0) disconnected node: VSS
Cell gf180mcu_as_sc_mcu7t3v3__mux2_2 (0) disconnected node: S
Cell gf180mcu_as_sc_mcu7t3v3__mux2_2 (0) disconnected node: B
Cell gf180mcu_as_sc_mcu7t3v3__mux2_2 (0) disconnected node: A
Cell gf180mcu_as_sc_mcu7t3v3__mux2_2 (0) disconnected node: Y

Subcircuit pins:
Circuit 1: gf180mcu_as_sc_mcu7t3v3__mux2_2 |Circuit 2: gf180mcu_as_sc_mcu7t3v3__mux2_2 
-------------------------------------------|-------------------------------------------
VDD                                        |VDD                                        
VNW                                        |VNW                                        
VPW                                        |VPW                                        
VSS                                        |VSS                                        
S                                          |S                                          
B                                          |B                                          
A                                          |A                                          
Y                                          |Y                                          
---------------------------------------------------------------------------------------
Cell pin lists are equivalent.
Device classes gf180mcu_as_sc_mcu7t3v3__mux2_2 and gf180mcu_as_sc_mcu7t3v3__mux2_2 are equivalent.

Cell gf180mcu_as_sc_mcu7t3v3__nor2_2 (0) disconnected node: VDD
Cell gf180mcu_as_sc_mcu7t3v3__nor2_2 (0) disconnected node: VNW
Cell gf180mcu_as_sc_mcu7t3v3__nor2_2 (0) disconnected node: VPW
Cell gf180mcu_as_sc_mcu7t3v3__nor2_2 (0) disconnected node: VSS
Cell gf180mcu_as_sc_mcu7t3v3__nor2_2 (0) disconnected node: Y
Cell gf180mcu_as_sc_mcu7t3v3__nor2_2 (0) disconnected node: B
Cell gf180mcu_as_sc_mcu7t3v3__nor2_2 (0) disconnected node: A

Subcircuit pins:
Circuit 1: gf180mcu_as_sc_mcu7t3v3__nor2_2 |Circuit 2: gf180mcu_as_sc_mcu7t3v3__nor2_2 
-------------------------------------------|-------------------------------------------
VDD                                        |VDD                                        
VNW                                        |VNW                                        
VPW                                        |VPW                                        
VSS                                        |VSS                                        
Y                                          |Y                                          
B                                          |B                                          
A                                          |A                                          
---------------------------------------------------------------------------------------
Cell pin lists are equivalent.
Device classes gf180mcu_as_sc_mcu7t3v3__nor2_2 and gf180mcu_as_sc_mcu7t3v3__nor2_2 are equivalent.

Cell gf180mcu_as_sc_mcu7t3v3__xnor2_2 (0) disconnected node: VDD
Cell gf180mcu_as_sc_mcu7t3v3__xnor2_2 (0) disconnected node: VNW
Cell gf180mcu_as_sc_mcu7t3v3__xnor2_2 (0) disconnected node: VPW
Cell gf180mcu_as_sc_mcu7t3v3__xnor2_2 (0) disconnected node: VSS
Cell gf180mcu_as_sc_mcu7t3v3__xnor2_2 (0) disconnected node: B
Cell gf180mcu_as_sc_mcu7t3v3__xnor2_2 (0) disconnected node: A
Cell gf180mcu_as_sc_mcu7t3v3__xnor2_2 (0) disconnected node: Y

Subcircuit pins:
Circuit 1: gf180mcu_as_sc_mcu7t3v3__xnor2_ |Circuit 2: gf180mcu_as_sc_mcu7t3v3__xnor2_ 
-------------------------------------------|-------------------------------------------
VDD                                        |VDD                                        
VNW                                        |VNW                                        
VPW                                        |VPW                                        
VSS                                        |VSS                                        
B                                          |B                                          
A                                          |A                                          
Y                                          |Y                                          
---------------------------------------------------------------------------------------
Cell pin lists are equivalent.
Device classes gf180mcu_as_sc_mcu7t3v3__xnor2_2 and gf180mcu_as_sc_mcu7t3v3__xnor2_2 are equivalent.

Cell gf180mcu_as_sc_mcu7t3v3__clkbuff_12 (0) disconnected node: VDD
Cell gf180mcu_as_sc_mcu7t3v3__clkbuff_12 (0) disconnected node: VNW
Cell gf180mcu_as_sc_mcu7t3v3__clkbuff_12 (0) disconnected node: VPW
Cell gf180mcu_as_sc_mcu7t3v3__clkbuff_12 (0) disconnected node: VSS
Cell gf180mcu_as_sc_mcu7t3v3__clkbuff_12 (0) disconnected node: A
Cell gf180mcu_as_sc_mcu7t3v3__clkbuff_12 (0) disconnected node: Y

Subcircuit pins:
Circuit 1: gf180mcu_as_sc_mcu7t3v3__clkbuf |Circuit 2: gf180mcu_as_sc_mcu7t3v3__clkbuf 
-------------------------------------------|-------------------------------------------
VDD                                        |VDD                                        
VNW                                        |VNW                                        
VPW                                        |VPW                                        
VSS                                        |VSS                                        
A                                          |A                                          
Y                                          |Y                                          
---------------------------------------------------------------------------------------
Cell pin lists are equivalent.
Device classes gf180mcu_as_sc_mcu7t3v3__clkbuff_12 and gf180mcu_as_sc_mcu7t3v3__clkbuff_12 are equivalent.

Cell gf180mcu_as_sc_mcu7t3v3__ao21_2 (0) disconnected node: VDD
Cell gf180mcu_as_sc_mcu7t3v3__ao21_2 (0) disconnected node: VNW
Cell gf180mcu_as_sc_mcu7t3v3__ao21_2 (0) disconnected node: VPW
Cell gf180mcu_as_sc_mcu7t3v3__ao21_2 (0) disconnected node: VSS
Cell gf180mcu_as_sc_mcu7t3v3__ao21_2 (0) disconnected node: Y
Cell gf180mcu_as_sc_mcu7t3v3__ao21_2 (0) disconnected node: A
Cell gf180mcu_as_sc_mcu7t3v3__ao21_2 (0) disconnected node: B
Cell gf180mcu_as_sc_mcu7t3v3__ao21_2 (0) disconnected node: C

Subcircuit pins:
Circuit 1: gf180mcu_as_sc_mcu7t3v3__ao21_2 |Circuit 2: gf180mcu_as_sc_mcu7t3v3__ao21_2 
-------------------------------------------|-------------------------------------------
VDD                                        |VDD                                        
VNW                                        |VNW                                        
VPW                                        |VPW                                        
VSS                                        |VSS                                        
Y                                          |Y                                          
A                                          |A                                          
B                                          |B                                          
C                                          |C                                          
---------------------------------------------------------------------------------------
Cell pin lists are equivalent.
Device classes gf180mcu_as_sc_mcu7t3v3__ao21_2 and gf180mcu_as_sc_mcu7t3v3__ao21_2 are equivalent.

Cell gf180mcu_as_sc_mcu7t3v3__aoi21_2 (0) disconnected node: VDD
Cell gf180mcu_as_sc_mcu7t3v3__aoi21_2 (0) disconnected node: VNW
Cell gf180mcu_as_sc_mcu7t3v3__aoi21_2 (0) disconnected node: VPW
Cell gf180mcu_as_sc_mcu7t3v3__aoi21_2 (0) disconnected node: VSS
Cell gf180mcu_as_sc_mcu7t3v3__aoi21_2 (0) disconnected node: Y
Cell gf180mcu_as_sc_mcu7t3v3__aoi21_2 (0) disconnected node: C
Cell gf180mcu_as_sc_mcu7t3v3__aoi21_2 (0) disconnected node: B
Cell gf180mcu_as_sc_mcu7t3v3__aoi21_2 (0) disconnected node: A

Subcircuit pins:
Circuit 1: gf180mcu_as_sc_mcu7t3v3__aoi21_ |Circuit 2: gf180mcu_as_sc_mcu7t3v3__aoi21_ 
-------------------------------------------|-------------------------------------------
VDD                                        |VDD                                        
VNW                                        |VNW                                        
VPW                                        |VPW                                        
VSS                                        |VSS                                        
Y                                          |Y                                          
C                                          |C                                          
B                                          |B                                          
A                                          |A                                          
---------------------------------------------------------------------------------------
Cell pin lists are equivalent.
Device classes gf180mcu_as_sc_mcu7t3v3__aoi21_2 and gf180mcu_as_sc_mcu7t3v3__aoi21_2 are equivalent.

Cell gf180mcu_as_sc_mcu7t3v3__ao31_2 (0) disconnected node: VDD
Cell gf180mcu_as_sc_mcu7t3v3__ao31_2 (0) disconnected node: VNW
Cell gf180mcu_as_sc_mcu7t3v3__ao31_2 (0) disconnected node: VPW
Cell gf180mcu_as_sc_mcu7t3v3__ao31_2 (0) disconnected node: VSS
Cell gf180mcu_as_sc_mcu7t3v3__ao31_2 (0) disconnected node: D
Cell gf180mcu_as_sc_mcu7t3v3__ao31_2 (0) disconnected node: A
Cell gf180mcu_as_sc_mcu7t3v3__ao31_2 (0) disconnected node: B
Cell gf180mcu_as_sc_mcu7t3v3__ao31_2 (0) disconnected node: C
Cell gf180mcu_as_sc_mcu7t3v3__ao31_2 (0) disconnected node: Y

Subcircuit pins:
Circuit 1: gf180mcu_as_sc_mcu7t3v3__ao31_2 |Circuit 2: gf180mcu_as_sc_mcu7t3v3__ao31_2 
-------------------------------------------|-------------------------------------------
VDD                                        |VDD                                        
VNW                                        |VNW                                        
VPW                                        |VPW                                        
VSS                                        |VSS                                        
D                                          |D                                          
A                                          |A                                          
B                                          |B                                          
C                                          |C                                          
Y                                          |Y                                          
---------------------------------------------------------------------------------------
Cell pin lists are equivalent.
Device classes gf180mcu_as_sc_mcu7t3v3__ao31_2 and gf180mcu_as_sc_mcu7t3v3__ao31_2 are equivalent.

Cell gf180mcu_as_sc_mcu7t3v3__nand2b_2 (0) disconnected node: VDD
Cell gf180mcu_as_sc_mcu7t3v3__nand2b_2 (0) disconnected node: VNW
Cell gf180mcu_as_sc_mcu7t3v3__nand2b_2 (0) disconnected node: VPW
Cell gf180mcu_as_sc_mcu7t3v3__nand2b_2 (0) disconnected node: VSS
Cell gf180mcu_as_sc_mcu7t3v3__nand2b_2 (0) disconnected node: Y
Cell gf180mcu_as_sc_mcu7t3v3__nand2b_2 (0) disconnected node: B
Cell gf180mcu_as_sc_mcu7t3v3__nand2b_2 (0) disconnected node: A

Subcircuit pins:
Circuit 1: gf180mcu_as_sc_mcu7t3v3__nand2b |Circuit 2: gf180mcu_as_sc_mcu7t3v3__nand2b 
-------------------------------------------|-------------------------------------------
VDD                                        |VDD                                        
VNW                                        |VNW                                        
VPW                                        |VPW                                        
VSS                                        |VSS                                        
Y                                          |Y                                          
B                                          |B                                          
A                                          |A                                          
---------------------------------------------------------------------------------------
Cell pin lists are equivalent.
Device classes gf180mcu_as_sc_mcu7t3v3__nand2b_2 and gf180mcu_as_sc_mcu7t3v3__nand2b_2 are equivalent.

Cell gf180mcu_as_sc_mcu7t3v3__inv_2 (0) disconnected node: VDD
Cell gf180mcu_as_sc_mcu7t3v3__inv_2 (0) disconnected node: VNW
Cell gf180mcu_as_sc_mcu7t3v3__inv_2 (0) disconnected node: VPW
Cell gf180mcu_as_sc_mcu7t3v3__inv_2 (0) disconnected node: VSS
Cell gf180mcu_as_sc_mcu7t3v3__inv_2 (0) disconnected node: Y
Cell gf180mcu_as_sc_mcu7t3v3__inv_2 (0) disconnected node: A

Subcircuit pins:
Circuit 1: gf180mcu_as_sc_mcu7t3v3__inv_2  |Circuit 2: gf180mcu_as_sc_mcu7t3v3__inv_2  
-------------------------------------------|-------------------------------------------
VDD                                        |VDD                                        
VNW                                        |VNW                                        
VPW                                        |VPW                                        
VSS                                        |VSS                                        
Y                                          |Y                                          
A                                          |A                                          
---------------------------------------------------------------------------------------
Cell pin lists are equivalent.
Device classes gf180mcu_as_sc_mcu7t3v3__inv_2 and gf180mcu_as_sc_mcu7t3v3__inv_2 are equivalent.

Cell gf180mcu_ocd_ip_sram__sram256x8m8wm1 (0) disconnected node: A[7]
Cell gf180mcu_ocd_ip_sram__sram256x8m8wm1 (0) disconnected node: A[6]
Cell gf180mcu_ocd_ip_sram__sram256x8m8wm1 (0) disconnected node: A[5]
Cell gf180mcu_ocd_ip_sram__sram256x8m8wm1 (0) disconnected node: A[4]
Cell gf180mcu_ocd_ip_sram__sram256x8m8wm1 (0) disconnected node: A[3]
Cell gf180mcu_ocd_ip_sram__sram256x8m8wm1 (0) disconnected node: A[2]
Cell gf180mcu_ocd_ip_sram__sram256x8m8wm1 (0) disconnected node: A[1]
Cell gf180mcu_ocd_ip_sram__sram256x8m8wm1 (0) disconnected node: A[0]
Cell gf180mcu_ocd_ip_sram__sram256x8m8wm1 (0) disconnected node: CEN
Cell gf180mcu_ocd_ip_sram__sram256x8m8wm1 (0) disconnected node: CLK
Cell gf180mcu_ocd_ip_sram__sram256x8m8wm1 (0) disconnected node: D[7]
Cell gf180mcu_ocd_ip_sram__sram256x8m8wm1 (0) disconnected node: D[6]
Cell gf180mcu_ocd_ip_sram__sram256x8m8wm1 (0) disconnected node: D[5]
Cell gf180mcu_ocd_ip_sram__sram256x8m8wm1 (0) disconnected node: D[4]
Cell gf180mcu_ocd_ip_sram__sram256x8m8wm1 (0) disconnected node: D[3]
Cell gf180mcu_ocd_ip_sram__sram256x8m8wm1 (0) disconnected node: D[2]
Cell gf180mcu_ocd_ip_sram__sram256x8m8wm1 (0) disconnected node: D[1]
Cell gf180mcu_ocd_ip_sram__sram256x8m8wm1 (0) disconnected node: D[0]
Cell gf180mcu_ocd_ip_sram__sram256x8m8wm1 (0) disconnected node: GWEN
Cell gf180mcu_ocd_ip_sram__sram256x8m8wm1 (0) disconnected node: Q[7]
Cell gf180mcu_ocd_ip_sram__sram256x8m8wm1 (0) disconnected node: Q[6]
Cell gf180mcu_ocd_ip_sram__sram256x8m8wm1 (0) disconnected node: Q[5]
Cell gf180mcu_ocd_ip_sram__sram256x8m8wm1 (0) disconnected node: Q[4]
Cell gf180mcu_ocd_ip_sram__sram256x8m8wm1 (0) disconnected node: Q[3]
Cell gf180mcu_ocd_ip_sram__sram256x8m8wm1 (0) disconnected node: Q[2]
Cell gf180mcu_ocd_ip_sram__sram256x8m8wm1 (0) disconnected node: Q[1]
Cell gf180mcu_ocd_ip_sram__sram256x8m8wm1 (0) disconnected node: Q[0]
Cell gf180mcu_ocd_ip_sram__sram256x8m8wm1 (0) disconnected node: VDD
Cell gf180mcu_ocd_ip_sram__sram256x8m8wm1 (0) disconnected node: VSS
Cell gf180mcu_ocd_ip_sram__sram256x8m8wm1 (0) disconnected node: WEN[7]
Cell gf180mcu_ocd_ip_sram__sram256x8m8wm1 (0) disconnected node: WEN[6]
Cell gf180mcu_ocd_ip_sram__sram256x8m8wm1 (0) disconnected node: WEN[5]
Cell gf180mcu_ocd_ip_sram__sram256x8m8wm1 (0) disconnected node: WEN[4]
Cell gf180mcu_ocd_ip_sram__sram256x8m8wm1 (0) disconnected node: WEN[3]
Cell gf180mcu_ocd_ip_sram__sram256x8m8wm1 (0) disconnected node: WEN[2]
Cell gf180mcu_ocd_ip_sram__sram256x8m8wm1 (0) disconnected node: WEN[1]
Cell gf180mcu_ocd_ip_sram__sram256x8m8wm1 (0) disconnected node: WEN[0]

Subcircuit pins:
Circuit 1: gf180mcu_ocd_ip_sram__sram256x8 |Circuit 2: gf180mcu_ocd_ip_sram__sram256x8 
-------------------------------------------|-------------------------------------------
A[7]                                       |A[7]                                       
A[6]                                       |A[6]                                       
A[5]                                       |A[5]                                       
A[4]                                       |A[4]                                       
A[3]                                       |A[3]                                       
A[2]                                       |A[2]                                       
A[1]                                       |A[1]                                       
A[0]                                       |A[0]                                       
CEN                                        |CEN                                        
CLK                                        |CLK                                        
D[7]                                       |D[7]                                       
D[6]                                       |D[6]                                       
D[5]                                       |D[5]                                       
D[4]                                       |D[4]                                       
D[3]                                       |D[3]                                       
D[2]                                       |D[2]                                       
D[1]                                       |D[1]                                       
D[0]                                       |D[0]                                       
GWEN                                       |GWEN                                       
Q[7]                                       |Q[7]                                       
Q[6]                                       |Q[6]                                       
Q[5]                                       |Q[5]                                       
Q[4]                                       |Q[4]                                       
Q[3]                                       |Q[3]                                       
Q[2]                                       |Q[2]                                       
Q[1]                                       |Q[1]                                       
Q[0]                                       |Q[0]                                       
VDD                                        |VDD                                        
VSS                                        |VSS                                        
WEN[7]                                     |WEN[7]                                     
WEN[6]                                     |WEN[6]                                     
WEN[5]                                     |WEN[5]                                     
WEN[4]                                     |WEN[4]                                     
WEN[3]                                     |WEN[3]                                     
WEN[2]                                     |WEN[2]                                     
WEN[1]                                     |WEN[1]                                     
WEN[0]                                     |WEN[0]                                     
---------------------------------------------------------------------------------------
Cell pin lists are equivalent.
Device classes gf180mcu_ocd_ip_sram__sram256x8m8wm1 and gf180mcu_ocd_ip_sram__sram256x8m8wm1 are equivalent.

Cell gf180mcu_as_sc_mcu7t3v3__or2_2 (0) disconnected node: VDD
Cell gf180mcu_as_sc_mcu7t3v3__or2_2 (0) disconnected node: VNW
Cell gf180mcu_as_sc_mcu7t3v3__or2_2 (0) disconnected node: VPW
Cell gf180mcu_as_sc_mcu7t3v3__or2_2 (0) disconnected node: VSS
Cell gf180mcu_as_sc_mcu7t3v3__or2_2 (0) disconnected node: B
Cell gf180mcu_as_sc_mcu7t3v3__or2_2 (0) disconnected node: A
Cell gf180mcu_as_sc_mcu7t3v3__or2_2 (0) disconnected node: Y

Subcircuit pins:
Circuit 1: gf180mcu_as_sc_mcu7t3v3__or2_2  |Circuit 2: gf180mcu_as_sc_mcu7t3v3__or2_2  
-------------------------------------------|-------------------------------------------
VDD                                        |VDD                                        
VNW                                        |VNW                                        
VPW                                        |VPW                                        
VSS                                        |VSS                                        
B                                          |B                                          
A                                          |A                                          
Y                                          |Y                                          
---------------------------------------------------------------------------------------
Cell pin lists are equivalent.
Device classes gf180mcu_as_sc_mcu7t3v3__or2_2 and gf180mcu_as_sc_mcu7t3v3__or2_2 are equivalent.

Cell gf180mcu_as_sc_mcu7t3v3__dfxtp_2 (0) disconnected node: VDD
Cell gf180mcu_as_sc_mcu7t3v3__dfxtp_2 (0) disconnected node: VNW
Cell gf180mcu_as_sc_mcu7t3v3__dfxtp_2 (0) disconnected node: VPW
Cell gf180mcu_as_sc_mcu7t3v3__dfxtp_2 (0) disconnected node: VSS
Cell gf180mcu_as_sc_mcu7t3v3__dfxtp_2 (0) disconnected node: CLK
Cell gf180mcu_as_sc_mcu7t3v3__dfxtp_2 (0) disconnected node: D
Cell gf180mcu_as_sc_mcu7t3v3__dfxtp_2 (0) disconnected node: Q

Subcircuit pins:
Circuit 1: gf180mcu_as_sc_mcu7t3v3__dfxtp_ |Circuit 2: gf180mcu_as_sc_mcu7t3v3__dfxtp_ 
-------------------------------------------|-------------------------------------------
VDD                                        |VDD                                        
VNW                                        |VNW                                        
VPW                                        |VPW                                        
VSS                                        |VSS                                        
CLK                                        |CLK                                        
D                                          |D                                          
Q                                          |Q                                          
---------------------------------------------------------------------------------------
Cell pin lists are equivalent.
Device classes gf180mcu_as_sc_mcu7t3v3__dfxtp_2 and gf180mcu_as_sc_mcu7t3v3__dfxtp_2 are equivalent.

Cell gf180mcu_as_sc_mcu7t3v3__buff_8 (0) disconnected node: VDD
Cell gf180mcu_as_sc_mcu7t3v3__buff_8 (0) disconnected node: VNW
Cell gf180mcu_as_sc_mcu7t3v3__buff_8 (0) disconnected node: VPW
Cell gf180mcu_as_sc_mcu7t3v3__buff_8 (0) disconnected node: VSS
Cell gf180mcu_as_sc_mcu7t3v3__buff_8 (0) disconnected node: A
Cell gf180mcu_as_sc_mcu7t3v3__buff_8 (0) disconnected node: Y

Subcircuit pins:
Circuit 1: gf180mcu_as_sc_mcu7t3v3__buff_8 |Circuit 2: gf180mcu_as_sc_mcu7t3v3__buff_8 
-------------------------------------------|-------------------------------------------
VDD                                        |VDD                                        
VNW                                        |VNW                                        
VPW                                        |VPW                                        
VSS                                        |VSS                                        
A                                          |A                                          
Y                                          |Y                                          
---------------------------------------------------------------------------------------
Cell pin lists are equivalent.
Device classes gf180mcu_as_sc_mcu7t3v3__buff_8 and gf180mcu_as_sc_mcu7t3v3__buff_8 are equivalent.

Cell gf180mcu_as_sc_mcu7t3v3__aoi31_2 (0) disconnected node: VDD
Cell gf180mcu_as_sc_mcu7t3v3__aoi31_2 (0) disconnected node: VNW
Cell gf180mcu_as_sc_mcu7t3v3__aoi31_2 (0) disconnected node: VPW
Cell gf180mcu_as_sc_mcu7t3v3__aoi31_2 (0) disconnected node: VSS
Cell gf180mcu_as_sc_mcu7t3v3__aoi31_2 (0) disconnected node: A
Cell gf180mcu_as_sc_mcu7t3v3__aoi31_2 (0) disconnected node: B
Cell gf180mcu_as_sc_mcu7t3v3__aoi31_2 (0) disconnected node: C
Cell gf180mcu_as_sc_mcu7t3v3__aoi31_2 (0) disconnected node: Y
Cell gf180mcu_as_sc_mcu7t3v3__aoi31_2 (0) disconnected node: D

Subcircuit pins:
Circuit 1: gf180mcu_as_sc_mcu7t3v3__aoi31_ |Circuit 2: gf180mcu_as_sc_mcu7t3v3__aoi31_ 
-------------------------------------------|-------------------------------------------
VDD                                        |VDD                                        
VNW                                        |VNW                                        
VPW                                        |VPW                                        
VSS                                        |VSS                                        
A                                          |A                                          
B                                          |B                                          
C                                          |C                                          
Y                                          |Y                                          
D                                          |D                                          
---------------------------------------------------------------------------------------
Cell pin lists are equivalent.
Device classes gf180mcu_as_sc_mcu7t3v3__aoi31_2 and gf180mcu_as_sc_mcu7t3v3__aoi31_2 are equivalent.

Cell gf180mcu_as_sc_mcu7t3v3__ao211_2 (0) disconnected node: VDD
Cell gf180mcu_as_sc_mcu7t3v3__ao211_2 (0) disconnected node: VNW
Cell gf180mcu_as_sc_mcu7t3v3__ao211_2 (0) disconnected node: VPW
Cell gf180mcu_as_sc_mcu7t3v3__ao211_2 (0) disconnected node: VSS
Cell gf180mcu_as_sc_mcu7t3v3__ao211_2 (0) disconnected node: A
Cell gf180mcu_as_sc_mcu7t3v3__ao211_2 (0) disconnected node: B
Cell gf180mcu_as_sc_mcu7t3v3__ao211_2 (0) disconnected node: C
Cell gf180mcu_as_sc_mcu7t3v3__ao211_2 (0) disconnected node: D
Cell gf180mcu_as_sc_mcu7t3v3__ao211_2 (0) disconnected node: Y

Subcircuit pins:
Circuit 1: gf180mcu_as_sc_mcu7t3v3__ao211_ |Circuit 2: gf180mcu_as_sc_mcu7t3v3__ao211_ 
-------------------------------------------|-------------------------------------------
VDD                                        |VDD                                        
VNW                                        |VNW                                        
VPW                                        |VPW                                        
VSS                                        |VSS                                        
A                                          |A                                          
B                                          |B                                          
C                                          |C                                          
D                                          |D                                          
Y                                          |Y                                          
---------------------------------------------------------------------------------------
Cell pin lists are equivalent.
Device classes gf180mcu_as_sc_mcu7t3v3__ao211_2 and gf180mcu_as_sc_mcu7t3v3__ao211_2 are equivalent.

Cell gf180mcu_as_sc_mcu7t3v3__aoi21b_2 (0) disconnected node: VDD
Cell gf180mcu_as_sc_mcu7t3v3__aoi21b_2 (0) disconnected node: VNW
Cell gf180mcu_as_sc_mcu7t3v3__aoi21b_2 (0) disconnected node: VPW
Cell gf180mcu_as_sc_mcu7t3v3__aoi21b_2 (0) disconnected node: VSS
Cell gf180mcu_as_sc_mcu7t3v3__aoi21b_2 (0) disconnected node: Y
Cell gf180mcu_as_sc_mcu7t3v3__aoi21b_2 (0) disconnected node: C
Cell gf180mcu_as_sc_mcu7t3v3__aoi21b_2 (0) disconnected node: B
Cell gf180mcu_as_sc_mcu7t3v3__aoi21b_2 (0) disconnected node: A

Subcircuit pins:
Circuit 1: gf180mcu_as_sc_mcu7t3v3__aoi21b |Circuit 2: gf180mcu_as_sc_mcu7t3v3__aoi21b 
-------------------------------------------|-------------------------------------------
VDD                                        |VDD                                        
VNW                                        |VNW                                        
VPW                                        |VPW                                        
VSS                                        |VSS                                        
Y                                          |Y                                          
C                                          |C                                          
B                                          |B                                          
A                                          |A                                          
---------------------------------------------------------------------------------------
Cell pin lists are equivalent.
Device classes gf180mcu_as_sc_mcu7t3v3__aoi21b_2 and gf180mcu_as_sc_mcu7t3v3__aoi21b_2 are equivalent.

Cell gf180mcu_as_sc_mcu7t3v3__nor3_2 (0) disconnected node: VDD
Cell gf180mcu_as_sc_mcu7t3v3__nor3_2 (0) disconnected node: VNW
Cell gf180mcu_as_sc_mcu7t3v3__nor3_2 (0) disconnected node: VPW
Cell gf180mcu_as_sc_mcu7t3v3__nor3_2 (0) disconnected node: VSS
Cell gf180mcu_as_sc_mcu7t3v3__nor3_2 (0) disconnected node: A
Cell gf180mcu_as_sc_mcu7t3v3__nor3_2 (0) disconnected node: B
Cell gf180mcu_as_sc_mcu7t3v3__nor3_2 (0) disconnected node: C
Cell gf180mcu_as_sc_mcu7t3v3__nor3_2 (0) disconnected node: Y

Subcircuit pins:
Circuit 1: gf180mcu_as_sc_mcu7t3v3__nor3_2 |Circuit 2: gf180mcu_as_sc_mcu7t3v3__nor3_2 
-------------------------------------------|-------------------------------------------
VDD                                        |VDD                                        
VNW                                        |VNW                                        
VPW                                        |VPW                                        
VSS                                        |VSS                                        
A                                          |A                                          
B                                          |B                                          
C                                          |C                                          
Y                                          |Y                                          
---------------------------------------------------------------------------------------
Cell pin lists are equivalent.
Device classes gf180mcu_as_sc_mcu7t3v3__nor3_2 and gf180mcu_as_sc_mcu7t3v3__nor3_2 are equivalent.

Cell gf180mcu_as_sc_mcu7t3v3__aoi22_2 (0) disconnected node: VDD
Cell gf180mcu_as_sc_mcu7t3v3__aoi22_2 (0) disconnected node: VNW
Cell gf180mcu_as_sc_mcu7t3v3__aoi22_2 (0) disconnected node: VPW
Cell gf180mcu_as_sc_mcu7t3v3__aoi22_2 (0) disconnected node: VSS
Cell gf180mcu_as_sc_mcu7t3v3__aoi22_2 (0) disconnected node: Y
Cell gf180mcu_as_sc_mcu7t3v3__aoi22_2 (0) disconnected node: A
Cell gf180mcu_as_sc_mcu7t3v3__aoi22_2 (0) disconnected node: B
Cell gf180mcu_as_sc_mcu7t3v3__aoi22_2 (0) disconnected node: C
Cell gf180mcu_as_sc_mcu7t3v3__aoi22_2 (0) disconnected node: D

Subcircuit pins:
Circuit 1: gf180mcu_as_sc_mcu7t3v3__aoi22_ |Circuit 2: gf180mcu_as_sc_mcu7t3v3__aoi22_ 
-------------------------------------------|-------------------------------------------
VDD                                        |VDD                                        
VNW                                        |VNW                                        
VPW                                        |VPW                                        
VSS                                        |VSS                                        
Y                                          |Y                                          
A                                          |A                                          
B                                          |B                                          
C                                          |C                                          
D                                          |D                                          
---------------------------------------------------------------------------------------
Cell pin lists are equivalent.
Device classes gf180mcu_as_sc_mcu7t3v3__aoi22_2 and gf180mcu_as_sc_mcu7t3v3__aoi22_2 are equivalent.

Cell gf180mcu_as_sc_mcu7t3v3__clkbuff_8 (0) disconnected node: VDD
Cell gf180mcu_as_sc_mcu7t3v3__clkbuff_8 (0) disconnected node: VNW
Cell gf180mcu_as_sc_mcu7t3v3__clkbuff_8 (0) disconnected node: VPW
Cell gf180mcu_as_sc_mcu7t3v3__clkbuff_8 (0) disconnected node: VSS
Cell gf180mcu_as_sc_mcu7t3v3__clkbuff_8 (0) disconnected node: A
Cell gf180mcu_as_sc_mcu7t3v3__clkbuff_8 (0) disconnected node: Y

Subcircuit pins:
Circuit 1: gf180mcu_as_sc_mcu7t3v3__clkbuf |Circuit 2: gf180mcu_as_sc_mcu7t3v3__clkbuf 
-------------------------------------------|-------------------------------------------
VDD                                        |VDD                                        
VNW                                        |VNW                                        
VPW                                        |VPW                                        
VSS                                        |VSS                                        
A                                          |A                                          
Y                                          |Y                                          
---------------------------------------------------------------------------------------
Cell pin lists are equivalent.
Device classes gf180mcu_as_sc_mcu7t3v3__clkbuff_8 and gf180mcu_as_sc_mcu7t3v3__clkbuff_8 are equivalent.

Cell gf180mcu_as_sc_mcu7t3v3__nor2b_2 (0) disconnected node: VDD
Cell gf180mcu_as_sc_mcu7t3v3__nor2b_2 (0) disconnected node: VNW
Cell gf180mcu_as_sc_mcu7t3v3__nor2b_2 (0) disconnected node: VPW
Cell gf180mcu_as_sc_mcu7t3v3__nor2b_2 (0) disconnected node: VSS
Cell gf180mcu_as_sc_mcu7t3v3__nor2b_2 (0) disconnected node: Y
Cell gf180mcu_as_sc_mcu7t3v3__nor2b_2 (0) disconnected node: B
Cell gf180mcu_as_sc_mcu7t3v3__nor2b_2 (0) disconnected node: A

Subcircuit pins:
Circuit 1: gf180mcu_as_sc_mcu7t3v3__nor2b_ |Circuit 2: gf180mcu_as_sc_mcu7t3v3__nor2b_ 
-------------------------------------------|-------------------------------------------
VDD                                        |VDD                                        
VNW                                        |VNW                                        
VPW                                        |VPW                                        
VSS                                        |VSS                                        
Y                                          |Y                                          
B                                          |B                                          
A                                          |A                                          
---------------------------------------------------------------------------------------
Cell pin lists are equivalent.
Device classes gf180mcu_as_sc_mcu7t3v3__nor2b_2 and gf180mcu_as_sc_mcu7t3v3__nor2b_2 are equivalent.

Cell gf180mcu_as_sc_mcu7t3v3__tiel_4 (0) disconnected node: VDD
Cell gf180mcu_as_sc_mcu7t3v3__tiel_4 (0) disconnected node: VNW
Cell gf180mcu_as_sc_mcu7t3v3__tiel_4 (0) disconnected node: VPW
Cell gf180mcu_as_sc_mcu7t3v3__tiel_4 (0) disconnected node: VSS
Cell gf180mcu_as_sc_mcu7t3v3__tiel_4 (0) disconnected node: ZERO

Subcircuit pins:
Circuit 1: gf180mcu_as_sc_mcu7t3v3__tiel_4 |Circuit 2: gf180mcu_as_sc_mcu7t3v3__tiel_4 
-------------------------------------------|-------------------------------------------
VDD                                        |VDD                                        
VNW                                        |VNW                                        
VPW                                        |VPW                                        
VSS                                        |VSS                                        
ZERO                                       |ZERO                                       
---------------------------------------------------------------------------------------
Cell pin lists are equivalent.
Device classes gf180mcu_as_sc_mcu7t3v3__tiel_4 and gf180mcu_as_sc_mcu7t3v3__tiel_4 are equivalent.

Cell gf180mcu_as_sc_mcu7t3v3__ao21b_2 (0) disconnected node: VDD
Cell gf180mcu_as_sc_mcu7t3v3__ao21b_2 (0) disconnected node: VNW
Cell gf180mcu_as_sc_mcu7t3v3__ao21b_2 (0) disconnected node: VPW
Cell gf180mcu_as_sc_mcu7t3v3__ao21b_2 (0) disconnected node: VSS
Cell gf180mcu_as_sc_mcu7t3v3__ao21b_2 (0) disconnected node: Y
Cell gf180mcu_as_sc_mcu7t3v3__ao21b_2 (0) disconnected node: C
Cell gf180mcu_as_sc_mcu7t3v3__ao21b_2 (0) disconnected node: B
Cell gf180mcu_as_sc_mcu7t3v3__ao21b_2 (0) disconnected node: A

Subcircuit pins:
Circuit 1: gf180mcu_as_sc_mcu7t3v3__ao21b_ |Circuit 2: gf180mcu_as_sc_mcu7t3v3__ao21b_ 
-------------------------------------------|-------------------------------------------
VDD                                        |VDD                                        
VNW                                        |VNW                                        
VPW                                        |VPW                                        
VSS                                        |VSS                                        
Y                                          |Y                                          
C                                          |C                                          
B                                          |B                                          
A                                          |A                                          
---------------------------------------------------------------------------------------
Cell pin lists are equivalent.
Device classes gf180mcu_as_sc_mcu7t3v3__ao21b_2 and gf180mcu_as_sc_mcu7t3v3__ao21b_2 are equivalent.

Cell gf180mcu_as_sc_mcu7t3v3__nand4_2 (0) disconnected node: VDD
Cell gf180mcu_as_sc_mcu7t3v3__nand4_2 (0) disconnected node: VNW
Cell gf180mcu_as_sc_mcu7t3v3__nand4_2 (0) disconnected node: VPW
Cell gf180mcu_as_sc_mcu7t3v3__nand4_2 (0) disconnected node: VSS
Cell gf180mcu_as_sc_mcu7t3v3__nand4_2 (0) disconnected node: A
Cell gf180mcu_as_sc_mcu7t3v3__nand4_2 (0) disconnected node: B
Cell gf180mcu_as_sc_mcu7t3v3__nand4_2 (0) disconnected node: C
Cell gf180mcu_as_sc_mcu7t3v3__nand4_2 (0) disconnected node: D
Cell gf180mcu_as_sc_mcu7t3v3__nand4_2 (0) disconnected node: Y

Subcircuit pins:
Circuit 1: gf180mcu_as_sc_mcu7t3v3__nand4_ |Circuit 2: gf180mcu_as_sc_mcu7t3v3__nand4_ 
-------------------------------------------|-------------------------------------------
VDD                                        |VDD                                        
VNW                                        |VNW                                        
VPW                                        |VPW                                        
VSS                                        |VSS                                        
A                                          |A                                          
B                                          |B                                          
C                                          |C                                          
D                                          |D                                          
Y                                          |Y                                          
---------------------------------------------------------------------------------------
Cell pin lists are equivalent.
Device classes gf180mcu_as_sc_mcu7t3v3__nand4_2 and gf180mcu_as_sc_mcu7t3v3__nand4_2 are equivalent.

Cell gf180mcu_as_sc_mcu7t3v3__oai211_2 (0) disconnected node: VDD
Cell gf180mcu_as_sc_mcu7t3v3__oai211_2 (0) disconnected node: VNW
Cell gf180mcu_as_sc_mcu7t3v3__oai211_2 (0) disconnected node: VPW
Cell gf180mcu_as_sc_mcu7t3v3__oai211_2 (0) disconnected node: VSS
Cell gf180mcu_as_sc_mcu7t3v3__oai211_2 (0) disconnected node: A
Cell gf180mcu_as_sc_mcu7t3v3__oai211_2 (0) disconnected node: B
Cell gf180mcu_as_sc_mcu7t3v3__oai211_2 (0) disconnected node: C
Cell gf180mcu_as_sc_mcu7t3v3__oai211_2 (0) disconnected node: Y
Cell gf180mcu_as_sc_mcu7t3v3__oai211_2 (0) disconnected node: D

Subcircuit pins:
Circuit 1: gf180mcu_as_sc_mcu7t3v3__oai211 |Circuit 2: gf180mcu_as_sc_mcu7t3v3__oai211 
-------------------------------------------|-------------------------------------------
VDD                                        |VDD                                        
VNW                                        |VNW                                        
VPW                                        |VPW                                        
VSS                                        |VSS                                        
A                                          |A                                          
B                                          |B                                          
C                                          |C                                          
Y                                          |Y                                          
D                                          |D                                          
---------------------------------------------------------------------------------------
Cell pin lists are equivalent.
Device classes gf180mcu_as_sc_mcu7t3v3__oai211_2 and gf180mcu_as_sc_mcu7t3v3__oai211_2 are equivalent.

Cell gf180mcu_as_sc_mcu7t3v3__inv_6 (0) disconnected node: VDD
Cell gf180mcu_as_sc_mcu7t3v3__inv_6 (0) disconnected node: VNW
Cell gf180mcu_as_sc_mcu7t3v3__inv_6 (0) disconnected node: VPW
Cell gf180mcu_as_sc_mcu7t3v3__inv_6 (0) disconnected node: VSS
Cell gf180mcu_as_sc_mcu7t3v3__inv_6 (0) disconnected node: Y
Cell gf180mcu_as_sc_mcu7t3v3__inv_6 (0) disconnected node: A

Subcircuit pins:
Circuit 1: gf180mcu_as_sc_mcu7t3v3__inv_6  |Circuit 2: gf180mcu_as_sc_mcu7t3v3__inv_6  
-------------------------------------------|-------------------------------------------
VDD                                        |VDD                                        
VNW                                        |VNW                                        
VPW                                        |VPW                                        
VSS                                        |VSS                                        
Y                                          |Y                                          
A                                          |A                                          
---------------------------------------------------------------------------------------
Cell pin lists are equivalent.
Device classes gf180mcu_as_sc_mcu7t3v3__inv_6 and gf180mcu_as_sc_mcu7t3v3__inv_6 are equivalent.

Cell gf180mcu_as_sc_mcu7t3v3__clkbuff_4 (0) disconnected node: VDD
Cell gf180mcu_as_sc_mcu7t3v3__clkbuff_4 (0) disconnected node: VNW
Cell gf180mcu_as_sc_mcu7t3v3__clkbuff_4 (0) disconnected node: VPW
Cell gf180mcu_as_sc_mcu7t3v3__clkbuff_4 (0) disconnected node: VSS
Cell gf180mcu_as_sc_mcu7t3v3__clkbuff_4 (0) disconnected node: A
Cell gf180mcu_as_sc_mcu7t3v3__clkbuff_4 (0) disconnected node: Y

Subcircuit pins:
Circuit 1: gf180mcu_as_sc_mcu7t3v3__clkbuf |Circuit 2: gf180mcu_as_sc_mcu7t3v3__clkbuf 
-------------------------------------------|-------------------------------------------
VDD                                        |VDD                                        
VNW                                        |VNW                                        
VPW                                        |VPW                                        
VSS                                        |VSS                                        
A                                          |A                                          
Y                                          |Y                                          
---------------------------------------------------------------------------------------
Cell pin lists are equivalent.
Device classes gf180mcu_as_sc_mcu7t3v3__clkbuff_4 and gf180mcu_as_sc_mcu7t3v3__clkbuff_4 are equivalent.

Cell gf180mcu_as_sc_mcu7t3v3__inv_4 (0) disconnected node: VDD
Cell gf180mcu_as_sc_mcu7t3v3__inv_4 (0) disconnected node: VNW
Cell gf180mcu_as_sc_mcu7t3v3__inv_4 (0) disconnected node: VPW
Cell gf180mcu_as_sc_mcu7t3v3__inv_4 (0) disconnected node: VSS
Cell gf180mcu_as_sc_mcu7t3v3__inv_4 (0) disconnected node: Y
Cell gf180mcu_as_sc_mcu7t3v3__inv_4 (0) disconnected node: A

Subcircuit pins:
Circuit 1: gf180mcu_as_sc_mcu7t3v3__inv_4  |Circuit 2: gf180mcu_as_sc_mcu7t3v3__inv_4  
-------------------------------------------|-------------------------------------------
VDD                                        |VDD                                        
VNW                                        |VNW                                        
VPW                                        |VPW                                        
VSS                                        |VSS                                        
Y                                          |Y                                          
A                                          |A                                          
---------------------------------------------------------------------------------------
Cell pin lists are equivalent.
Device classes gf180mcu_as_sc_mcu7t3v3__inv_4 and gf180mcu_as_sc_mcu7t3v3__inv_4 are equivalent.

Cell gf180mcu_as_sc_mcu7t3v3__dlybuff_2 (0) disconnected node: VDD
Cell gf180mcu_as_sc_mcu7t3v3__dlybuff_2 (0) disconnected node: VNW
Cell gf180mcu_as_sc_mcu7t3v3__dlybuff_2 (0) disconnected node: VPW
Cell gf180mcu_as_sc_mcu7t3v3__dlybuff_2 (0) disconnected node: VSS
Cell gf180mcu_as_sc_mcu7t3v3__dlybuff_2 (0) disconnected node: Y
Cell gf180mcu_as_sc_mcu7t3v3__dlybuff_2 (0) disconnected node: A

Subcircuit pins:
Circuit 1: gf180mcu_as_sc_mcu7t3v3__dlybuf |Circuit 2: gf180mcu_as_sc_mcu7t3v3__dlybuf 
-------------------------------------------|-------------------------------------------
VDD                                        |VDD                                        
VNW                                        |VNW                                        
VPW                                        |VPW                                        
VSS                                        |VSS                                        
Y                                          |Y                                          
A                                          |A                                          
---------------------------------------------------------------------------------------
Cell pin lists are equivalent.
Device classes gf180mcu_as_sc_mcu7t3v3__dlybuff_2 and gf180mcu_as_sc_mcu7t3v3__dlybuff_2 are equivalent.

Cell dla_engine_chip (0) disconnected node: MISO_IN
Cell dla_engine_chip (0) disconnected node: busy_IN
Cell dla_engine_chip (0) disconnected node: done_IN
Cell dla_engine_chip (0) disconnected node: wb_done_IN
Cell dla_engine_chip (1) disconnected node: MISO_IN
Cell dla_engine_chip (1) disconnected node: busy_IN
Cell dla_engine_chip (1) disconnected node: done_IN
Cell dla_engine_chip (1) disconnected node: wb_done_IN
Class dla_engine_chip (0):  Merged 20881 parallel devices.
Class dla_engine_chip (1):  Merged 20881 parallel devices.
Cell dla_engine_chip (0) disconnected node: MISO_IN
Cell dla_engine_chip (0) disconnected node: busy_IN
Cell dla_engine_chip (0) disconnected node: done_IN
Cell dla_engine_chip (0) disconnected node: wb_done_IN
Cell dla_engine_chip (1) disconnected node: MISO_IN
Cell dla_engine_chip (1) disconnected node: busy_IN
Cell dla_engine_chip (1) disconnected node: done_IN
Cell dla_engine_chip (1) disconnected node: wb_done_IN
Subcircuit summary:
Circuit 1: dla_engine_chip                 |Circuit 2: dla_engine_chip                 
-------------------------------------------|-------------------------------------------
gf180mcu_as_sc_mcu7t3v3__diode_2 (11344)   |gf180mcu_as_sc_mcu7t3v3__diode_2 (11344)   
gf180mcu_as_sc_mcu7t3v3__fillcap_8 (4512-> |gf180mcu_as_sc_mcu7t3v3__fillcap_8 (4512-> 
gf180mcu_as_sc_mcu7t3v3__xor2_2 (1169)     |gf180mcu_as_sc_mcu7t3v3__xor2_2 (1169)     
gf180mcu_as_sc_mcu7t3v3__fillcap_4 (8031-> |gf180mcu_as_sc_mcu7t3v3__fillcap_4 (8031-> 
gf180mcu_as_sc_mcu7t3v3__nand2_2 (829)     |gf180mcu_as_sc_mcu7t3v3__nand2_2 (829)     
gf180mcu_as_sc_mcu7t3v3__fillcap_16 (8341- |gf180mcu_as_sc_mcu7t3v3__fillcap_16 (8341- 
gf180mcu_as_sc_mcu7t3v3__tieh_4 (505)      |gf180mcu_as_sc_mcu7t3v3__tieh_4 (505)      
gf180mcu_as_sc_mcu7t3v3__dfsrtp_2 (498)    |gf180mcu_as_sc_mcu7t3v3__dfsrtp_2 (498)    
gf180mcu_as_sc_mcu7t3v3__nand3_2 (173)     |gf180mcu_as_sc_mcu7t3v3__nand3_2 (173)     
gf180mcu_as_sc_mcu7t3v3__and2_2 (939)      |gf180mcu_as_sc_mcu7t3v3__and2_2 (939)      
gf180mcu_as_sc_mcu7t3v3__maj3_2 (930)      |gf180mcu_as_sc_mcu7t3v3__maj3_2 (930)      
gf180mcu_as_sc_mcu7t3v3__aoi211_2 (37)     |gf180mcu_as_sc_mcu7t3v3__aoi211_2 (37)     
gf180mcu_as_sc_mcu7t3v3__buff_2 (1021)     |gf180mcu_as_sc_mcu7t3v3__buff_2 (1021)     
gf180mcu_as_sc_mcu7t3v3__ao22_2 (727)      |gf180mcu_as_sc_mcu7t3v3__ao22_2 (727)      
gf180mcu_as_sc_mcu7t3v3__mux2_2 (856)      |gf180mcu_as_sc_mcu7t3v3__mux2_2 (856)      
gf180mcu_as_sc_mcu7t3v3__nor2_2 (466)      |gf180mcu_as_sc_mcu7t3v3__nor2_2 (466)      
gf180mcu_as_sc_mcu7t3v3__xnor2_2 (2269)    |gf180mcu_as_sc_mcu7t3v3__xnor2_2 (2269)    
gf180mcu_as_sc_mcu7t3v3__clkbuff_12 (69)   |gf180mcu_as_sc_mcu7t3v3__clkbuff_12 (69)   
gf180mcu_as_sc_mcu7t3v3__ao21_2 (357)      |gf180mcu_as_sc_mcu7t3v3__ao21_2 (357)      
gf180mcu_as_sc_mcu7t3v3__aoi21_2 (498)     |gf180mcu_as_sc_mcu7t3v3__aoi21_2 (498)     
gf180mcu_as_sc_mcu7t3v3__ao31_2 (130)      |gf180mcu_as_sc_mcu7t3v3__ao31_2 (130)      
gf180mcu_as_sc_mcu7t3v3__nand2b_2 (194)    |gf180mcu_as_sc_mcu7t3v3__nand2b_2 (194)    
gf180mcu_as_sc_mcu7t3v3__inv_2 (571)       |gf180mcu_as_sc_mcu7t3v3__inv_2 (571)       
gf180mcu_ocd_ip_sram__sram256x8m8wm1 (8)   |gf180mcu_ocd_ip_sram__sram256x8m8wm1 (8)   
gf180mcu_as_sc_mcu7t3v3__or2_2 (484)       |gf180mcu_as_sc_mcu7t3v3__or2_2 (484)       
gf180mcu_as_sc_mcu7t3v3__dfxtp_2 (410)     |gf180mcu_as_sc_mcu7t3v3__dfxtp_2 (410)     
gf180mcu_as_sc_mcu7t3v3__buff_8 (55)       |gf180mcu_as_sc_mcu7t3v3__buff_8 (55)       
gf180mcu_as_sc_mcu7t3v3__aoi31_2 (99)      |gf180mcu_as_sc_mcu7t3v3__aoi31_2 (99)      
gf180mcu_as_sc_mcu7t3v3__ao211_2 (51)      |gf180mcu_as_sc_mcu7t3v3__ao211_2 (51)      
gf180mcu_as_sc_mcu7t3v3__aoi21b_2 (129)    |gf180mcu_as_sc_mcu7t3v3__aoi21b_2 (129)    
gf180mcu_as_sc_mcu7t3v3__nor3_2 (32)       |gf180mcu_as_sc_mcu7t3v3__nor3_2 (32)       
gf180mcu_as_sc_mcu7t3v3__aoi22_2 (50)      |gf180mcu_as_sc_mcu7t3v3__aoi22_2 (50)      
gf180mcu_as_sc_mcu7t3v3__clkbuff_8 (11)    |gf180mcu_as_sc_mcu7t3v3__clkbuff_8 (11)    
gf180mcu_as_sc_mcu7t3v3__nor2b_2 (107)     |gf180mcu_as_sc_mcu7t3v3__nor2b_2 (107)     
gf180mcu_as_sc_mcu7t3v3__tiel_4 (50)       |gf180mcu_as_sc_mcu7t3v3__tiel_4 (50)       
gf180mcu_as_sc_mcu7t3v3__ao21b_2 (55)      |gf180mcu_as_sc_mcu7t3v3__ao21b_2 (55)      
gf180mcu_as_sc_mcu7t3v3__nand4_2 (78)      |gf180mcu_as_sc_mcu7t3v3__nand4_2 (78)      
gf180mcu_as_sc_mcu7t3v3__oai211_2 (52)     |gf180mcu_as_sc_mcu7t3v3__oai211_2 (52)     
gf180mcu_as_sc_mcu7t3v3__inv_6 (16)        |gf180mcu_as_sc_mcu7t3v3__inv_6 (16)        
gf180mcu_as_sc_mcu7t3v3__clkbuff_4 (7)     |gf180mcu_as_sc_mcu7t3v3__clkbuff_4 (7)     
gf180mcu_as_sc_mcu7t3v3__inv_4 (3)         |gf180mcu_as_sc_mcu7t3v3__inv_4 (3)         
gf180mcu_as_sc_mcu7t3v3__dlybuff_2 (60)    |gf180mcu_as_sc_mcu7t3v3__dlybuff_2 (60)    
Number of devices: 25342                   |Number of devices: 25342                   
Number of nets: 14058                      |Number of nets: 14058                      
---------------------------------------------------------------------------------------
Resolving symmetries by property value.
Resolving symmetries by pin name.
Resolving symmetries by net name.
Netlists match with 1524 symmetries.

Subcircuit pins:
Circuit 1: dla_engine_chip                 |Circuit 2: dla_engine_chip                 
-------------------------------------------|-------------------------------------------
CS_N_PD                                    |CS_N_PD                                    
CS_N_OUT                                   |CS_N_OUT                                   
CS_N_OE                                    |CS_N_OE                                    
MOSI_OUT                                   |MOSI_OUT                                   
busy_CS                                    |busy_CS                                    
MOSI_OE                                    |MOSI_OE                                    
done_PU                                    |done_PU                                    
SCLK_SL                                    |SCLK_SL                                    
MOSI_CS                                    |MOSI_CS                                    
done_PD                                    |done_PD                                    
SCLK_PU                                    |SCLK_PU                                    
MISO_SL                                    |MISO_SL                                    
done_IE                                    |done_IE                                    
SCLK_PD                                    |SCLK_PD                                    
MISO_PU                                    |MISO_PU                                    
wb_done_SL                                 |wb_done_SL                                 
done_CS                                    |done_CS                                    
SCLK_OUT                                   |SCLK_OUT                                   
MISO_PD                                    |MISO_PD                                    
wb_done_PU                                 |wb_done_PU                                 
clk_PU                                     |clk_PU                                     
SCLK_OE                                    |SCLK_OE                                    
MISO_IE                                    |MISO_IE                                    
wb_done_PD                                 |wb_done_PD                                 
clk_PD                                     |clk_PD                                     
SCLK_CS                                    |SCLK_CS                                    
MISO_CS                                    |MISO_CS                                    
wb_done_IE                                 |wb_done_IE                                 
busy_SL                                    |busy_SL                                    
MOSI_SL                                    |MOSI_SL                                    
CS_N_SL                                    |CS_N_SL                                    
CS_N_CS                                    |CS_N_CS                                    
wb_done_CS                                 |wb_done_CS                                 
busy_PU                                    |busy_PU                                    
MOSI_PU                                    |MOSI_PU                                    
CS_N_PU                                    |CS_N_PU                                    
rst_n_PU                                   |rst_n_PU                                   
busy_PD                                    |busy_PD                                    
MOSI_PD                                    |MOSI_PD                                    
rst_n_PD                                   |rst_n_PD                                   
busy_IE                                    |busy_IE                                    
done_SL                                    |done_SL                                    
SCLK_IE                                    |SCLK_IE                                    
MOSI_IE                                    |MOSI_IE                                    
MISO_OE                                    |MISO_OE                                    
CS_N_IE                                    |CS_N_IE                                    
wb_done_OE                                 |wb_done_OE                                 
done_OE                                    |done_OE                                    
busy_OE                                    |busy_OE                                    
busy_OUT                                   |busy_OUT                                   
done_OUT                                   |done_OUT                                   
MISO_OUT                                   |MISO_OUT                                   
wb_done_OUT                                |wb_done_OUT                                
clk                                        |clk                                        
SCLK_IN                                    |SCLK_IN                                    
MOSI_IN                                    |MOSI_IN                                    
CS_N_IN                                    |CS_N_IN                                    
rst_n                                      |rst_n                                      
DVDD                                       |DVDD                                       
DVSS                                       |DVSS                                       
MISO_IN                                    |MISO_IN                                    
busy_IN                                    |busy_IN                                    
done_IN                                    |done_IN                                    
wb_done_IN                                 |wb_done_IN                                 
---------------------------------------------------------------------------------------
Cell pin lists are equivalent.
Device classes dla_engine_chip and dla_engine_chip are equivalent.

Final result: Circuits match uniquely.
.
