┏━━━━━━━━━━━━━━━━━━━━━━┳━━━━━━━━━━┳━━━━━━━━━━┳━━━━━━━━━━┳━━━━━━━━━━┳━━━━━━━━━━━┳━━━━━━━━━━┳━━━━━━━━━━━┳━━━━━━━━━━┳━━━━━━━━━━━┳━━━━━━━━━━┳━━━━━━━━━━━┳━━━━━━━━━━┓
┃                      ┃ Hold     ┃ Reg to   ┃          ┃          ┃ of which  ┃ Setup    ┃           ┃          ┃           ┃ of which ┃           ┃          ┃
┃                      ┃ Worst    ┃ Reg      ┃          ┃ Hold Vio ┃ reg to    ┃ Worst    ┃ Reg to    ┃ Setup    ┃ Setup Vio ┃ reg to   ┃ Max Cap   ┃ Max Slew ┃
┃ Corner/Group         ┃ Slack    ┃ Paths    ┃ Hold TNS ┃ Count    ┃ reg       ┃ Slack    ┃ Reg Paths ┃ TNS      ┃ Count     ┃ reg      ┃ Violatio… ┃ Violati… ┃
┡━━━━━━━━━━━━━━━━━━━━━━╇━━━━━━━━━━╇━━━━━━━━━━╇━━━━━━━━━━╇━━━━━━━━━━╇━━━━━━━━━━━╇━━━━━━━━━━╇━━━━━━━━━━━╇━━━━━━━━━━╇━━━━━━━━━━━╇━━━━━━━━━━╇━━━━━━━━━━━╇━━━━━━━━━━┩
│ Overall              │ 0.1167   │ 0.1167   │ 0.0000   │ 0        │ 0         │ 14.9795  │ 14.9795   │ 0.0000   │ 0         │ 0        │ 282       │ 636      │
│ nom_tt_025C_3v30     │ 0.2144   │ 0.2144   │ 0.0000   │ 0        │ 0         │ 24.5009  │ 24.5009   │ 0.0000   │ 0         │ 0        │ 213       │ 0        │
│ min_tt_025C_3v30     │ 0.2135   │ 0.2135   │ 0.0000   │ 0        │ 0         │ 24.7775  │ 24.7775   │ 0.0000   │ 0         │ 0        │ 169       │ 0        │
│ max_tt_025C_3v30     │ 0.2155   │ 0.2155   │ 0.0000   │ 0        │ 0         │ 24.1771  │ 24.1771   │ 0.0000   │ 0         │ 0        │ 275       │ 113      │
│ nom_ff_n40C_3v60     │ 0.1174   │ 0.1174   │ 0.0000   │ 0        │ 0         │ 29.0548  │ 29.0548   │ 0.0000   │ 0         │ 0        │ 204       │ 0        │
│ min_ff_n40C_3v60     │ 0.1167   │ 0.1167   │ 0.0000   │ 0        │ 0         │ 29.2829  │ 29.2829   │ 0.0000   │ 0         │ 0        │ 163       │ 0        │
│ max_ff_n40C_3v60     │ 0.1182   │ 0.1182   │ 0.0000   │ 0        │ 0         │ 28.7932  │ 28.7932   │ 0.0000   │ 0         │ 0        │ 268       │ 0        │
│ nom_ss_125C_3v00     │ 0.3660   │ 0.3660   │ 0.0000   │ 0        │ 0         │ 15.3630  │ 15.3630   │ 0.0000   │ 0         │ 0        │ 217       │ 273      │
│ min_ss_125C_3v00     │ 0.3648   │ 0.3648   │ 0.0000   │ 0        │ 0         │ 15.6928  │ 15.6928   │ 0.0000   │ 0         │ 0        │ 176       │ 174      │
│ max_ss_125C_3v00     │ 0.3674   │ 0.3674   │ 0.0000   │ 0        │ 0         │ 14.9795  │ 14.9795   │ 0.0000   │ 0         │ 0        │ 282       │ 636      │
└──────────────────────┴──────────┴──────────┴──────────┴──────────┴───────────┴──────────┴───────────┴──────────┴───────────┴──────────┴───────────┴──────────┘
