┏━━━━━━━┳━━━━━━━━━┳━━━━━━━━━━┳━━━━━━━━━━━━━━━━━━━━━━━━━━━━━━━━━━━━━━━━━━━━━━━━━━━┳━━━━━━━━━━━━━┳━━━━━━━━┓
┃ P / R ┃ Partial ┃ Required ┃ Net                                               ┃ Pin         ┃ Layer  ┃
┡━━━━━━━╇━━━━━━━━━╇━━━━━━━━━━╇━━━━━━━━━━━━━━━━━━━━━━━━━━━━━━━━━━━━━━━━━━━━━━━━━━━╇━━━━━━━━━━━━━╇━━━━━━━━┩
│ 1.74  │ 696.75  │ 400.00   │ net1351                                           │ _10988_/B   │ Metal4 │
│ 1.64  │ 654.68  │ 400.00   │ net1352                                           │ fanout774/A │ Metal4 │
│ 1.57  │ 627.45  │ 400.00   │ net342                                            │ fanout341/A │ Metal4 │
│ 1.33  │ 533.39  │ 400.00   │ net846                                            │ fanout800/A │ Metal4 │
│ 1.33  │ 533.06  │ 400.00   │ u_b_buffer.GEN_SRAM.GEN_B_COLS[0\].sram_q_raw[5\] │ fanout483/A │ Metal3 │
│ 1.30  │ 518.54  │ 400.00   │ net337                                            │ fanout333/A │ Metal4 │
│ 1.20  │ 478.61  │ 400.00   │ net902                                            │ _10962_/B   │ Metal3 │
│ 1.19  │ 477.70  │ 400.00   │ _01012_                                           │ _15919_/A   │ Metal4 │
│ 1.14  │ 454.30  │ 400.00   │ net907                                            │ _10917_/B   │ Metal4 │
│ 1.14  │ 454.30  │ 400.00   │ net907                                            │ _10978_/B   │ Metal4 │
│ 1.14  │ 454.30  │ 400.00   │ net907                                            │ _10987_/A   │ Metal4 │
│ 1.13  │ 450.48  │ 400.00   │ net769                                            │ _10942_/A   │ Metal4 │
│ 1.13  │ 450.48  │ 400.00   │ net769                                            │ _10951_/B   │ Metal4 │
│ 1.13  │ 450.48  │ 400.00   │ net769                                            │ _10974_/A   │ Metal4 │
│ 1.13  │ 450.48  │ 400.00   │ net780                                            │ _10915_/A   │ Metal4 │
│ 1.13  │ 450.48  │ 400.00   │ net780                                            │ _10978_/A   │ Metal4 │
│ 1.13  │ 450.48  │ 400.00   │ net780                                            │ _10987_/B   │ Metal4 │
│ 1.13  │ 450.42  │ 400.00   │ net781                                            │ _10936_/A   │ Metal4 │
│ 1.13  │ 450.42  │ 400.00   │ net781                                            │ _10945_/B   │ Metal4 │
│ 1.13  │ 450.42  │ 400.00   │ net781                                            │ _10968_/A   │ Metal4 │
│ 1.11  │ 445.99  │ 400.00   │ net904                                            │ _10920_/B   │ Metal4 │
│ 1.11  │ 445.99  │ 400.00   │ net904                                            │ _10981_/B   │ Metal4 │
│ 1.11  │ 445.99  │ 400.00   │ net904                                            │ _10990_/A   │ Metal4 │
│ 1.11  │ 445.94  │ 400.00   │ net903                                            │ _10921_/B   │ Metal4 │
│ 1.11  │ 445.94  │ 400.00   │ net903                                            │ _10982_/B   │ Metal4 │
│ 1.11  │ 445.94  │ 400.00   │ net903                                            │ _10991_/A   │ Metal4 │
│ 1.11  │ 445.53  │ 400.00   │ net906                                            │ _10918_/B   │ Metal4 │
│ 1.11  │ 445.53  │ 400.00   │ net906                                            │ _10979_/B   │ Metal4 │
│ 1.11  │ 445.53  │ 400.00   │ net906                                            │ _10988_/A   │ Metal4 │
│ 1.11  │ 445.17  │ 400.00   │ net905                                            │ _10919_/B   │ Metal4 │
│ 1.11  │ 445.17  │ 400.00   │ net905                                            │ _10980_/B   │ Metal4 │
│ 1.11  │ 445.17  │ 400.00   │ net905                                            │ _10989_/A   │ Metal4 │
│ 1.10  │ 441.35  │ 400.00   │ net908                                            │ _10916_/B   │ Metal4 │
│ 1.10  │ 441.35  │ 400.00   │ net908                                            │ _10977_/B   │ Metal4 │
│ 1.10  │ 441.35  │ 400.00   │ net908                                            │ _10986_/A   │ Metal4 │
│ 1.06  │ 423.25  │ 400.00   │ net220                                            │ fanout219/A │ Metal4 │
│ 1.03  │ 411.61  │ 400.00   │ net428                                            │ fanout426/A │ Metal3 │
│ 1.03  │ 410.54  │ 400.00   │ net1350                                           │ fanout768/A │ Metal3 │
└───────┴─────────┴──────────┴───────────────────────────────────────────────────┴─────────────┴────────┘
