┏━━━━━━━━━━━━━━━━━━━━━━┳━━━━━━━━━━┳━━━━━━━━━━┳━━━━━━━━━━┳━━━━━━━━━━┳━━━━━━━━━━━┳━━━━━━━━━━┳━━━━━━━━━━━┳━━━━━━━━━━┳━━━━━━━━━━━┳━━━━━━━━━━┳━━━━━━━━━━━┳━━━━━━━━━━┓
┃                      ┃ Hold     ┃ Reg to   ┃          ┃          ┃ of which  ┃ Setup    ┃           ┃          ┃           ┃ of which ┃           ┃          ┃
┃                      ┃ Worst    ┃ Reg      ┃          ┃ Hold Vio ┃ reg to    ┃ Worst    ┃ Reg to    ┃ Setup    ┃ Setup Vio ┃ reg to   ┃ Max Cap   ┃ Max Slew ┃
┃ Corner/Group         ┃ Slack    ┃ Paths    ┃ Hold TNS ┃ Count    ┃ reg       ┃ Slack    ┃ Reg Paths ┃ TNS      ┃ Count     ┃ reg      ┃ Violatio… ┃ Violati… ┃
┡━━━━━━━━━━━━━━━━━━━━━━╇━━━━━━━━━━╇━━━━━━━━━━╇━━━━━━━━━━╇━━━━━━━━━━╇━━━━━━━━━━━╇━━━━━━━━━━╇━━━━━━━━━━━╇━━━━━━━━━━╇━━━━━━━━━━━╇━━━━━━━━━━╇━━━━━━━━━━━╇━━━━━━━━━━┩
│ Overall              │ 0.1136   │ 0.1136   │ 0.0000   │ 0        │ 0         │ 16.4181  │ 16.4181   │ 0.0000   │ 0         │ 0        │ 137       │ 40       │
│ nom_tt_025C_3v30     │ 0.2156   │ 0.2156   │ 0.0000   │ 0        │ 0         │ 25.5768  │ 25.5768   │ 0.0000   │ 0         │ 0        │ 115       │ 0        │
│ min_tt_025C_3v30     │ 0.2129   │ 0.2129   │ 0.0000   │ 0        │ 0         │ 25.6942  │ 25.6942   │ 0.0000   │ 0         │ 0        │ 89        │ 0        │
│ max_tt_025C_3v30     │ 0.2189   │ 0.2189   │ 0.0000   │ 0        │ 0         │ 25.4341  │ 25.4341   │ 0.0000   │ 0         │ 0        │ 137       │ 0        │
│ nom_ff_n40C_3v60     │ 0.1158   │ 0.1158   │ 0.0000   │ 0        │ 0         │ 29.3437  │ 29.9426   │ 0.0000   │ 0         │ 0        │ 112       │ 0        │
│ min_ff_n40C_3v60     │ 0.1136   │ 0.1136   │ 0.0000   │ 0        │ 0         │ 29.3979  │ 30.0410   │ 0.0000   │ 0         │ 0        │ 84        │ 0        │
│ max_ff_n40C_3v60     │ 0.1183   │ 0.1183   │ 0.0000   │ 0        │ 0         │ 29.2770  │ 29.8223   │ 0.0000   │ 0         │ 0        │ 137       │ 0        │
│ nom_ss_125C_3v00     │ 0.3016   │ 0.3016   │ 0.0000   │ 0        │ 0         │ 16.5879  │ 16.5879   │ 0.0000   │ 0         │ 0        │ 115       │ 0        │
│ min_ss_125C_3v00     │ 0.2538   │ 0.2538   │ 0.0000   │ 0        │ 0         │ 16.7296  │ 16.7296   │ 0.0000   │ 0         │ 0        │ 95        │ 0        │
│ max_ss_125C_3v00     │ 0.3585   │ 0.3585   │ 0.0000   │ 0        │ 0         │ 16.4181  │ 16.4181   │ 0.0000   │ 0         │ 0        │ 137       │ 40       │
└──────────────────────┴──────────┴──────────┴──────────┴──────────┴───────────┴──────────┴───────────┴──────────┴───────────┴──────────┴───────────┴──────────┘
