┏━━━━━━━┳━━━━━━━━━┳━━━━━━━━━━┳━━━━━━━━━━━━━━━━━━━━━━━━━━━━━━━━━━━━━━━━━━━━━━━━━━━┳━━━━━━━━━━━━━┳━━━━━━━━┓
┃ P / R ┃ Partial ┃ Required ┃ Net                                               ┃ Pin         ┃ Layer  ┃
┡━━━━━━━╇━━━━━━━━━╇━━━━━━━━━━╇━━━━━━━━━━━━━━━━━━━━━━━━━━━━━━━━━━━━━━━━━━━━━━━━━━━╇━━━━━━━━━━━━━╇━━━━━━━━┩
│ 3.58  │ 1430.64 │ 400.00   │ net417                                            │ fanout414/A │ Metal4 │
│ 3.34  │ 1335.46 │ 400.00   │ k_idx[3\]                                         │ hold1353/A  │ Metal3 │
│ 3.28  │ 1311.52 │ 400.00   │ _02237_                                           │ _11247_/A   │ Metal2 │
│ 3.28  │ 1311.08 │ 400.00   │ _02019_                                           │ _11025_/A   │ Metal2 │
│ 3.17  │ 1267.25 │ 400.00   │ k_idx[4\]                                         │ hold1354/A  │ Metal3 │
│ 3.10  │ 1241.29 │ 400.00   │ _02325_                                           │ _11337_/D   │ Metal4 │
│ 3.07  │ 1226.44 │ 400.00   │ _02132_                                           │ _11140_/A   │ Metal4 │
│ 3.03  │ 1212.83 │ 400.00   │ u_a_buffer.GEN_SRAM.GEN_A_ROWS[2\].sram_q_raw[7\] │ fanout579/A │ Metal4 │
│ 3.03  │ 1212.83 │ 400.00   │ net912                                            │ _10958_/B   │ Metal4 │
│ 3.00  │ 1199.21 │ 400.00   │ _02072_                                           │ _11087_/D   │ Metal4 │
│ 3.00  │ 1199.21 │ 400.00   │ net909                                            │ _10961_/B   │ Metal4 │
│ 2.96  │ 1185.60 │ 400.00   │ u_a_buffer.GEN_SRAM.GEN_A_ROWS[2\].sram_q_raw[6\] │ fanout584/A │ Metal4 │
│ 2.93  │ 1171.99 │ 400.00   │ u_a_buffer.GEN_SRAM.GEN_A_ROWS[2\].sram_q_raw[5\] │ fanout590/A │ Metal4 │
│ 2.90  │ 1158.37 │ 400.00   │ u_a_buffer.GEN_SRAM.GEN_A_ROWS[2\].sram_q_raw[0\] │ fanout616/A │ Metal4 │
│ 2.45  │ 978.24  │ 400.00   │ net418                                            │ fanout413/A │ Metal2 │
│ 2.42  │ 969.99  │ 400.00   │ net466                                            │ fanout463/A │ Metal2 │
│ 2.22  │ 887.69  │ 400.00   │ net424                                            │ fanout421/A │ Metal2 │
│ 2.13  │ 853.13  │ 400.00   │ u_b_buffer.GEN_SRAM.GEN_B_COLS[0\].sram_q_raw[0\] │ fanout527/A │ Metal2 │
│ 2.09  │ 835.82  │ 400.00   │ net13                                             │ _10980_/B   │ Metal2 │
│ 2.08  │ 831.65  │ 400.00   │ u_b_buffer.GEN_SRAM.GEN_B_COLS[1\].sram_q_raw[5\] │ fanout448/A │ Metal4 │
│ 2.02  │ 808.76  │ 400.00   │ net14                                             │ _10981_/B   │ Metal2 │
│ 2.02  │ 808.76  │ 400.00   │ net785                                            │ _10987_/B   │ Metal2 │
│ 2.01  │ 805.66  │ 400.00   │ u_b_buffer.GEN_SRAM.GEN_B_COLS[1\].sram_q_raw[3\] │ fanout460/A │ Metal4 │
│ 2.01  │ 805.49  │ 400.00   │ u_b_buffer.GEN_SRAM.GEN_B_COLS[0\].sram_q_raw[1\] │ fanout519/A │ Metal4 │
│ 2.01  │ 804.42  │ 400.00   │ u_b_buffer.GEN_SRAM.GEN_B_COLS[0\].sram_q_raw[5\] │ fanout496/A │ Metal4 │
│ 1.99  │ 796.52  │ 400.00   │ net773                                            │ _10984_/A   │ Metal2 │
│ 1.94  │ 777.20  │ 400.00   │ net914                                            │ _10956_/B   │ Metal4 │
│ 1.92  │ 769.29  │ 400.00   │ net912                                            │ _10988_/A   │ Metal2 │
│ 1.91  │ 763.58  │ 400.00   │ _02002_                                           │ _11008_/A   │ Metal4 │
│ 1.91  │ 763.58  │ 400.00   │ u_b_buffer.GEN_SRAM.GEN_B_COLS[0\].sram_q_raw[3\] │ fanout509/A │ Metal4 │
│ 1.78  │ 710.04  │ 400.00   │ net908                                            │ _10974_/B   │ Metal3 │
│ 1.71  │ 683.14  │ 400.00   │ u_b_buffer.GEN_SRAM.GEN_B_COLS[1\].sram_q_raw[7\] │ fanout437/A │ Metal4 │
│ 1.70  │ 681.90  │ 400.00   │ u_a_buffer.GEN_SRAM.GEN_A_ROWS[3\].sram_q_raw[1\] │ fanout566/A │ Metal4 │
│ 1.67  │ 668.29  │ 400.00   │ u_b_buffer.GEN_SRAM.GEN_B_COLS[1\].sram_q_raw[5\] │ fanout445/A │ Metal4 │
│ 1.60  │ 641.06  │ 400.00   │ u_b_buffer.GEN_SRAM.GEN_B_COLS[1\].sram_q_raw[3\] │ fanout457/A │ Metal4 │
│ 1.57  │ 628.36  │ 400.00   │ _01012_                                           │ _18430_/B   │ Metal3 │
│ 1.57  │ 628.36  │ 400.00   │ _01012_                                           │ _20877_/A   │ Metal3 │
│ 1.57  │ 627.53  │ 400.00   │ net771                                            │ fanout754/A │ Metal4 │
│ 1.57  │ 627.53  │ 400.00   │ net771                                            │ fanout770/A │ Metal4 │
│ 1.55  │ 620.64  │ 400.00   │ net911                                            │ _10930_/B   │ Metal4 │
│ 1.55  │ 620.64  │ 400.00   │ net911                                            │ _10959_/B   │ Metal4 │
│ 1.53  │ 613.76  │ 400.00   │ net913                                            │ _10928_/B   │ Metal4 │
│ 1.53  │ 613.76  │ 400.00   │ net913                                            │ _10957_/B   │ Metal4 │
│ 1.50  │ 601.67  │ 400.00   │ net338                                            │ _18401_/A   │ Metal3 │
│ 1.50  │ 601.67  │ 400.00   │ net338                                            │ fanout337/A │ Metal3 │
│ 1.50  │ 600.14  │ 400.00   │ net910                                            │ _10931_/B   │ Metal4 │
│ 1.50  │ 600.14  │ 400.00   │ net910                                            │ _10960_/B   │ Metal4 │
│ 1.42  │ 566.35  │ 400.00   │ net782                                            │ _10917_/A   │ Metal4 │
│ 1.42  │ 566.35  │ 400.00   │ net782                                            │ _10970_/A   │ Metal4 │
│ 1.40  │ 559.38  │ 400.00   │ u_b_buffer.GEN_SRAM.GEN_B_COLS[3\].sram_q_raw[6\] │ fanout345/A │ Metal4 │
│ 1.30  │ 519.45  │ 400.00   │ net10                                             │ _10927_/B   │ Metal3 │
│ 1.28  │ 512.11  │ 400.00   │ net784                                            │ _10916_/A   │ Metal3 │
│ 1.28  │ 512.11  │ 400.00   │ net784                                            │ _10927_/A   │ Metal3 │
│ 1.15  │ 460.46  │ 400.00   │ net260                                            │ _12016_/A   │ Metal3 │
│ 1.15  │ 460.46  │ 400.00   │ net260                                            │ fanout254/A │ Metal3 │
│ 1.15  │ 460.46  │ 400.00   │ net260                                            │ fanout257/A │ Metal3 │
│ 1.13  │ 450.48  │ 400.00   │ net15                                             │ _10951_/A   │ Metal4 │
│ 1.09  │ 437.82  │ 400.00   │ u_b_buffer.GEN_SRAM.GEN_B_COLS[3\].sram_q_raw[7\] │ fanout340/A │ Metal3 │
│ 1.09  │ 437.77  │ 400.00   │ u_b_buffer.GEN_SRAM.GEN_B_COLS[3\].sram_q_raw[6\] │ fanout345/A │ Metal3 │
│ 1.09  │ 436.86  │ 400.00   │ net914                                            │ _10916_/B   │ Metal4 │
│ 1.07  │ 427.83  │ 400.00   │ net401                                            │ _12978_/B   │ Metal2 │
│ 1.06  │ 424.16  │ 400.00   │ c_bus[334\]                                       │ _11360_/B   │ Metal3 │
│ 1.06  │ 423.62  │ 400.00   │ net788                                            │ _10977_/A   │ Metal3 │
│ 1.06  │ 423.62  │ 400.00   │ net788                                            │ _10986_/B   │ Metal3 │
│ 1.06  │ 422.89  │ 400.00   │ net739                                            │ fanout731/A │ Metal4 │
│ 1.06  │ 422.89  │ 400.00   │ net739                                            │ fanout737/A │ Metal4 │
│ 1.06  │ 422.89  │ 400.00   │ net739                                            │ fanout738/A │ Metal4 │
│ 1.05  │ 419.24  │ 400.00   │ net910                                            │ _10971_/B   │ Metal2 │
│ 1.05  │ 418.96  │ 400.00   │ net16                                             │ _10992_/A   │ Metal2 │
│ 1.04  │ 417.59  │ 400.00   │ net776                                            │ _10992_/B   │ Metal2 │
│ 1.04  │ 415.18  │ 400.00   │ net913                                            │ _10987_/A   │ Metal2 │
│ 1.04  │ 415.18  │ 400.00   │ net1353                                           │ _10981_/A   │ Metal2 │
│ 1.02  │ 408.23  │ 400.00   │ net778                                            │ _10972_/A   │ Metal2 │
│ 1.02  │ 407.16  │ 400.00   │ net780                                            │ _10971_/A   │ Metal2 │
│ 1.00  │ 401.73  │ 400.00   │ net776                                            │ _10973_/A   │ Metal2 │
│ 1.00  │ 401.56  │ 400.00   │ net1352                                           │ _10980_/A   │ Metal2 │
│ 1.00  │ 400.03  │ 400.00   │ net911                                            │ _10970_/B   │ Metal2 │
└───────┴─────────┴──────────┴───────────────────────────────────────────────────┴─────────────┴────────┘
