┏━━━━━━━━━━━━━━━━━━━━━━┳━━━━━━━━━━┳━━━━━━━━━━┳━━━━━━━━━━┳━━━━━━━━━━┳━━━━━━━━━━━┳━━━━━━━━━━┳━━━━━━━━━━━┳━━━━━━━━━━┳━━━━━━━━━━━┳━━━━━━━━━━┳━━━━━━━━━━━┳━━━━━━━━━━┓
┃                      ┃ Hold     ┃ Reg to   ┃          ┃          ┃ of which  ┃ Setup    ┃           ┃          ┃           ┃ of which ┃           ┃          ┃
┃                      ┃ Worst    ┃ Reg      ┃          ┃ Hold Vio ┃ reg to    ┃ Worst    ┃ Reg to    ┃ Setup    ┃ Setup Vio ┃ reg to   ┃ Max Cap   ┃ Max Slew ┃
┃ Corner/Group         ┃ Slack    ┃ Paths    ┃ Hold TNS ┃ Count    ┃ reg       ┃ Slack    ┃ Reg Paths ┃ TNS      ┃ Count     ┃ reg      ┃ Violatio… ┃ Violati… ┃
┡━━━━━━━━━━━━━━━━━━━━━━╇━━━━━━━━━━╇━━━━━━━━━━╇━━━━━━━━━━╇━━━━━━━━━━╇━━━━━━━━━━━╇━━━━━━━━━━╇━━━━━━━━━━━╇━━━━━━━━━━╇━━━━━━━━━━━╇━━━━━━━━━━╇━━━━━━━━━━━╇━━━━━━━━━━┩
│ Overall              │ 0.1180   │ 0.1180   │ 0.0000   │ 0        │ 0         │ 12.3034  │ 12.3034   │ 0.0000   │ 0         │ 0        │ 433       │ 131      │
│ nom_tt_025C_3v30     │ 0.2230   │ 0.2230   │ 0.0000   │ 0        │ 0         │ 18.1662  │ 22.6846   │ 0.0000   │ 0         │ 0        │ 333       │ 36       │
│ min_tt_025C_3v30     │ 0.2196   │ 0.2196   │ 0.0000   │ 0        │ 0         │ 18.4265  │ 22.9325   │ 0.0000   │ 0         │ 0        │ 251       │ 16       │
│ max_tt_025C_3v30     │ 0.2266   │ 0.2266   │ 0.0000   │ 0        │ 0         │ 17.8223  │ 22.3902   │ 0.0000   │ 0         │ 0        │ 425       │ 36       │
│ nom_ff_n40C_3v60     │ 0.1204   │ 0.1204   │ 0.0000   │ 0        │ 0         │ 19.3245  │ 27.7234   │ 0.0000   │ 0         │ 0        │ 326       │ 0        │
│ min_ff_n40C_3v60     │ 0.1180   │ 0.1180   │ 0.0000   │ 0        │ 0         │ 19.5578  │ 27.9134   │ 0.0000   │ 0         │ 0        │ 240       │ 0        │
│ max_ff_n40C_3v60     │ 0.1237   │ 0.1237   │ 0.0000   │ 0        │ 0         │ 19.0515  │ 27.4990   │ 0.0000   │ 0         │ 0        │ 417       │ 0        │
│ nom_ss_125C_3v00     │ 0.3561   │ 0.3562   │ 0.0000   │ 0        │ 0         │ 12.6951  │ 12.6951   │ 0.0000   │ 0         │ 0        │ 339       │ 48       │
│ min_ss_125C_3v00     │ 0.3254   │ 0.3254   │ 0.0000   │ 0        │ 0         │ 13.0319  │ 13.0319   │ 0.0000   │ 0         │ 0        │ 260       │ 36       │
│ max_ss_125C_3v00     │ 0.3891   │ 0.3891   │ 0.0000   │ 0        │ 0         │ 12.3034  │ 12.3034   │ 0.0000   │ 0         │ 0        │ 433       │ 131      │
└──────────────────────┴──────────┴──────────┴──────────┴──────────┴───────────┴──────────┴───────────┴──────────┴───────────┴──────────┴───────────┴──────────┘
