┏━━━━━━━┳━━━━━━━━━┳━━━━━━━━━━┳━━━━━━━━━━━━━━━━━━━━━━━━━━━━━━━━━━━━━━━━━━━━━━━━━━━┳━━━━━━━━━━━━━━━━━━━━━━━━━━━━━━━━━━━━━━━━━━━━━━━━━━━━━━━┳━━━━━━━━┓
┃ P / R ┃ Partial ┃ Required ┃ Net                                               ┃ Pin                                                   ┃ Layer  ┃
┡━━━━━━━╇━━━━━━━━━╇━━━━━━━━━━╇━━━━━━━━━━━━━━━━━━━━━━━━━━━━━━━━━━━━━━━━━━━━━━━━━━━╇━━━━━━━━━━━━━━━━━━━━━━━━━━━━━━━━━━━━━━━━━━━━━━━━━━━━━━━╇━━━━━━━━┩
│ 2.02  │ 806.40  │ 400.00   │ net363                                            │ fanout359/A                                           │ Metal3 │
│ 1.81  │ 722.74  │ 400.00   │ net391                                            │ fanout387/A                                           │ Metal4 │
│ 1.59  │ 636.23  │ 400.00   │ net778                                            │ _10917_/A                                             │ Metal3 │
│ 1.59  │ 636.23  │ 400.00   │ net778                                            │ _10928_/A                                             │ Metal3 │
│ 1.57  │ 627.45  │ 400.00   │ net772                                            │ _10920_/A                                             │ Metal4 │
│ 1.44  │ 574.97  │ 400.00   │ net785                                            │ _10915_/B                                             │ Metal3 │
│ 1.43  │ 573.90  │ 400.00   │ net11                                             │ _10917_/B                                             │ Metal3 │
│ 1.43  │ 573.90  │ 400.00   │ net11                                             │ _10928_/B                                             │ Metal3 │
│ 1.43  │ 573.00  │ 400.00   │ _02062_                                           │ _11069_/A                                             │ Metal4 │
│ 1.34  │ 534.13  │ 400.00   │ net750                                            │ fanout749/A                                           │ Metal3 │
│ 1.34  │ 534.13  │ 400.00   │ net903                                            │ _10921_/B                                             │ Metal3 │
│ 1.33  │ 532.16  │ 400.00   │ _02098_                                           │ _11105_/D                                             │ Metal4 │
│ 1.33  │ 532.16  │ 400.00   │ _02169_                                           │ _11178_/D                                             │ Metal4 │
│ 1.26  │ 504.93  │ 400.00   │ _02044_                                           │ _11050_/A                                             │ Metal4 │
│ 1.22  │ 488.91  │ 400.00   │ net888                                            │ u_b_buffer.GEN_SRAM.GEN_B_COLS[1\].u_sram.u_sram/D[6] │ Metal4 │
│ 1.16  │ 465.00  │ 400.00   │ net909                                            │ _10947_/A                                             │ Metal3 │
│ 1.09  │ 437.77  │ 400.00   │ u_b_buffer.GEN_SRAM.GEN_B_COLS[0\].sram_q_raw[5\] │ fanout488/A                                           │ Metal3 │
│ 1.09  │ 437.77  │ 400.00   │ net884                                            │ fanout821/A                                           │ Metal3 │
│ 1.07  │ 427.38  │ 400.00   │ net906                                            │ _10919_/B                                             │ Metal4 │
│ 1.07  │ 427.38  │ 400.00   │ net906                                            │ _10980_/B                                             │ Metal4 │
│ 1.07  │ 427.38  │ 400.00   │ net906                                            │ _10989_/A                                             │ Metal4 │
│ 1.07  │ 427.38  │ 400.00   │ net910                                            │ _10916_/B                                             │ Metal4 │
│ 1.07  │ 427.38  │ 400.00   │ net910                                            │ _10977_/B                                             │ Metal4 │
│ 1.07  │ 427.38  │ 400.00   │ net910                                            │ _10986_/A                                             │ Metal4 │
│ 1.07  │ 427.02  │ 400.00   │ net908                                            │ _10918_/B                                             │ Metal4 │
│ 1.07  │ 427.02  │ 400.00   │ net908                                            │ _10979_/B                                             │ Metal4 │
│ 1.07  │ 427.02  │ 400.00   │ net908                                            │ _10988_/A                                             │ Metal4 │
│ 1.06  │ 423.19  │ 400.00   │ net904                                            │ _10920_/B                                             │ Metal4 │
│ 1.06  │ 423.19  │ 400.00   │ net904                                            │ _10981_/B                                             │ Metal4 │
│ 1.06  │ 423.19  │ 400.00   │ net904                                            │ _10990_/A                                             │ Metal4 │
│ 1.03  │ 411.61  │ 400.00   │ u_a_buffer.GEN_SRAM.GEN_A_ROWS[2\].sram_q_raw[4\] │ fanout590/A                                           │ Metal3 │
└───────┴─────────┴──────────┴───────────────────────────────────────────────────┴───────────────────────────────────────────────────────┴────────┘
