┏━━━━━━━━━━━━━━━━━━━━━━┳━━━━━━━━━━┳━━━━━━━━━━┳━━━━━━━━━━┳━━━━━━━━━━┳━━━━━━━━━━━┳━━━━━━━━━━┳━━━━━━━━━━━┳━━━━━━━━━━┳━━━━━━━━━━━┳━━━━━━━━━━┳━━━━━━━━━━━┳━━━━━━━━━━┓
┃                      ┃ Hold     ┃ Reg to   ┃          ┃          ┃ of which  ┃ Setup    ┃           ┃          ┃           ┃ of which ┃           ┃          ┃
┃                      ┃ Worst    ┃ Reg      ┃          ┃ Hold Vio ┃ reg to    ┃ Worst    ┃ Reg to    ┃ Setup    ┃ Setup Vio ┃ reg to   ┃ Max Cap   ┃ Max Slew ┃
┃ Corner/Group         ┃ Slack    ┃ Paths    ┃ Hold TNS ┃ Count    ┃ reg       ┃ Slack    ┃ Reg Paths ┃ TNS      ┃ Count     ┃ reg      ┃ Violatio… ┃ Violati… ┃
┡━━━━━━━━━━━━━━━━━━━━━━╇━━━━━━━━━━╇━━━━━━━━━━╇━━━━━━━━━━╇━━━━━━━━━━╇━━━━━━━━━━━╇━━━━━━━━━━╇━━━━━━━━━━━╇━━━━━━━━━━╇━━━━━━━━━━━╇━━━━━━━━━━╇━━━━━━━━━━━╇━━━━━━━━━━┩
│ Overall              │ 0.1176   │ 0.1176   │ 0.0000   │ 0        │ 0         │ 16.5566  │ 16.5566   │ 0.0000   │ 0         │ 0        │ 123       │ 44       │
│ nom_tt_025C_3v30     │ 0.2215   │ 0.2215   │ 0.0000   │ 0        │ 0         │ 25.6613  │ 25.6613   │ 0.0000   │ 0         │ 0        │ 89        │ 0        │
│ min_tt_025C_3v30     │ 0.2181   │ 0.2181   │ 0.0000   │ 0        │ 0         │ 25.8680  │ 25.8680   │ 0.0000   │ 0         │ 0        │ 69        │ 0        │
│ max_tt_025C_3v30     │ 0.2255   │ 0.2255   │ 0.0000   │ 0        │ 0         │ 25.4136  │ 25.4136   │ 0.0000   │ 0         │ 0        │ 119       │ 0        │
│ nom_ff_n40C_3v60     │ 0.1201   │ 0.1201   │ 0.0000   │ 0        │ 0         │ 29.2753  │ 29.9600   │ 0.0000   │ 0         │ 0        │ 88        │ 0        │
│ min_ff_n40C_3v60     │ 0.1176   │ 0.1176   │ 0.0000   │ 0        │ 0         │ 29.3354  │ 30.1255   │ 0.0000   │ 0         │ 0        │ 66        │ 0        │
│ max_ff_n40C_3v60     │ 0.1232   │ 0.1232   │ 0.0000   │ 0        │ 0         │ 29.2017  │ 29.7549   │ 0.0000   │ 0         │ 0        │ 118       │ 0        │
│ nom_ss_125C_3v00     │ 0.3793   │ 0.3793   │ 0.0000   │ 0        │ 0         │ 16.7522  │ 16.7522   │ 0.0000   │ 0         │ 0        │ 94        │ 30       │
│ min_ss_125C_3v00     │ 0.3748   │ 0.3748   │ 0.0000   │ 0        │ 0         │ 16.8766  │ 16.8767   │ 0.0000   │ 0         │ 0        │ 70        │ 20       │
│ max_ss_125C_3v00     │ 0.3830   │ 0.3830   │ 0.0000   │ 0        │ 0         │ 16.5566  │ 16.5566   │ 0.0000   │ 0         │ 0        │ 123       │ 44       │
└──────────────────────┴──────────┴──────────┴──────────┴──────────┴───────────┴──────────┴───────────┴──────────┴───────────┴──────────┴───────────┴──────────┘
