┏━━━━━━━┳━━━━━━━━━┳━━━━━━━━━━┳━━━━━━━━━━━━━━━━━━━━━━━━━━━━━━━━━━━━━━━━━━━━━━━━━━━┳━━━━━━━━━━━━━┳━━━━━━━━┓
┃ P / R ┃ Partial ┃ Required ┃ Net                                               ┃ Pin         ┃ Layer  ┃
┡━━━━━━━╇━━━━━━━━━╇━━━━━━━━━━╇━━━━━━━━━━━━━━━━━━━━━━━━━━━━━━━━━━━━━━━━━━━━━━━━━━━╇━━━━━━━━━━━━━╇━━━━━━━━┩
│ 1.85  │ 739.40  │ 400.00   │ net259                                            │ fanout254/A │ Metal3 │
│ 1.67  │ 669.20  │ 400.00   │ net762                                            │ _10963_/A   │ Metal3 │
│ 1.64  │ 656.12  │ 400.00   │ net901                                            │ _10917_/B   │ Metal3 │
│ 1.64  │ 656.12  │ 400.00   │ net901                                            │ _10928_/B   │ Metal3 │
│ 1.64  │ 655.91  │ 400.00   │ net898                                            │ _10920_/B   │ Metal4 │
│ 1.60  │ 641.06  │ 400.00   │ net899                                            │ _10989_/A   │ Metal4 │
│ 1.57  │ 627.45  │ 400.00   │ net897                                            │ _10991_/A   │ Metal4 │
│ 1.57  │ 627.45  │ 400.00   │ net898                                            │ _10990_/A   │ Metal4 │
│ 1.54  │ 615.81  │ 400.00   │ net900                                            │ _10918_/B   │ Metal3 │
│ 1.23  │ 493.29  │ 400.00   │ net485                                            │ fanout483/A │ Metal3 │
│ 1.19  │ 477.70  │ 400.00   │ _02292_                                           │ _11304_/A   │ Metal4 │
│ 1.13  │ 450.48  │ 400.00   │ _02248_                                           │ _11259_/A   │ Metal4 │
│ 1.13  │ 450.48  │ 400.00   │ u_a_buffer.GEN_SRAM.GEN_A_ROWS[0\].sram_q_raw[7\] │ fanout654/A │ Metal4 │
│ 1.11  │ 445.11  │ 400.00   │ net457                                            │ fanout453/A │ Metal3 │
│ 1.11  │ 445.11  │ 400.00   │ net457                                            │ fanout455/A │ Metal3 │
│ 1.10  │ 438.84  │ 400.00   │ net349                                            │ fanout348/A │ Metal3 │
│ 1.07  │ 429.38  │ 400.00   │ _02102_                                           │ _11110_/B   │ Metal2 │
│ 1.07  │ 428.14  │ 400.00   │ net775                                            │ _10935_/A   │ Metal4 │
│ 1.07  │ 428.14  │ 400.00   │ net775                                            │ _10944_/B   │ Metal4 │
│ 1.07  │ 428.14  │ 400.00   │ net775                                            │ _10967_/A   │ Metal4 │
│ 1.07  │ 427.43  │ 400.00   │ net765                                            │ _10940_/A   │ Metal4 │
│ 1.07  │ 427.43  │ 400.00   │ net765                                            │ _10949_/B   │ Metal4 │
│ 1.07  │ 427.43  │ 400.00   │ net765                                            │ _10972_/A   │ Metal4 │
│ 1.06  │ 424.16  │ 400.00   │ u_b_buffer.GEN_SRAM.GEN_B_COLS[3\].sram_q_raw[5\] │ fanout346/A │ Metal3 │
│ 1.06  │ 424.16  │ 400.00   │ u_b_buffer.GEN_SRAM.GEN_B_COLS[3\].sram_q_raw[5\] │ fanout349/A │ Metal3 │
│ 1.06  │ 424.02  │ 400.00   │ net764                                            │ _10941_/A   │ Metal4 │
│ 1.06  │ 424.02  │ 400.00   │ net764                                            │ _10950_/B   │ Metal4 │
│ 1.06  │ 424.02  │ 400.00   │ net764                                            │ _10973_/A   │ Metal4 │
│ 1.03  │ 410.83  │ 400.00   │ _01065_                                           │ _11844_/A   │ Metal5 │
│ 1.03  │ 410.83  │ 400.00   │ _01065_                                           │ _14310_/B   │ Metal5 │
│ 1.03  │ 410.83  │ 400.00   │ _01065_                                           │ _16822_/A   │ Metal5 │
│ 1.03  │ 410.83  │ 400.00   │ _01065_                                           │ _19277_/A   │ Metal5 │
└───────┴─────────┴──────────┴───────────────────────────────────────────────────┴─────────────┴────────┘
