┏━━━━━━━━━━━━━━━━━━━━━━┳━━━━━━━━━━┳━━━━━━━━━━┳━━━━━━━━━━┳━━━━━━━━━━┳━━━━━━━━━━━┳━━━━━━━━━━┳━━━━━━━━━━━┳━━━━━━━━━━┳━━━━━━━━━━━┳━━━━━━━━━━┳━━━━━━━━━━━┳━━━━━━━━━━┓
┃                      ┃ Hold     ┃ Reg to   ┃          ┃          ┃ of which  ┃ Setup    ┃           ┃          ┃           ┃ of which ┃           ┃          ┃
┃                      ┃ Worst    ┃ Reg      ┃          ┃ Hold Vio ┃ reg to    ┃ Worst    ┃ Reg to    ┃ Setup    ┃ Setup Vio ┃ reg to   ┃ Max Cap   ┃ Max Slew ┃
┃ Corner/Group         ┃ Slack    ┃ Paths    ┃ Hold TNS ┃ Count    ┃ reg       ┃ Slack    ┃ Reg Paths ┃ TNS      ┃ Count     ┃ reg      ┃ Violatio… ┃ Violati… ┃
┡━━━━━━━━━━━━━━━━━━━━━━╇━━━━━━━━━━╇━━━━━━━━━━╇━━━━━━━━━━╇━━━━━━━━━━╇━━━━━━━━━━━╇━━━━━━━━━━╇━━━━━━━━━━━╇━━━━━━━━━━╇━━━━━━━━━━━╇━━━━━━━━━━╇━━━━━━━━━━━╇━━━━━━━━━━┩
│ Overall              │ 0.1112   │ 0.1112   │ 0.0000   │ 0        │ 0         │ 15.6598  │ 15.6598   │ 0.0000   │ 0         │ 0        │ 128       │ 56       │
│ nom_tt_025C_3v30     │ 0.2117   │ 0.2117   │ 0.0000   │ 0        │ 0         │ 25.1589  │ 25.1589   │ 0.0000   │ 0         │ 0        │ 102       │ 0        │
│ min_tt_025C_3v30     │ 0.2095   │ 0.2095   │ 0.0000   │ 0        │ 0         │ 25.3057  │ 25.3057   │ 0.0000   │ 0         │ 0        │ 82        │ 0        │
│ max_tt_025C_3v30     │ 0.2142   │ 0.2142   │ 0.0000   │ 0        │ 0         │ 24.9827  │ 24.9827   │ 0.0000   │ 0         │ 0        │ 125       │ 14       │
│ nom_ff_n40C_3v60     │ 0.1129   │ 0.1129   │ 0.0000   │ 0        │ 0         │ 29.3188  │ 29.6709   │ 0.0000   │ 0         │ 0        │ 100       │ 0        │
│ min_ff_n40C_3v60     │ 0.1112   │ 0.1112   │ 0.0000   │ 0        │ 0         │ 29.3756  │ 29.7902   │ 0.0000   │ 0         │ 0        │ 80        │ 0        │
│ max_ff_n40C_3v60     │ 0.1150   │ 0.1150   │ 0.0000   │ 0        │ 0         │ 29.2259  │ 29.5299   │ 0.0000   │ 0         │ 0        │ 124       │ 0        │
│ nom_ss_125C_3v00     │ 0.3647   │ 0.3647   │ 0.0000   │ 0        │ 0         │ 15.8924  │ 15.8924   │ 0.0000   │ 0         │ 0        │ 103       │ 14       │
│ min_ss_125C_3v00     │ 0.3382   │ 0.3382   │ 0.0000   │ 0        │ 0         │ 16.0885  │ 16.0885   │ 0.0000   │ 0         │ 0        │ 82        │ 14       │
│ max_ss_125C_3v00     │ 0.3682   │ 0.3682   │ 0.0000   │ 0        │ 0         │ 15.6598  │ 15.6598   │ 0.0000   │ 0         │ 0        │ 128       │ 56       │
└──────────────────────┴──────────┴──────────┴──────────┴──────────┴───────────┴──────────┴───────────┴──────────┴───────────┴──────────┴───────────┴──────────┘
