┏━━━━━━━━━━━━━━━━━━━━━━┳━━━━━━━━━━┳━━━━━━━━━━┳━━━━━━━━━━┳━━━━━━━━━━┳━━━━━━━━━━━┳━━━━━━━━━━┳━━━━━━━━━━━┳━━━━━━━━━━┳━━━━━━━━━━━┳━━━━━━━━━━┳━━━━━━━━━━━┳━━━━━━━━━━┓
┃                      ┃ Hold     ┃ Reg to   ┃          ┃          ┃ of which  ┃ Setup    ┃           ┃          ┃           ┃ of which ┃           ┃          ┃
┃                      ┃ Worst    ┃ Reg      ┃          ┃ Hold Vio ┃ reg to    ┃ Worst    ┃ Reg to    ┃ Setup    ┃ Setup Vio ┃ reg to   ┃ Max Cap   ┃ Max Slew ┃
┃ Corner/Group         ┃ Slack    ┃ Paths    ┃ Hold TNS ┃ Count    ┃ reg       ┃ Slack    ┃ Reg Paths ┃ TNS      ┃ Count     ┃ reg      ┃ Violatio… ┃ Violati… ┃
┡━━━━━━━━━━━━━━━━━━━━━━╇━━━━━━━━━━╇━━━━━━━━━━╇━━━━━━━━━━╇━━━━━━━━━━╇━━━━━━━━━━━╇━━━━━━━━━━╇━━━━━━━━━━━╇━━━━━━━━━━╇━━━━━━━━━━━╇━━━━━━━━━━╇━━━━━━━━━━━╇━━━━━━━━━━┩
│ Overall              │ 0.1238   │ 0.1238   │ 0.0000   │ 0        │ 0         │ 12.5552  │ 12.5552   │ 0.0000   │ 0         │ 0        │ 462       │ 216      │
│ nom_tt_025C_3v30     │ 0.2286   │ 0.2286   │ 0.0000   │ 0        │ 0         │ 17.6925  │ 22.8293   │ 0.0000   │ 0         │ 0        │ 334       │ 17       │
│ min_tt_025C_3v30     │ 0.2262   │ 0.2262   │ 0.0000   │ 0        │ 0         │ 18.0420  │ 23.0809   │ 0.0000   │ 0         │ 0        │ 249       │ 16       │
│ max_tt_025C_3v30     │ 0.2314   │ 0.2314   │ 0.0000   │ 0        │ 0         │ 17.2794  │ 22.5286   │ 0.0000   │ 0         │ 0        │ 454       │ 51       │
│ nom_ff_n40C_3v60     │ 0.1257   │ 0.1257   │ 0.0000   │ 0        │ 0         │ 18.9332  │ 27.7904   │ 0.0000   │ 0         │ 0        │ 326       │ 16       │
│ min_ff_n40C_3v60     │ 0.1238   │ 0.1238   │ 0.0000   │ 0        │ 0         │ 19.2060  │ 27.9843   │ 0.0000   │ 0         │ 0        │ 240       │ 0        │
│ max_ff_n40C_3v60     │ 0.1279   │ 0.1279   │ 0.0000   │ 0        │ 0         │ 18.6050  │ 27.5528   │ 0.0000   │ 0         │ 0        │ 442       │ 17       │
│ nom_ss_125C_3v00     │ 0.3888   │ 0.3888   │ 0.0000   │ 0        │ 0         │ 12.8286  │ 12.9423   │ 0.0000   │ 0         │ 0        │ 340       │ 129      │
│ min_ss_125C_3v00     │ 0.3857   │ 0.3857   │ 0.0000   │ 0        │ 0         │ 13.0185  │ 13.2864   │ 0.0000   │ 0         │ 0        │ 264       │ 51       │
│ max_ss_125C_3v00     │ 0.3925   │ 0.3925   │ 0.0000   │ 0        │ 0         │ 12.5552  │ 12.5552   │ 0.0000   │ 0         │ 0        │ 462       │ 216      │
└──────────────────────┴──────────┴──────────┴──────────┴──────────┴───────────┴──────────┴───────────┴──────────┴───────────┴──────────┴───────────┴──────────┘
