┏━━━━━━━┳━━━━━━━━━┳━━━━━━━━━━┳━━━━━━━━━━━━━━━━━━━━━━━━━━━━━━━━━━━━━━━━━━━━━━━━━━━┳━━━━━━━━━━━━━┳━━━━━━━━┓
┃ P / R ┃ Partial ┃ Required ┃ Net                                               ┃ Pin         ┃ Layer  ┃
┡━━━━━━━╇━━━━━━━━━╇━━━━━━━━━━╇━━━━━━━━━━━━━━━━━━━━━━━━━━━━━━━━━━━━━━━━━━━━━━━━━━━╇━━━━━━━━━━━━━╇━━━━━━━━┩
│ 2.01  │ 805.39  │ 400.00   │ net365                                            │ fanout361/A │ Metal3 │
│ 1.67  │ 669.20  │ 400.00   │ net513                                            │ fanout511/A │ Metal3 │
│ 1.57  │ 627.45  │ 400.00   │ net787                                            │ _10936_/A   │ Metal4 │
│ 1.54  │ 614.91  │ 400.00   │ net914                                            │ _10969_/B   │ Metal4 │
│ 1.53  │ 614.00  │ 400.00   │ net787                                            │ _10926_/A   │ Metal4 │
│ 1.50  │ 600.22  │ 400.00   │ _02378_                                           │ _11391_/D   │ Metal4 │
│ 1.40  │ 560.29  │ 400.00   │ _02148_                                           │ _11156_/B   │ Metal3 │
│ 1.36  │ 542.52  │ 400.00   │ _02139_                                           │ _11148_/B   │ Metal2 │
│ 1.34  │ 537.98  │ 400.00   │ _02087_                                           │ _11094_/B   │ Metal2 │
│ 1.33  │ 533.06  │ 400.00   │ net716                                            │ _10876_/B   │ Metal3 │
│ 1.26  │ 504.93  │ 400.00   │ _02132_                                           │ _11140_/A   │ Metal4 │
│ 1.13  │ 452.45  │ 400.00   │ net838                                            │ fanout830/A │ Metal3 │
│ 1.09  │ 437.77  │ 400.00   │ u_a_buffer.GEN_SRAM.GEN_A_ROWS[3\].sram_q_raw[1\] │ fanout564/A │ Metal3 │
│ 1.02  │ 409.64  │ 400.00   │ u_a_buffer.GEN_SRAM.GEN_A_ROWS[3\].sram_q_raw[0\] │ fanout574/A │ Metal4 │
│ 1.01  │ 405.65  │ 400.00   │ net783                                            │ _10947_/B   │ Metal3 │
│ 1.01  │ 405.65  │ 400.00   │ net783                                            │ _10970_/A   │ Metal3 │
│ 1.01  │ 405.65  │ 400.00   │ net783                                            │ _10980_/A   │ Metal3 │
│ 1.01  │ 405.26  │ 400.00   │ net444                                            │ fanout440/A │ Metal5 │
│ 1.01  │ 405.26  │ 400.00   │ net444                                            │ fanout441/A │ Metal5 │
│ 1.01  │ 405.26  │ 400.00   │ net444                                            │ fanout442/A │ Metal5 │
│ 1.01  │ 405.26  │ 400.00   │ net444                                            │ fanout443/A │ Metal5 │
│ 1.01  │ 404.69  │ 400.00   │ net916                                            │ _10916_/B   │ Metal4 │
│ 1.01  │ 404.69  │ 400.00   │ net916                                            │ _10977_/B   │ Metal4 │
│ 1.01  │ 404.69  │ 400.00   │ net916                                            │ _10986_/A   │ Metal4 │
│ 1.00  │ 400.15  │ 400.00   │ net910                                            │ _10920_/B   │ Metal4 │
│ 1.00  │ 400.15  │ 400.00   │ net910                                            │ _10981_/B   │ Metal4 │
│ 1.00  │ 400.15  │ 400.00   │ net910                                            │ _10990_/A   │ Metal4 │
│ 1.00  │ 400.15  │ 400.00   │ net912                                            │ _10919_/B   │ Metal4 │
│ 1.00  │ 400.15  │ 400.00   │ net912                                            │ _10980_/B   │ Metal4 │
│ 1.00  │ 400.15  │ 400.00   │ net912                                            │ _10989_/A   │ Metal4 │
└───────┴─────────┴──────────┴───────────────────────────────────────────────────┴─────────────┴────────┘
