┏━━━━━━━━━━━━━━━━━━━━━━┳━━━━━━━━━━┳━━━━━━━━━━┳━━━━━━━━━━┳━━━━━━━━━━┳━━━━━━━━━━━┳━━━━━━━━━━┳━━━━━━━━━━━┳━━━━━━━━━━┳━━━━━━━━━━━┳━━━━━━━━━━┳━━━━━━━━━━━┳━━━━━━━━━━┓
┃                      ┃ Hold     ┃ Reg to   ┃          ┃          ┃ of which  ┃ Setup    ┃           ┃          ┃           ┃ of which ┃           ┃          ┃
┃                      ┃ Worst    ┃ Reg      ┃          ┃ Hold Vio ┃ reg to    ┃ Worst    ┃ Reg to    ┃ Setup    ┃ Setup Vio ┃ reg to   ┃ Max Cap   ┃ Max Slew ┃
┃ Corner/Group         ┃ Slack    ┃ Paths    ┃ Hold TNS ┃ Count    ┃ reg       ┃ Slack    ┃ Reg Paths ┃ TNS      ┃ Count     ┃ reg      ┃ Violatio… ┃ Violati… ┃
┡━━━━━━━━━━━━━━━━━━━━━━╇━━━━━━━━━━╇━━━━━━━━━━╇━━━━━━━━━━╇━━━━━━━━━━╇━━━━━━━━━━━╇━━━━━━━━━━╇━━━━━━━━━━━╇━━━━━━━━━━╇━━━━━━━━━━━╇━━━━━━━━━━╇━━━━━━━━━━━╇━━━━━━━━━━┩
│ Overall              │ 0.1230   │ 0.1230   │ 0.0000   │ 0        │ 0         │ 15.9966  │ 15.9966   │ 0.0000   │ 0         │ 0        │ 149       │ 71       │
│ nom_tt_025C_3v30     │ 0.2236   │ 0.2236   │ 0.0000   │ 0        │ 0         │ 25.2177  │ 25.2177   │ 0.0000   │ 0         │ 0        │ 104       │ 0        │
│ min_tt_025C_3v30     │ 0.2217   │ 0.2217   │ 0.0000   │ 0        │ 0         │ 25.4035  │ 25.4035   │ 0.0000   │ 0         │ 0        │ 77        │ 0        │
│ max_tt_025C_3v30     │ 0.2259   │ 0.2259   │ 0.0000   │ 0        │ 0         │ 24.9942  │ 24.9942   │ 0.0000   │ 0         │ 0        │ 145       │ 7        │
│ nom_ff_n40C_3v60     │ 0.1244   │ 0.1244   │ 0.0000   │ 0        │ 0         │ 29.2601  │ 29.6217   │ 0.0000   │ 0         │ 0        │ 100       │ 0        │
│ min_ff_n40C_3v60     │ 0.1230   │ 0.1230   │ 0.0000   │ 0        │ 0         │ 29.3245  │ 29.7698   │ 0.0000   │ 0         │ 0        │ 73        │ 0        │
│ max_ff_n40C_3v60     │ 0.1261   │ 0.1261   │ 0.0000   │ 0        │ 0         │ 29.1801  │ 29.4451   │ 0.0000   │ 0         │ 0        │ 142       │ 0        │
│ nom_ss_125C_3v00     │ 0.3791   │ 0.3791   │ 0.0000   │ 0        │ 0         │ 16.2667  │ 16.2667   │ 0.0000   │ 0         │ 0        │ 105       │ 49       │
│ min_ss_125C_3v00     │ 0.3765   │ 0.3765   │ 0.0000   │ 0        │ 0         │ 16.4996  │ 16.4996   │ 0.0000   │ 0         │ 0        │ 78        │ 31       │
│ max_ss_125C_3v00     │ 0.3821   │ 0.3821   │ 0.0000   │ 0        │ 0         │ 15.9966  │ 15.9966   │ 0.0000   │ 0         │ 0        │ 149       │ 71       │
└──────────────────────┴──────────┴──────────┴──────────┴──────────┴───────────┴──────────┴───────────┴──────────┴───────────┴──────────┴───────────┴──────────┘
